<html>
<body>
<pre>
<h1>礦ision Build Log</h1>
<h2>Tool Versions:</h2>
IDE-Version: μVision V5.14.0.0
Copyright (C) 2015 ARM Ltd and ARM Germany GmbH. All rights reserved.
License Information: cxsc 顾影_, 大V, LIC=UB412-9H10J-77CRP-MD3T8-HVEYL-KW1C4
 
Tool Versions:
Toolchain:       MDK-ARM Professional  Version: 5.14.0.0
Toolchain Path:  G:\Keil_v5\ARM\ARMCC\Bin
C Compiler:      Armcc.exe V5.05 update 1 (build 106)
Assembler:       Armasm.exe V5.05 update 1 (build 106)
Linker/Locator:  ArmLink.exe V5.05 update 1 (build 106)
Library Manager: ArmAr.exe V5.05 update 1 (build 106)
Hex Converter:   FromElf.exe V5.05 update 1 (build 106)
CPU DLL:         SARMCM3.DLL V5.14.0.0
Dialog DLL:      DARMCM1.DLL V1.12.0.0
Target DLL:      STLink\ST-LINKIII-KEIL_SWO.dll V2.0.14.0_KEIL
Dialog DLL:      TARMCM1.DLL V1.9.0.0
 
<h2>Project:</h2>
D:\Users\顾影_\Desktop\Direction-module-of-unmanned-vehicle\Project\MDK-ARM\GY_86_demo.uvprojx
Project File Date:  03/30/2018

<h2>Output:</h2>
Build target 'Target 1'
compiling mpu6050.c...
compiling receivedata.c...
..\..\BSP\receivedata.c(16): warning:  #167-D: argument of type "u8 *" is incompatible with parameter of type "const char *"
                memset(RxBuff,0, strlen(RxBuff) );
..\..\BSP\receivedata.c(47): warning:  #167-D: argument of type "u8 *" is incompatible with parameter of type "const char *"
        if(!strcmp(Buff,"acc"))
..\..\BSP\receivedata.c(51): warning:  #167-D: argument of type "u8 *" is incompatible with parameter of type "const char *"
        else if(!strcmp(Buff,"gyro"))
..\..\BSP\receivedata.c(55): warning:  #167-D: argument of type "u8 *" is incompatible with parameter of type "const char *"
        else if(!strcmp(Buff,"mag"))
..\..\BSP\receivedata.c(59): warning:  #167-D: argument of type "u8 *" is incompatible with parameter of type "const char *"
        else if(!strcmp(Buff,"over"))
..\..\BSP\receivedata.c: 5 warnings, 0 errors
linking...
Program Size: Code=19920 RO-data=768 RW-data=152 ZI-data=2000  
FromELF: creating hex file...
".\Objects\GY_86_demo.axf" - 0 Error(s), 5 Warning(s).

<h2>Collection of Component include folders:</h2>
  D:\Users\顾影_\Desktop\Direction-module-of-unmanned-vehicle\Project\MDK-ARM\RTE
  G:\Keil_v5\ARM\PACK\Keil\STM32F0xx_DFP\2.0.0

<h2>Collection of Component Files used:</h2>
</pre>
</body>
</html>
