Component: ARM Compiler 5.05 update 1 (build 106) Tool: armlink [4d0efa]

==============================================================================

Section Cross References

    startup_stm32f072.o(STACK) refers (Special) to heapauxi.o(.text) for __use_two_region_memory
    startup_stm32f072.o(HEAP) refers (Special) to heapauxi.o(.text) for __use_two_region_memory
    startup_stm32f072.o(RESET) refers (Special) to heapauxi.o(.text) for __use_two_region_memory
    startup_stm32f072.o(RESET) refers to startup_stm32f072.o(STACK) for __initial_sp
    startup_stm32f072.o(RESET) refers to startup_stm32f072.o(.text) for Reset_Handler
    startup_stm32f072.o(RESET) refers to stm32f0xx_it.o(i.NMI_Handler) for NMI_Handler
    startup_stm32f072.o(RESET) refers to stm32f0xx_it.o(i.HardFault_Handler) for HardFault_Handler
    startup_stm32f072.o(RESET) refers to stm32f0xx_it.o(i.SVC_Handler) for SVC_Handler
    startup_stm32f072.o(RESET) refers to stm32f0xx_it.o(i.PendSV_Handler) for PendSV_Handler
    startup_stm32f072.o(RESET) refers to stm32f0xx_it.o(i.SysTick_Handler) for SysTick_Handler
    startup_stm32f072.o(RESET) refers to timer.o(i.TIM2_IRQHandler) for TIM2_IRQHandler
    startup_stm32f072.o(RESET) refers to usart.o(i.USART1_IRQHandler) for USART1_IRQHandler
    startup_stm32f072.o(RESET) refers to usart.o(i.USART2_IRQHandler) for USART2_IRQHandler
    startup_stm32f072.o(.text) refers (Special) to heapauxi.o(.text) for __use_two_region_memory
    startup_stm32f072.o(.text) refers to system_stm32f0xx.o(i.SystemInit) for SystemInit
    startup_stm32f072.o(.text) refers to __main.o(!!!main) for __main
    startup_stm32f072.o(.text) refers to startup_stm32f072.o(HEAP) for Heap_Mem
    startup_stm32f072.o(.text) refers to startup_stm32f072.o(STACK) for Stack_Mem
    system_stm32f0xx.o(i.SystemCoreClockUpdate) refers to aeabi_sdiv.o(.text) for __aeabi_uidivmod
    system_stm32f0xx.o(i.SystemCoreClockUpdate) refers to system_stm32f0xx.o(.data) for SystemCoreClock
    system_stm32f0xx.o(i.SystemInit) refers to system_stm32f0xx.o(i.SetSysClock) for SetSysClock
    stm32f0xx_cec.o(i.CEC_DeInit) refers to stm32f0xx_rcc.o(i.RCC_APB1PeriphResetCmd) for RCC_APB1PeriphResetCmd
    stm32f0xx_crs.o(i.CRS_DeInit) refers to stm32f0xx_rcc.o(i.RCC_APB1PeriphResetCmd) for RCC_APB1PeriphResetCmd
    stm32f0xx_dac.o(i.DAC_DeInit) refers to stm32f0xx_rcc.o(i.RCC_APB1PeriphResetCmd) for RCC_APB1PeriphResetCmd
    stm32f0xx_flash.o(i.FLASH_EraseAllPages) refers to stm32f0xx_flash.o(i.FLASH_WaitForLastOperation) for FLASH_WaitForLastOperation
    stm32f0xx_flash.o(i.FLASH_ErasePage) refers to stm32f0xx_flash.o(i.FLASH_WaitForLastOperation) for FLASH_WaitForLastOperation
    stm32f0xx_flash.o(i.FLASH_OB_BOOT0Config) refers to stm32f0xx_flash.o(i.FLASH_WaitForLastOperation) for FLASH_WaitForLastOperation
    stm32f0xx_flash.o(i.FLASH_OB_BOOT0SWConfig) refers to stm32f0xx_flash.o(i.FLASH_WaitForLastOperation) for FLASH_WaitForLastOperation
    stm32f0xx_flash.o(i.FLASH_OB_BOOTConfig) refers to stm32f0xx_flash.o(i.FLASH_WaitForLastOperation) for FLASH_WaitForLastOperation
    stm32f0xx_flash.o(i.FLASH_OB_EnableWRP) refers to stm32f0xx_flash.o(i.FLASH_WaitForLastOperation) for FLASH_WaitForLastOperation
    stm32f0xx_flash.o(i.FLASH_OB_Erase) refers to stm32f0xx_flash.o(i.FLASH_OB_GetRDP) for FLASH_OB_GetRDP
    stm32f0xx_flash.o(i.FLASH_OB_Erase) refers to stm32f0xx_flash.o(i.FLASH_WaitForLastOperation) for FLASH_WaitForLastOperation
    stm32f0xx_flash.o(i.FLASH_OB_ProgramData) refers to stm32f0xx_flash.o(i.FLASH_WaitForLastOperation) for FLASH_WaitForLastOperation
    stm32f0xx_flash.o(i.FLASH_OB_RDPConfig) refers to stm32f0xx_flash.o(i.FLASH_WaitForLastOperation) for FLASH_WaitForLastOperation
    stm32f0xx_flash.o(i.FLASH_OB_SRAMParityConfig) refers to stm32f0xx_flash.o(i.FLASH_WaitForLastOperation) for FLASH_WaitForLastOperation
    stm32f0xx_flash.o(i.FLASH_OB_UserConfig) refers to stm32f0xx_flash.o(i.FLASH_WaitForLastOperation) for FLASH_WaitForLastOperation
    stm32f0xx_flash.o(i.FLASH_OB_VDDAConfig) refers to stm32f0xx_flash.o(i.FLASH_WaitForLastOperation) for FLASH_WaitForLastOperation
    stm32f0xx_flash.o(i.FLASH_OB_WriteUser) refers to stm32f0xx_flash.o(i.FLASH_WaitForLastOperation) for FLASH_WaitForLastOperation
    stm32f0xx_flash.o(i.FLASH_ProgramHalfWord) refers to stm32f0xx_flash.o(i.FLASH_WaitForLastOperation) for FLASH_WaitForLastOperation
    stm32f0xx_flash.o(i.FLASH_ProgramWord) refers to stm32f0xx_flash.o(i.FLASH_WaitForLastOperation) for FLASH_WaitForLastOperation
    stm32f0xx_flash.o(i.FLASH_WaitForLastOperation) refers to stm32f0xx_flash.o(i.FLASH_GetStatus) for FLASH_GetStatus
    stm32f0xx_gpio.o(i.GPIO_DeInit) refers to stm32f0xx_rcc.o(i.RCC_AHBPeriphResetCmd) for RCC_AHBPeriphResetCmd
    stm32f0xx_i2c.o(i.I2C_DeInit) refers to stm32f0xx_rcc.o(i.RCC_APB1PeriphResetCmd) for RCC_APB1PeriphResetCmd
[...]
    .ARM.Collect$$rtentry$$0000000D          0x08000184   Section        8  __rtentry2.o(.ARM.Collect$$rtentry$$0000000D)
    .ARM.Collect$$rtexit$$00000000           0x0800018c   Section        2  rtexit.o(.ARM.Collect$$rtexit$$00000000)
    .ARM.Collect$$rtexit$$00000002           0x0800018e   Section        0  rtexit2.o(.ARM.Collect$$rtexit$$00000002)
    .ARM.Collect$$rtexit$$00000003           0x0800018e   Section        4  rtexit2.o(.ARM.Collect$$rtexit$$00000003)
    .ARM.Collect$$rtexit$$00000004           0x08000192   Section        6  rtexit2.o(.ARM.Collect$$rtexit$$00000004)
    .text                                    0x08000198   Section       56  startup_stm32f072.o(.text)
    .text                                    0x080001d0   Section        0  noretval__2sprintf.o(.text)
    .text                                    0x080001f8   Section        0  _printf_pad.o(.text)
    .text                                    0x08000248   Section        0  _printf_dec.o(.text)
    .text                                    0x080002b4   Section        0  __printf_wp.o(.text)
    .text                                    0x080003c4   Section        0  __0sscanf.o(.text)
    .text                                    0x08000404   Section        0  _scanf_int.o(.text)
    .text                                    0x08000550   Section        0  strlen.o(.text)
    .text                                    0x08000594   Section        0  rt_memclr.o(.text)
    .text                                    0x080005d4   Section        0  strcmp.o(.text)
    .text                                    0x0800065c   Section      346  aeabi_sdiv.o(.text)
    .text                                    0x080007b6   Section        0  heapauxi.o(.text)
    .text                                    0x080007bc   Section        0  d2f.o(.text)
    .text                                    0x08000838   Section        0  daddsub.o(.text)
    _dadd1                                   0x08000839   Thumb Code   290  daddsub.o(.text)
    _dsub1                                   0x0800095b   Thumb Code   470  daddsub.o(.text)
    .text                                    0x08000b90   Section        0  ddiv.o(.text)
    .text                                    0x08000fd8   Section        0  dfixi.o(.text)
    .text                                    0x08001044   Section        0  dfixui.o(.text)
    .text                                    0x0800108c   Section        0  dflti.o(.text)
    .text                                    0x080010e4   Section        0  dmul.o(.text)
    .text                                    0x0800132c   Section        0  f2d.o(.text)
    .text                                    0x08001380   Section        0  ffixi.o(.text)
    .text                                    0x080013cc   Section        0  fflti.o(.text)
    .text                                    0x0800142a   Section        0  _rserrno.o(.text)
    .text                                    0x08001440   Section        0  _printf_intcommon.o(.text)
    .text                                    0x080014f0   Section        0  _printf_fp_dec.o(.text)
    _fp_digits                               0x080014f3   Thumb Code   408  _printf_fp_dec.o(.text)
    .text                                    0x08001904   Section        0  _printf_char_common.o(.text)
    _printf_input_char                       0x08001905   Thumb Code    10  _printf_char_common.o(.text)
    .text                                    0x08001934   Section        0  _sputc.o(.text)
    .text                                    0x0800193e   Section        0  _chval.o(.text)
    .text                                    0x0800195c   Section        0  scanf_char.o(.text)
    _scanf_char_input                        0x0800195d   Thumb Code    12  scanf_char.o(.text)
    .text                                    0x0800198c   Section        0  _sgetc.o(.text)
    .text                                    0x080019d0   Section        0  rtudiv10.o(.text)
    .text                                    0x080019f8   Section        0  dscalbn.o(.text)
    .text                                    0x08001a58   Section        0  dsqrt.o(.text)
    .text                                    0x08001b58   Section        0  fcmpin.o(.text)
    .text                                    0x08001bbc   Section        8  rt_locale_intlibspace.o(.text)
    .text                                    0x08001bc4   Section        8  rt_errno_addr_intlibspace.o(.text)
    .text                                    0x08001bcc   Section        0  lludiv10.o(.text)
    .text                                    0x08001c46   Section        0  isspace.o(.text)
    .text                                    0x08001c58   Section        0  _printf_fp_infnan.o(.text)
    .text                                    0x08001ce0   Section        0  _scanf.o(.text)
    .text                                    0x08002060   Section        0  bigflt0.o(.text)
    .text                                    0x08002128   Section        0  btod.o(.text)
    btod_internal_mul                        0x08002169   Thumb Code   456  btod.o(.text)
    btod_internal_div                        0x08002331   Thumb Code   494  btod.o(.text)
    .text                                    0x080025d0   Section        0  cmpret.o(.text)
    .text                                    0x08002600   Section        0  fnan2.o(.text)
    .text                                    0x08002610   Section        8  libspace.o(.text)
    .text                                    0x08002618   Section       62  sys_stackheap_outer.o(.text)
    .text                                    0x08002658   Section       16  rt_ctype_table.o(.text)
    .text                                    0x08002668   Section        0  exit.o(.text)
    .text                                    0x08002674   Section        0  retnan.o(.text)
    .text                                    0x080026d4   Section        0  sys_exit.o(.text)
    .text                                    0x080026e0   Section        2  use_no_semi.o(.text)
    .text                                    0x080026e2   Section        0  indicate_semi.o(.text)
    i.Acc_Offest_Read                        0x080026e4   Section        0  stmflash.o(i.Acc_Offest_Read)
    i.Acc_Offest_write                       0x0800275c   Section        0  stmflash.o(i.Acc_Offest_write)
    i.FLASH_ErasePage                        0x080027a0   Section        0  stm32f0xx_flash.o(i.FLASH_ErasePage)
    i.FLASH_GetStatus                        0x080027ec   Section        0  stm32f0xx_flash.o(i.FLASH_GetStatus)
    i.FLASH_Lock                             0x08002828   Section        0  stm32f0xx_flash.o(i.FLASH_Lock)
    i.FLASH_ProgramHalfWord                  0x0800283c   Section        0  stm32f0xx_flash.o(i.FLASH_ProgramHalfWord)
    i.FLASH_Unlock                           0x08002880   Section        0  stm32f0xx_flash.o(i.FLASH_Unlock)
    i.FLASH_WaitForLastOperation             0x080028a4   Section        0  stm32f0xx_flash.o(i.FLASH_WaitForLastOperation)
    i.GPIO_Init                              0x080028cc   Section        0  stm32f0xx_gpio.o(i.GPIO_Init)
    i.GPIO_PinAFConfig                       0x0800295c   Section        0  stm32f0xx_gpio.o(i.GPIO_PinAFConfig)
    i.Get_Attitude                           0x080029a0   Section        0  imu.o(i.Get_Attitude)
    i.Gyro_Offest_Read                       0x08002a3c   Section        0  stmflash.o(i.Gyro_Offest_Read)
    i.Gyro_Offest_write                      0x08002ab4   Section        0  stmflash.o(i.Gyro_Offest_write)
    i.HMC5883L_Save_Calib                    0x08002af8   Section        0  hmc5883l.o(i.HMC5883L_Save_Calib)
    i.HMC5883L_Start_Calib                   0x08002b44   Section        0  hmc5883l.o(i.HMC5883L_Start_Calib)
    i.HardFault_Handler                      0x08002bfc   Section        0  stm32f0xx_it.o(i.HardFault_Handler)
    i.I2C_Configuration                      0x08002c00   Section        0  i2c.o(i.I2C_Configuration)
    i.I2C_ReceiveByte                        0x08002c4c   Section        0  i2c.o(i.I2C_ReceiveByte)
    I2C_ReceiveByte                          0x08002c4d   Thumb Code    78  i2c.o(i.I2C_ReceiveByte)
    i.I2C_SendByte                           0x08002ca0   Section        0  i2c.o(i.I2C_SendByte)
    I2C_SendByte                             0x08002ca1   Thumb Code    80  i2c.o(i.I2C_SendByte)
    i.I2C_Start                              0x08002cf4   Section        0  i2c.o(i.I2C_Start)
    I2C_Start                                0x08002cf5   Thumb Code    86  i2c.o(i.I2C_Start)
    i.I2C_Stop                               0x08002d50   Section        0  i2c.o(i.I2C_Stop)
    I2C_Stop                                 0x08002d51   Thumb Code    48  i2c.o(i.I2C_Stop)
    i.I2C_WaitAck                            0x08002d84   Section        0  i2c.o(i.I2C_WaitAck)
    I2C_WaitAck                              0x08002d85   Thumb Code    70  i2c.o(i.I2C_WaitAck)
    i.I2C_delay                              0x08002dd0   Section        0  i2c.o(i.I2C_delay)
    I2C_delay                                0x08002dd1   Thumb Code    14  i2c.o(i.I2C_delay)
    i.IIC_ADD_read                           0x08002dde   Section        0  i2c.o(i.IIC_ADD_read)
    i.IIC_ADD_write                          0x08002e1a   Section        0  i2c.o(i.IIC_ADD_write)
    i.IMUupdate                              0x08002e50   Section        0  imu.o(i.IMUupdate)
    i.Init_HMC5883L                          0x08003788   Section        0  hmc5883l.o(i.Init_HMC5883L)
    i.KalmanFilter_x                         0x080037e0   Section        0  mpu6050.o(i.KalmanFilter_x)
    KalmanFilter_x                           0x080037e1   Thumb Code   168  mpu6050.o(i.KalmanFilter_x)
    i.KalmanFilter_y                         0x08003894   Section        0  mpu6050.o(i.KalmanFilter_y)
    KalmanFilter_y                           0x08003895   Thumb Code   168  mpu6050.o(i.KalmanFilter_y)
    i.KalmanFilter_z                         0x08003948   Section        0  mpu6050.o(i.KalmanFilter_z)
    KalmanFilter_z                           0x08003949   Thumb Code   168  mpu6050.o(i.KalmanFilter_z)
    i.LEDXToggle                             0x080039fc   Section        0  led.o(i.LEDXToggle)
    i.LED_GPIO_Config                        0x08003a38   Section        0  led.o(i.LED_GPIO_Config)
    i.LPF_1st                                0x08003aa8   Section        0  mpu6050.o(i.LPF_1st)
    i.MPU_Acc_Offset                         0x08003ad8   Section        0  mpu6050.o(i.MPU_Acc_Offset)
    i.MPU_Gyro_Offset                        0x08003b9c   Section        0  mpu6050.o(i.MPU_Gyro_Offset)
    i.MPU_Init                               0x08003c74   Section        0  mpu6050.o(i.MPU_Init)
    i.MPU_Read                               0x08003cd4   Section        0  mpu6050.o(i.MPU_Read)
    i.MPU_Updata                             0x08003d84   Section        0  mpu6050.o(i.MPU_Updata)
    i.Mag_Offest_Read                        0x08003f04   Section        0  stmflash.o(i.Mag_Offest_Read)
    i.Mag_Offest_write                       0x08003f7c   Section        0  stmflash.o(i.Mag_Offest_write)
    i.Multiple_Read_HMC5883L                 0x08003fc0   Section        0  hmc5883l.o(i.Multiple_Read_HMC5883L)
    i.NMI_Handler                            0x080040e0   Section        0  stm32f0xx_it.o(i.NMI_Handler)
    i.NVIC_Init                              0x080040e4   Section        0  stm32f0xx_misc.o(i.NVIC_Init)
    i.NVIC_SetPriority                       0x08004154   Section        0  systick.o(i.NVIC_SetPriority)
    NVIC_SetPriority                         0x08004155   Thumb Code   110  systick.o(i.NVIC_SetPriority)
    i.PendSV_Handler                         0x080041cc   Section        0  stm32f0xx_it.o(i.PendSV_Handler)
    i.Prepare_Data                           0x080041d0   Section        0  mpu6050.o(i.Prepare_Data)
    i.RCC_AHBPeriphClockCmd                  0x08004324   Section        0  stm32f0xx_rcc.o(i.RCC_AHBPeriphClockCmd)
    i.RCC_APB1PeriphClockCmd                 0x08004344   Section        0  stm32f0xx_rcc.o(i.RCC_APB1PeriphClockCmd)
    i.RCC_APB2PeriphClockCmd                 0x08004364   Section        0  stm32f0xx_rcc.o(i.RCC_APB2PeriphClockCmd)
    i.RCC_GetClocksFreq                      0x08004384   Section        0  stm32f0xx_rcc.o(i.RCC_GetClocksFreq)
    i.ReceiveData                            0x08004574   Section        0  receivedata.o(i.ReceiveData)
    i.STMFLASH_Read                          0x08004608   Section        0  stmflash.o(i.STMFLASH_Read)
    i.STMFLASH_ReadHalfWord                  0x0800462a   Section        0  stmflash.o(i.STMFLASH_ReadHalfWord)
    i.STMFLASH_Write                         0x08004630   Section        0  stmflash.o(i.STMFLASH_Write)
    i.STMFLASH_Write_NoCheck                 0x08004738   Section        0  stmflash.o(i.STMFLASH_Write_NoCheck)
    i.SVC_Handler                            0x0800475a   Section        0  stm32f0xx_it.o(i.SVC_Handler)
    i.SYSTICK_Init                           0x0800475c   Section        0  systick.o(i.SYSTICK_Init)
    i.SetSysClock                            0x080047a8   Section        0  system_stm32f0xx.o(i.SetSysClock)
    SetSysClock                              0x080047a9   Thumb Code   206  system_stm32f0xx.o(i.SetSysClock)
    i.SysTick_Handler                        0x08004880   Section        0  stm32f0xx_it.o(i.SysTick_Handler)
    i.SystemInit                             0x08004898   Section        0  system_stm32f0xx.o(i.SystemInit)
    i.TIM2_Config                            0x08004914   Section        0  timer.o(i.TIM2_Config)
    i.TIM2_IRQHandler                        0x08004968   Section        0  timer.o(i.TIM2_IRQHandler)
    i.TIM_ClearITPendingBit                  0x08004a08   Section        0  stm32f0xx_tim.o(i.TIM_ClearITPendingBit)
    i.TIM_Cmd                                0x08004a10   Section        0  stm32f0xx_tim.o(i.TIM_Cmd)
    i.TIM_GetITStatus                        0x08004a2c   Section        0  stm32f0xx_tim.o(i.TIM_GetITStatus)
    i.TIM_ITConfig                           0x08004a52   Section        0  stm32f0xx_tim.o(i.TIM_ITConfig)
    i.TIM_TimeBaseInit                       0x08004a68   Section        0  stm32f0xx_tim.o(i.TIM_TimeBaseInit)
    i.UART_PutChar                           0x08004ae4   Section        0  usart.o(i.UART_PutChar)
    i.UART_PutStr                            0x08004b02   Section        0  usart.o(i.UART_PutStr)
    i.USART1_Config                          0x08004b1c   Section        0  usart.o(i.USART1_Config)
    i.USART1_IRQHandler                      0x08004bb8   Section        0  usart.o(i.USART1_IRQHandler)
    i.USART2_Config                          0x08004bf8   Section        0  usart.o(i.USART2_Config)
    i.USART2_IRQHandler                      0x08004c98   Section        0  usart.o(i.USART2_IRQHandler)
    i.USART_ClearFlag                        0x08004cdc   Section        0  stm32f0xx_usart.o(i.USART_ClearFlag)
    i.USART_ClearITPendingBit                0x08004ce0   Section        0  stm32f0xx_usart.o(i.USART_ClearITPendingBit)
    i.USART_Cmd                              0x08004cf2   Section        0  stm32f0xx_usart.o(i.USART_Cmd)
    i.USART_GetFlagStatus                    0x08004d0a   Section        0  stm32f0xx_usart.o(i.USART_GetFlagStatus)
    i.USART_GetITStatus                      0x08004d1e   Section        0  stm32f0xx_usart.o(i.USART_GetITStatus)
    i.USART_ITConfig                         0x08004d6c   Section        0  stm32f0xx_usart.o(i.USART_ITConfig)
    i.USART_Init                             0x08004db0   Section        0  stm32f0xx_usart.o(i.USART_Init)
    i.USART_ReceiveData                      0x08004e98   Section        0  stm32f0xx_usart.o(i.USART_ReceiveData)
    i.USART_SendData                         0x08004ea2   Section        0  stm32f0xx_usart.o(i.USART_SendData)
    i.__ARM_common_ll_muluu                  0x08004eaa   Section        0  btod.o(i.__ARM_common_ll_muluu)
    i.__ARM_fpclassify                       0x08004edc   Section        0  fpclassify.o(i.__ARM_fpclassify)
    i.__kernel_poly                          0x08004f08   Section        0  poly.o(i.__kernel_poly)
    i.__mathlib_dbl_infnan                   0x08004fb4   Section        0  dunder.o(i.__mathlib_dbl_infnan)
    i.__mathlib_dbl_infnan2                  0x08004fbe   Section        0  dunder.o(i.__mathlib_dbl_infnan2)
    i.__mathlib_dbl_invalid                  0x08004fc6   Section        0  dunder.o(i.__mathlib_dbl_invalid)
    i.__mathlib_dbl_underflow                0x08004fd8   Section        0  dunder.o(i.__mathlib_dbl_underflow)
    i._is_digit                              0x08004fec   Section        0  __printf_wp.o(i._is_digit)
    i.asin                                   0x08004ffc   Section        0  asin.o(i.asin)
    i.atan                                   0x08005270   Section        0  atan.o(i.atan)
    i.atan2                                  0x0800548c   Section        0  atan2.o(i.atan2)
    i.commander                              0x08005604   Section        0  receivedata.o(i.commander)
    i.delay_ms                               0x08005684   Section        0  systick.o(i.delay_ms)
    i.invSqrt                                0x08005698   Section        0  imu.o(i.invSqrt)
    i.main                                   0x080056e0   Section        0  main.o(i.main)
    i.read_HMC5883L                          0x0800573c   Section        0  hmc5883l.o(i.read_HMC5883L)
    read_HMC5883L                            0x0800573d   Thumb Code   128  hmc5883l.o(i.read_HMC5883L)
    i.sqrt                                   0x080057c4   Section        0  sqrt.o(i.sqrt)
    locale$$code                             0x0800580c   Section       44  lc_numeric_c.o(locale$$code)
    locale$$code                             0x08005838   Section       44  lc_ctype_c.o(locale$$code)
    x$fpl$fadd                               0x08005864   Section      140  faddsub.o(x$fpl$fadd)
    _fadd1                                   0x08005871   Thumb Code     0  faddsub.o(x$fpl$fadd)
    x$fpl$feqf                               0x080058f0   Section       84  feqf.o(x$fpl$feqf)
    x$fpl$fmul                               0x08005944   Section      176  fmul.o(x$fpl$fmul)
    x$fpl$frsb                               0x080059f4   Section       24  faddsub.o(x$fpl$frsb)
    x$fpl$fsub                               0x08005a0c   Section      208  faddsub.o(x$fpl$fsub)
    _fsub1                                   0x08005a19   Thumb Code     0  faddsub.o(x$fpl$fsub)
    x$fpl$printf1                            0x08005adc   Section       16  printf1.o(x$fpl$printf1)
    .constdata                               0x08005aec   Section      128  ddiv.o(.constdata)
    x$fpl$usenofp                            0x08005aec   Section        0  usenofp.o(x$fpl$usenofp)
    ddiv_reciptbl                            0x08005aec   Data         128  ddiv.o(.constdata)
    .constdata                               0x08005b70   Section       80  asin.o(.constdata)
    pS                                       0x08005b70   Data          48  asin.o(.constdata)
    qS                                       0x08005ba0   Data          32  asin.o(.constdata)
    .constdata                               0x08005bc0   Section      152  atan.o(.constdata)
    atanhi                                   0x08005bc0   Data          32  atan.o(.constdata)
    atanlo                                   0x08005be0   Data          32  atan.o(.constdata)
    aTodd                                    0x08005c00   Data          40  atan.o(.constdata)
    aTeven                                   0x08005c28   Data          48  atan.o(.constdata)
    .constdata                               0x08005c58   Section        8  qnan.o(.constdata)
    .constdata                               0x08005c60   Section      148  bigflt0.o(.constdata)
    tenpwrs_x                                0x08005c60   Data          60  bigflt0.o(.constdata)
    tenpwrs_i                                0x08005c9c   Data          64  bigflt0.o(.constdata)
    locale$$data                             0x08005d14   Section       28  lc_numeric_c.o(locale$$data)
    __lcnum_c_name                           0x08005d18   Data           2  lc_numeric_c.o(locale$$data)
    __lcnum_c_start                          0x08005d20   Data           0  lc_numeric_c.o(locale$$data)
    __lcnum_c_point                          0x08005d2c   Data           0  lc_numeric_c.o(locale$$data)
    __lcnum_c_thousands                      0x08005d2e   Data           0  lc_numeric_c.o(locale$$data)
    __lcnum_c_grouping                       0x08005d2f   Data           0  lc_numeric_c.o(locale$$data)
    locale$$data                             0x08005d30   Section      272  lc_ctype_c.o(locale$$data)
    __lcnum_c_end                            0x08005d30   Data           0  lc_numeric_c.o(locale$$data)
    __lcctype_c_name                         0x08005d34   Data           2  lc_ctype_c.o(locale$$data)
    __lcctype_c_start                        0x08005d3c   Data           0  lc_ctype_c.o(locale$$data)
    __lcctype_c_end                          0x08005e40   Data           0  lc_ctype_c.o(locale$$data)
    .data                                    0x20000000   Section       20  system_stm32f0xx.o(.data)
    .data                                    0x20000014   Section       16  stm32f0xx_rcc.o(.data)
    APBAHBPrescTable                         0x20000014   Data          16  stm32f0xx_rcc.o(.data)
    .data                                    0x20000028   Section       60  mpu6050.o(.data)
    x_last                                   0x20000028   Data           8  mpu6050.o(.data)
    p_last                                   0x20000030   Data           8  mpu6050.o(.data)
    x_last                                   0x20000038   Data           8  mpu6050.o(.data)
    p_last                                   0x20000040   Data           8  mpu6050.o(.data)
    x_last                                   0x20000048   Data           8  mpu6050.o(.data)
    p_last                                   0x20000050   Data           8  mpu6050.o(.data)
    x                                        0x20000058   Data           4  mpu6050.o(.data)
    y                                        0x2000005c   Data           4  mpu6050.o(.data)
    z                                        0x20000060   Data           4  mpu6050.o(.data)
    .data                                    0x20000064   Section       28  imu.o(.data)
    .data                                    0x20000080   Section       10  hmc5883l.o(.data)
    filter_cnt                               0x20000089   Data           1  hmc5883l.o(.data)
    .data                                    0x2000008c   Section        8  timer.o(.data)
    times_count                              0x20000090   Data           4  timer.o(.data)
    .data                                    0x20000094   Section        1  receivedata.o(.data)
    input_cnt                                0x20000094   Data           1  receivedata.o(.data)
    .data                                    0x20000096   Section        2  stm32f0xx_it.o(.data)
    .bss                                     0x20000098   Section      168  mpu6050.o(.bss)
    .bss                                     0x20000140   Section       12  imu.o(.bss)
    .bss                                     0x2000014c   Section      120  hmc5883l.o(.bss)
    .bss                                     0x200001c4   Section       32  timer.o(.bss)
    .bss                                     0x200001e4   Section       16  receivedata.o(.bss)
    .bss                                     0x200001f4   Section     1120  stmflash.o(.bss)
    .bss                                     0x20000654   Section       96  libspace.o(.bss)
    HEAP                                     0x200006b8   Section      512  startup_stm32f072.o(HEAP)
    Heap_Mem                                 0x200006b8   Data         512  startup_stm32f072.o(HEAP)
    STACK                                    0x200008b8   Section     1024  startup_stm32f072.o(STACK)
    Stack_Mem                                0x200008b8   Data        1024  startup_stm32f072.o(STACK)
    __initial_sp                             0x20000cb8   Data           0  startup_stm32f072.o(STACK)

    Global Symbols

    Symbol Name                              Value     Ov Type        Size  Object(Section)

    BuildAttributes$$THM_ISAv3M$S$PE$A:L22$X:L11$S22$IEEE1$IW$USESV6$~STKCKD$USESV7$~SHL$OTIME$ROPI$IEEEX$EBA8$UX$STANDARDLIB$REQ8$PRES8$EABIv2 0x00000000   Number         0  anon$$obj.o ABSOLUTE
    __ARM_use_no_argv                        0x00000000   Number         0  main.o ABSOLUTE
    _printf_flags                            0x00000000   Number         0  printf_stubs.o ABSOLUTE
    _printf_return_value                     0x00000000   Number         0  printf_stubs.o ABSOLUTE
    _printf_sizespec                         0x00000000   Number         0  printf_stubs.o ABSOLUTE
    _printf_widthprec                        0x00000000   Number         0  printf_stubs.o ABSOLUTE
    __ARM_exceptions_init                     - Undefined Weak Reference
    __alloca_initialize                       - Undefined Weak Reference
    __arm_preinit_                            - Undefined Weak Reference
    __cpp_initialize__aeabi_                  - Undefined Weak Reference
    __cxa_finalize                            - Undefined Weak Reference
    __sigvec_lookup                           - Undefined Weak Reference
    _atexit_init                              - Undefined Weak Reference
    _call_atexit_fns                          - Undefined Weak Reference
    _clock_init                               - Undefined Weak Reference
    _fp_trap_init                             - Undefined Weak Reference
    _fp_trap_shutdown                         - Undefined Weak Reference
    _get_lc_collate                           - Undefined Weak Reference
    _get_lc_monetary                          - Undefined Weak Reference
    _get_lc_time                              - Undefined Weak Reference
    _getenv_init                              - Undefined Weak Reference
    _handle_redirection                       - Undefined Weak Reference
    _init_alloc                               - Undefined Weak Reference
    _init_user_alloc                          - Undefined Weak Reference
    _initio                                   - Undefined Weak Reference
    _printf_truncate_signed                   - Undefined Weak Reference
    _printf_truncate_unsigned                 - Undefined Weak Reference
    _rand_init                                - Undefined Weak Reference
    _scanf_longlong                           - Undefined Weak Reference
    _scanf_mbtowc                             - Undefined Weak Reference
    _scanf_real                               - Undefined Weak Reference
    _scanf_string                             - Undefined Weak Reference
    _scanf_wctomb                             - Undefined Weak Reference
    _scanf_wstring                            - Undefined Weak Reference
    _signal_finish                            - Undefined Weak Reference
    _signal_init                              - Undefined Weak Reference
    _terminate_alloc                          - Undefined Weak Reference
    _terminate_user_alloc                     - Undefined Weak Reference
    _terminateio                              - Undefined Weak Reference
    __Vectors_Size                           0x000000c0   Number         0  startup_stm32f072.o ABSOLUTE
    __Vectors                                0x08000000   Data           4  startup_stm32f072.o(RESET)
    __Vectors_End                            0x080000c0   Data           0  startup_stm32f072.o(RESET)
    __main                                   0x080000c1   Thumb Code     8  __main.o(!!!main)
    __scatterload                            0x080000c9   Thumb Code     0  __scatter.o(!!!scatter)
    __scatterload_rt2                        0x080000c9   Thumb Code    52  __scatter.o(!!!scatter)
    __scatterload_rt2_thumb_only             0x080000c9   Thumb Code     0  __scatter.o(!!!scatter)
    __scatterload_null                       0x080000d9   Thumb Code     0  __scatter.o(!!!scatter)
    __scatterload_copy                       0x08000105   Thumb Code    26  __scatter_copy.o(!!handler_copy)
    __scatterload_zeroinit                   0x08000121   Thumb Code    28  __scatter_zi.o(!!handler_zi)
    _printf_percent                          0x0800013d   Thumb Code     0  _printf_percent.o(.ARM.Collect$$_printf_percent$$00000000)
    _printf_f                                0x0800013f   Thumb Code     0  _printf_f.o(.ARM.Collect$$_printf_percent$$00000003)
    _printf_d                                0x08000149   Thumb Code     0  _printf_d.o(.ARM.Collect$$_printf_percent$$00000009)
    _printf_percent_end                      0x08000153   Thumb Code     0  _printf_percent_end.o(.ARM.Collect$$_printf_percent$$00000017)
    __rt_lib_init                            0x08000157   Thumb Code     0  libinit.o(.ARM.Collect$$libinit$$00000000)
    __rt_lib_init_fp_1                       0x08000159   Thumb Code     0  libinit2.o(.ARM.Collect$$libinit$$00000002)
    __rt_lib_init_heap_1                     0x08000159   Thumb Code     0  libinit2.o(.ARM.Collect$$libinit$$0000000A)
    __rt_lib_init_lc_common                  0x08000159   Thumb Code     0  libinit2.o(.ARM.Collect$$libinit$$0000000F)
    __rt_lib_init_preinit_1                  0x08000159   Thumb Code     0  libinit2.o(.ARM.Collect$$libinit$$00000004)
    __rt_lib_init_rand_1                     0x08000159   Thumb Code     0  libinit2.o(.ARM.Collect$$libinit$$0000000E)
    __rt_lib_init_user_alloc_1               0x08000159   Thumb Code     0  libinit2.o(.ARM.Collect$$libinit$$0000000C)
    __rt_lib_init_lc_collate_1               0x0800015f   Thumb Code     0  libinit2.o(.ARM.Collect$$libinit$$00000011)
    __rt_lib_init_lc_ctype_2                 0x0800015f   Thumb Code     0  libinit2.o(.ARM.Collect$$libinit$$00000012)
    __rt_lib_init_lc_ctype_1                 0x0800016b   Thumb Code     0  libinit2.o(.ARM.Collect$$libinit$$00000013)
    __rt_lib_init_lc_monetary_1              0x0800016b   Thumb Code     0  libinit2.o(.ARM.Collect$$libinit$$00000015)
    __rt_lib_init_lc_numeric_2               0x0800016b   Thumb Code     0  libinit2.o(.ARM.Collect$$libinit$$00000016)
    __rt_lib_init_alloca_1                   0x08000175   Thumb Code     0  libinit2.o(.ARM.Collect$$libinit$$0000002E)
    __rt_lib_init_argv_1                     0x08000175   Thumb Code     0  libinit2.o(.ARM.Collect$$libinit$$0000002C)
    __rt_lib_init_atexit_1                   0x08000175   Thumb Code     0  libinit2.o(.ARM.Collect$$libinit$$0000001B)
    __rt_lib_init_clock_1                    0x08000175   Thumb Code     0  libinit2.o(.ARM.Collect$$libinit$$00000021)
    __rt_lib_init_cpp_1                      0x08000175   Thumb Code     0  libinit2.o(.ARM.Collect$$libinit$$00000032)
    __rt_lib_init_exceptions_1               0x08000175   Thumb Code     0  libinit2.o(.ARM.Collect$$libinit$$00000030)
    __rt_lib_init_fp_trap_1                  0x08000175   Thumb Code     0  libinit2.o(.ARM.Collect$$libinit$$0000001F)
    __rt_lib_init_getenv_1                   0x08000175   Thumb Code     0  libinit2.o(.ARM.Collect$$libinit$$00000023)
    __rt_lib_init_lc_numeric_1               0x08000175   Thumb Code     0  libinit2.o(.ARM.Collect$$libinit$$00000017)
    __rt_lib_init_lc_time_1                  0x08000175   Thumb Code     0  libinit2.o(.ARM.Collect$$libinit$$00000019)
    __rt_lib_init_return                     0x08000175   Thumb Code     0  libinit2.o(.ARM.Collect$$libinit$$00000033)
    __rt_lib_init_signal_1                   0x08000175   Thumb Code     0  libinit2.o(.ARM.Collect$$libinit$$0000001D)
    __rt_lib_init_stdio_1                    0x08000175   Thumb Code     0  libinit2.o(.ARM.Collect$$libinit$$00000025)
    __rt_lib_shutdown                        0x08000177   Thumb Code     0  libshutdown.o(.ARM.Collect$$libshutdown$$00000000)
    __rt_lib_shutdown_fp_trap_1              0x08000179   Thumb Code     0  libshutdown2.o(.ARM.Collect$$libshutdown$$00000006)
    __rt_lib_shutdown_heap_1                 0x08000179   Thumb Code     0  libshutdown2.o(.ARM.Collect$$libshutdown$$0000000E)
    __rt_lib_shutdown_return                 0x08000179   Thumb Code     0  libshutdown2.o(.ARM.Collect$$libshutdown$$0000000F)
    __rt_lib_shutdown_signal_1               0x08000179   Thumb Code     0  libshutdown2.o(.ARM.Collect$$libshutdown$$00000009)
    __rt_lib_shutdown_stdio_1                0x08000179   Thumb Code     0  libshutdown2.o(.ARM.Collect$$libshutdown$$00000003)
    __rt_lib_shutdown_user_alloc_1           0x08000179   Thumb Code     0  libshutdown2.o(.ARM.Collect$$libshutdown$$0000000B)
    __rt_entry                               0x0800017b   Thumb Code     0  __rtentry.o(.ARM.Collect$$rtentry$$00000000)
    __rt_entry_presh_1                       0x0800017b   Thumb Code     0  __rtentry2.o(.ARM.Collect$$rtentry$$00000002)
    __rt_entry_sh                            0x0800017b   Thumb Code     0  __rtentry4.o(.ARM.Collect$$rtentry$$00000004)
    __rt_entry_li                            0x08000181   Thumb Code     0  __rtentry2.o(.ARM.Collect$$rtentry$$0000000A)
    __rt_entry_postsh_1                      0x08000181   Thumb Code     0  __rtentry2.o(.ARM.Collect$$rtentry$$00000009)
    __rt_entry_main                          0x08000185   Thumb Code     0  __rtentry2.o(.ARM.Collect$$rtentry$$0000000D)
    __rt_entry_postli_1                      0x08000185   Thumb Code     0  __rtentry2.o(.ARM.Collect$$rtentry$$0000000C)
    __rt_exit                                0x0800018d   Thumb Code     0  rtexit.o(.ARM.Collect$$rtexit$$00000000)
    __rt_exit_ls                             0x0800018f   Thumb Code     0  rtexit2.o(.ARM.Collect$$rtexit$$00000003)
    __rt_exit_prels_1                        0x0800018f   Thumb Code     0  rtexit2.o(.ARM.Collect$$rtexit$$00000002)
    __rt_exit_exit                           0x08000193   Thumb Code     0  rtexit2.o(.ARM.Collect$$rtexit$$00000004)
    Reset_Handler                            0x08000199   Thumb Code     8  startup_stm32f072.o(.text)
    ADC1_COMP_IRQHandler                     0x080001ab   Thumb Code     0  startup_stm32f072.o(.text)
    CEC_CAN_IRQHandler                       0x080001ab   Thumb Code     0  startup_stm32f072.o(.text)
    DMA1_Channel1_IRQHandler                 0x080001ab   Thumb Code     0  startup_stm32f072.o(.text)
    DMA1_Channel2_3_IRQHandler               0x080001ab   Thumb Code     0  startup_stm32f072.o(.text)
    DMA1_Channel4_5_6_7_IRQHandler           0x080001ab   Thumb Code     0  startup_stm32f072.o(.text)
    EXTI0_1_IRQHandler                       0x080001ab   Thumb Code     0  startup_stm32f072.o(.text)
    EXTI2_3_IRQHandler                       0x080001ab   Thumb Code     0  startup_stm32f072.o(.text)
    EXTI4_15_IRQHandler                      0x080001ab   Thumb Code     0  startup_stm32f072.o(.text)
    FLASH_IRQHandler                         0x080001ab   Thumb Code     0  startup_stm32f072.o(.text)
    I2C1_IRQHandler                          0x080001ab   Thumb Code     0  startup_stm32f072.o(.text)
    I2C2_IRQHandler                          0x080001ab   Thumb Code     0  startup_stm32f072.o(.text)
    PVD_VDDIO2_IRQHandler                    0x080001ab   Thumb Code     0  startup_stm32f072.o(.text)
    RCC_CRS_IRQHandler                       0x080001ab   Thumb Code     0  startup_stm32f072.o(.text)
    RTC_IRQHandler                           0x080001ab   Thumb Code     0  startup_stm32f072.o(.text)
    SPI1_IRQHandler                          0x080001ab   Thumb Code     0  startup_stm32f072.o(.text)
    SPI2_IRQHandler                          0x080001ab   Thumb Code     0  startup_stm32f072.o(.text)
    TIM14_IRQHandler                         0x080001ab   Thumb Code     0  startup_stm32f072.o(.text)
    TIM15_IRQHandler                         0x080001ab   Thumb Code     0  startup_stm32f072.o(.text)
    TIM16_IRQHandler                         0x080001ab   Thumb Code     0  startup_stm32f072.o(.text)
    TIM17_IRQHandler                         0x080001ab   Thumb Code     0  startup_stm32f072.o(.text)
    TIM1_BRK_UP_TRG_COM_IRQHandler           0x080001ab   Thumb Code     0  startup_stm32f072.o(.text)
    TIM1_CC_IRQHandler                       0x080001ab   Thumb Code     0  startup_stm32f072.o(.text)
    TIM3_IRQHandler                          0x080001ab   Thumb Code     0  startup_stm32f072.o(.text)
    TIM6_DAC_IRQHandler                      0x080001ab   Thumb Code     0  startup_stm32f072.o(.text)
    TIM7_IRQHandler                          0x080001ab   Thumb Code     0  startup_stm32f072.o(.text)
    TSC_IRQHandler                           0x080001ab   Thumb Code     0  startup_stm32f072.o(.text)
    USART3_4_IRQHandler                      0x080001ab   Thumb Code     0  startup_stm32f072.o(.text)
    USB_IRQHandler                           0x080001ab   Thumb Code     0  startup_stm32f072.o(.text)
    WWDG_IRQHandler                          0x080001ab   Thumb Code     0  startup_stm32f072.o(.text)
    __user_initial_stackheap                 0x080001ad   Thumb Code     0  startup_stm32f072.o(.text)
    __2sprintf                               0x080001d1   Thumb Code    36  noretval__2sprintf.o(.text)
    _printf_pre_padding                      0x080001f9   Thumb Code    44  _printf_pad.o(.text)
    _printf_post_padding                     0x08000225   Thumb Code    34  _printf_pad.o(.text)
    _printf_int_dec                          0x08000249   Thumb Code    90  _printf_dec.o(.text)
    __printf                                 0x080002b5   Thumb Code   270  __printf_wp.o(.text)
    __0sscanf                                0x080003c5   Thumb Code    54  __0sscanf.o(.text)
    _scanf_int                               0x08000405   Thumb Code   330  _scanf_int.o(.text)
    strlen                                   0x08000551   Thumb Code    62  strlen.o(.text)
    _memset_w                                0x08000595   Thumb Code    26  rt_memclr.o(.text)
    _memset                                  0x080005af   Thumb Code    30  rt_memclr.o(.text)
    __aeabi_memclr                           0x080005cd   Thumb Code     4  rt_memclr.o(.text)
    __rt_memclr                              0x080005cd   Thumb Code     0  rt_memclr.o(.text)
    __aeabi_memclr4                          0x080005d1   Thumb Code     0  rt_memclr.o(.text)
    __aeabi_memclr8                          0x080005d1   Thumb Code     0  rt_memclr.o(.text)
    __rt_memclr_w                            0x080005d1   Thumb Code     4  rt_memclr.o(.text)
    strcmp                                   0x080005d5   Thumb Code   132  strcmp.o(.text)
    __aeabi_uidiv                            0x0800065d   Thumb Code     0  aeabi_sdiv.o(.text)
    __aeabi_uidivmod                         0x0800065d   Thumb Code    20  aeabi_sdiv.o(.text)
    __aeabi_idiv                             0x08000671   Thumb Code     0  aeabi_sdiv.o(.text)
    __aeabi_idivmod                          0x08000671   Thumb Code   326  aeabi_sdiv.o(.text)
    __use_two_region_memory                  0x080007b7   Thumb Code     2  heapauxi.o(.text)
    __rt_heap_escrow$2region                 0x080007b9   Thumb Code     2  heapauxi.o(.text)
    __rt_heap_expand$2region                 0x080007bb   Thumb Code     2  heapauxi.o(.text)
    __aeabi_d2f                              0x080007bd   Thumb Code     0  d2f.o(.text)
    _d2f                                     0x080007bd   Thumb Code   120  d2f.o(.text)
    __aeabi_dadd                             0x08000b31   Thumb Code     0  daddsub.o(.text)
    _dadd                                    0x08000b31   Thumb Code    26  daddsub.o(.text)
    __aeabi_dsub                             0x08000b4b   Thumb Code     0  daddsub.o(.text)
    _dsub                                    0x08000b4b   Thumb Code    22  daddsub.o(.text)
    __aeabi_drsub                            0x08000b61   Thumb Code     0  daddsub.o(.text)
    _drsb                                    0x08000b61   Thumb Code    28  daddsub.o(.text)
    __aeabi_ddiv                             0x08000b91   Thumb Code     0  ddiv.o(.text)
    _ddiv                                    0x08000b91   Thumb Code  1072  ddiv.o(.text)
    _drdiv                                   0x08000fc1   Thumb Code    20  ddiv.o(.text)
    __aeabi_d2iz                             0x08000fd9   Thumb Code     0  dfixi.o(.text)
    _dfix                                    0x08000fd9   Thumb Code    98  dfixi.o(.text)
    __aeabi_d2uiz                            0x08001045   Thumb Code     0  dfixui.o(.text)
    _dfixu                                   0x08001045   Thumb Code    68  dfixui.o(.text)
    __aeabi_i2d_normalise                    0x0800108d   Thumb Code    66  dflti.o(.text)
    __aeabi_i2d                              0x080010cf   Thumb Code    16  dflti.o(.text)
    _dflt                                    0x080010cf   Thumb Code     0  dflti.o(.text)
    __aeabi_ui2d                             0x080010df   Thumb Code     6  dflti.o(.text)
    _dfltu                                   0x080010df   Thumb Code     0  dflti.o(.text)
    __aeabi_dmul                             0x080010e5   Thumb Code     0  dmul.o(.text)
    _dmul                                    0x080010e5   Thumb Code   558  dmul.o(.text)
    __aeabi_f2d                              0x0800132d   Thumb Code     0  f2d.o(.text)
    _f2d                                     0x0800132d   Thumb Code    80  f2d.o(.text)
    __aeabi_f2iz                             0x08001381   Thumb Code     0  ffixi.o(.text)
    _ffix                                    0x08001381   Thumb Code    76  ffixi.o(.text)
    __aeabi_i2f_normalise                    0x080013cd   Thumb Code    72  fflti.o(.text)
    __aeabi_i2f                              0x08001415   Thumb Code    16  fflti.o(.text)
    _fflt                                    0x08001415   Thumb Code     0  fflti.o(.text)
    __aeabi_ui2f                             0x08001425   Thumb Code     6  fflti.o(.text)
    _ffltu                                   0x08001425   Thumb Code     0  fflti.o(.text)
    __read_errno                             0x0800142b   Thumb Code    10  _rserrno.o(.text)
    __set_errno                              0x08001435   Thumb Code    12  _rserrno.o(.text)
    _printf_int_common                       0x08001441   Thumb Code   176  _printf_intcommon.o(.text)
    __lib_sel_fp_printf                      0x080014f1   Thumb Code     2  _printf_fp_dec.o(.text)
    _printf_fp_dec_real                      0x0800168b   Thumb Code   620  _printf_fp_dec.o(.text)
    _printf_char_common                      0x0800190f   Thumb Code    32  _printf_char_common.o(.text)
    _sputc                                   0x08001935   Thumb Code    10  _sputc.o(.text)
    _chval                                   0x0800193f   Thumb Code    30  _chval.o(.text)
    __vfscanf_char                           0x08001969   Thumb Code    28  scanf_char.o(.text)
    _sgetc                                   0x0800198d   Thumb Code    32  _sgetc.o(.text)
    _sbackspace                              0x080019ad   Thumb Code    36  _sgetc.o(.text)
    __rt_udiv10                              0x080019d1   Thumb Code    40  rtudiv10.o(.text)
    __ARM_scalbn                             0x080019f9   Thumb Code    84  dscalbn.o(.text)
    _dsqrt                                   0x08001a59   Thumb Code   248  dsqrt.o(.text)
    __fpl_fcmp_InfNaN                        0x08001b59   Thumb Code    96  fcmpin.o(.text)
    __rt_locale                              0x08001bbd   Thumb Code     8  rt_locale_intlibspace.o(.text)
    __aeabi_errno_addr                       0x08001bc5   Thumb Code     8  rt_errno_addr_intlibspace.o(.text)
    __errno$intlibspace                      0x08001bc5   Thumb Code     0  rt_errno_addr_intlibspace.o(.text)
    __rt_errno_addr$intlibspace              0x08001bc5   Thumb Code     0  rt_errno_addr_intlibspace.o(.text)
    _ll_udiv10                               0x08001bcd   Thumb Code   122  lludiv10.o(.text)
    isspace                                  0x08001c47   Thumb Code    18  isspace.o(.text)
    _printf_fp_infnan                        0x08001c59   Thumb Code   120  _printf_fp_infnan.o(.text)
    __vfscanf                                0x08001ce1   Thumb Code   880  _scanf.o(.text)
    _btod_etento                             0x08002061   Thumb Code   196  bigflt0.o(.text)
    _btod_d2e                                0x08002129   Thumb Code    64  btod.o(.text)
    _btod_emul                               0x0800251f   Thumb Code    24  btod.o(.text)
    _btod_emuld                              0x08002537   Thumb Code    60  btod.o(.text)
    _btod_ediv                               0x08002573   Thumb Code    22  btod.o(.text)
    _btod_edivd                              0x08002589   Thumb Code    60  btod.o(.text)
    __fpl_cmpreturn                          0x080025d1   Thumb Code    44  cmpret.o(.text)
    __fpl_fcheck_NaN2                        0x08002601   Thumb Code    10  fnan2.o(.text)
    __user_libspace                          0x08002611   Thumb Code     8  libspace.o(.text)
    __user_perproc_libspace                  0x08002611   Thumb Code     0  libspace.o(.text)
    __user_perthread_libspace                0x08002611   Thumb Code     0  libspace.o(.text)
    __user_setup_stackheap                   0x08002619   Thumb Code    62  sys_stackheap_outer.o(.text)
    __rt_ctype_table                         0x08002659   Thumb Code    16  rt_ctype_table.o(.text)
    exit                                     0x08002669   Thumb Code    12  exit.o(.text)
    __fpl_return_NaN                         0x08002675   Thumb Code    94  retnan.o(.text)
    _sys_exit                                0x080026d5   Thumb Code     8  sys_exit.o(.text)
    __I$use$semihosting                      0x080026e1   Thumb Code     0  use_no_semi.o(.text)
    __use_no_semihosting_swi                 0x080026e1   Thumb Code     2  use_no_semi.o(.text)
    __semihosting_library_function           0x080026e3   Thumb Code     0  indicate_semi.o(.text)
    Acc_Offest_Read                          0x080026e5   Thumb Code    96  stmflash.o(i.Acc_Offest_Read)
    Acc_Offest_write                         0x0800275d   Thumb Code    42  stmflash.o(i.Acc_Offest_write)
    FLASH_ErasePage                          0x080027a1   Thumb Code    72  stm32f0xx_flash.o(i.FLASH_ErasePage)
    FLASH_GetStatus                          0x080027ed   Thumb Code    54  stm32f0xx_flash.o(i.FLASH_GetStatus)
    FLASH_Lock                               0x08002829   Thumb Code    14  stm32f0xx_flash.o(i.FLASH_Lock)
    FLASH_ProgramHalfWord                    0x0800283d   Thumb Code    62  stm32f0xx_flash.o(i.FLASH_ProgramHalfWord)
    FLASH_Unlock                             0x08002881   Thumb Code    24  stm32f0xx_flash.o(i.FLASH_Unlock)
    FLASH_WaitForLastOperation               0x080028a5   Thumb Code    40  stm32f0xx_flash.o(i.FLASH_WaitForLastOperation)
    GPIO_Init                                0x080028cd   Thumb Code   144  stm32f0xx_gpio.o(i.GPIO_Init)
    GPIO_PinAFConfig                         0x0800295d   Thumb Code    68  stm32f0xx_gpio.o(i.GPIO_PinAFConfig)
    Get_Attitude                             0x080029a1   Thumb Code   146  imu.o(i.Get_Attitude)
    Gyro_Offest_Read                         0x08002a3d   Thumb Code    96  stmflash.o(i.Gyro_Offest_Read)
    Gyro_Offest_write                        0x08002ab5   Thumb Code    42  stmflash.o(i.Gyro_Offest_write)
    HMC5883L_Save_Calib                      0x08002af9   Thumb Code    70  hmc5883l.o(i.HMC5883L_Save_Calib)
    HMC5883L_Start_Calib                     0x08002b45   Thumb Code   174  hmc5883l.o(i.HMC5883L_Start_Calib)
    HardFault_Handler                        0x08002bfd   Thumb Code     4  stm32f0xx_it.o(i.HardFault_Handler)
    I2C_Configuration                        0x08002c01   Thumb Code    70  i2c.o(i.I2C_Configuration)
    IIC_ADD_read                             0x08002ddf   Thumb Code    60  i2c.o(i.IIC_ADD_read)
    IIC_ADD_write                            0x08002e1b   Thumb Code    52  i2c.o(i.IIC_ADD_write)
    IMUupdate                                0x08002e51   Thumb Code  2352  imu.o(i.IMUupdate)
    Init_HMC5883L                            0x08003789   Thumb Code    82  hmc5883l.o(i.Init_HMC5883L)
    LEDXToggle                               0x080039fd   Thumb Code    54  led.o(i.LEDXToggle)
    LED_GPIO_Config                          0x08003a39   Thumb Code   106  led.o(i.LED_GPIO_Config)
    LPF_1st                                  0x08003aa9   Thumb Code    46  mpu6050.o(i.LPF_1st)
    MPU_Acc_Offset                           0x08003ad9   Thumb Code   186  mpu6050.o(i.MPU_Acc_Offset)
    MPU_Gyro_Offset                          0x08003b9d   Thumb Code   206  mpu6050.o(i.MPU_Gyro_Offset)
    MPU_Init                                 0x08003c75   Thumb Code    94  mpu6050.o(i.MPU_Init)
    MPU_Read                                 0x08003cd5   Thumb Code   172  mpu6050.o(i.MPU_Read)
    MPU_Updata                               0x08003d85   Thumb Code   358  mpu6050.o(i.MPU_Updata)
    Mag_Offest_Read                          0x08003f05   Thumb Code    96  stmflash.o(i.Mag_Offest_Read)
    Mag_Offest_write                         0x08003f7d   Thumb Code    42  stmflash.o(i.Mag_Offest_write)
    Multiple_Read_HMC5883L                   0x08003fc1   Thumb Code   268  hmc5883l.o(i.Multiple_Read_HMC5883L)
    NMI_Handler                              0x080040e1   Thumb Code     2  stm32f0xx_it.o(i.NMI_Handler)
    NVIC_Init                                0x080040e5   Thumb Code   106  stm32f0xx_misc.o(i.NVIC_Init)
    PendSV_Handler                           0x080041cd   Thumb Code     2  stm32f0xx_it.o(i.PendSV_Handler)
    Prepare_Data                             0x080041d1   Thumb Code   304  mpu6050.o(i.Prepare_Data)
    RCC_AHBPeriphClockCmd                    0x08004325   Thumb Code    28  stm32f0xx_rcc.o(i.RCC_AHBPeriphClockCmd)
    RCC_APB1PeriphClockCmd                   0x08004345   Thumb Code    28  stm32f0xx_rcc.o(i.RCC_APB1PeriphClockCmd)
    RCC_APB2PeriphClockCmd                   0x08004365   Thumb Code    28  stm32f0xx_rcc.o(i.RCC_APB2PeriphClockCmd)
    RCC_GetClocksFreq                        0x08004385   Thumb Code   468  stm32f0xx_rcc.o(i.RCC_GetClocksFreq)
    ReceiveData                              0x08004575   Thumb Code   140  receivedata.o(i.ReceiveData)
    STMFLASH_Read                            0x08004609   Thumb Code    34  stmflash.o(i.STMFLASH_Read)
    STMFLASH_ReadHalfWord                    0x0800462b   Thumb Code     6  stmflash.o(i.STMFLASH_ReadHalfWord)
    STMFLASH_Write                           0x08004631   Thumb Code   250  stmflash.o(i.STMFLASH_Write)
    STMFLASH_Write_NoCheck                   0x08004739   Thumb Code    34  stmflash.o(i.STMFLASH_Write_NoCheck)
    SVC_Handler                              0x0800475b   Thumb Code     2  stm32f0xx_it.o(i.SVC_Handler)
    SYSTICK_Init                             0x0800475d   Thumb Code    62  systick.o(i.SYSTICK_Init)
    SysTick_Handler                          0x08004881   Thumb Code    20  stm32f0xx_it.o(i.SysTick_Handler)
    SystemInit                               0x08004899   Thumb Code   110  system_stm32f0xx.o(i.SystemInit)
    TIM2_Config                              0x08004915   Thumb Code    80  timer.o(i.TIM2_Config)
    TIM2_IRQHandler                          0x08004969   Thumb Code   120  timer.o(i.TIM2_IRQHandler)
    TIM_ClearITPendingBit                    0x08004a09   Thumb Code     6  stm32f0xx_tim.o(i.TIM_ClearITPendingBit)
    TIM_Cmd                                  0x08004a11   Thumb Code    24  stm32f0xx_tim.o(i.TIM_Cmd)
    TIM_GetITStatus                          0x08004a2d   Thumb Code    38  stm32f0xx_tim.o(i.TIM_GetITStatus)
    TIM_ITConfig                             0x08004a53   Thumb Code    20  stm32f0xx_tim.o(i.TIM_ITConfig)
    TIM_TimeBaseInit                         0x08004a69   Thumb Code    90  stm32f0xx_tim.o(i.TIM_TimeBaseInit)
    UART_PutChar                             0x08004ae5   Thumb Code    30  usart.o(i.UART_PutChar)
    UART_PutStr                              0x08004b03   Thumb Code    26  usart.o(i.UART_PutStr)
    USART1_Config                            0x08004b1d   Thumb Code   146  usart.o(i.USART1_Config)
    USART1_IRQHandler                        0x08004bb9   Thumb Code    54  usart.o(i.USART1_IRQHandler)
    USART2_Config                            0x08004bf9   Thumb Code   152  usart.o(i.USART2_Config)
    USART2_IRQHandler                        0x08004c99   Thumb Code    60  usart.o(i.USART2_IRQHandler)
    USART_ClearFlag                          0x08004cdd   Thumb Code     4  stm32f0xx_usart.o(i.USART_ClearFlag)
    USART_ClearITPendingBit                  0x08004ce1   Thumb Code    18  stm32f0xx_usart.o(i.USART_ClearITPendingBit)
    USART_Cmd                                0x08004cf3   Thumb Code    24  stm32f0xx_usart.o(i.USART_Cmd)
    USART_GetFlagStatus                      0x08004d0b   Thumb Code    20  stm32f0xx_usart.o(i.USART_GetFlagStatus)
    USART_GetITStatus                        0x08004d1f   Thumb Code    78  stm32f0xx_usart.o(i.USART_GetITStatus)
    USART_ITConfig                           0x08004d6d   Thumb Code    66  stm32f0xx_usart.o(i.USART_ITConfig)
    USART_Init                               0x08004db1   Thumb Code   214  stm32f0xx_usart.o(i.USART_Init)
    USART_ReceiveData                        0x08004e99   Thumb Code    10  stm32f0xx_usart.o(i.USART_ReceiveData)
    USART_SendData                           0x08004ea3   Thumb Code     8  stm32f0xx_usart.o(i.USART_SendData)
    __ARM_common_ll_muluu                    0x08004eab   Thumb Code    48  btod.o(i.__ARM_common_ll_muluu)
    __ARM_fpclassify                         0x08004edd   Thumb Code    40  fpclassify.o(i.__ARM_fpclassify)
    __kernel_poly                            0x08004f09   Thumb Code   172  poly.o(i.__kernel_poly)
    __mathlib_dbl_infnan                     0x08004fb5   Thumb Code    10  dunder.o(i.__mathlib_dbl_infnan)
    __mathlib_dbl_infnan2                    0x08004fbf   Thumb Code     8  dunder.o(i.__mathlib_dbl_infnan2)
    __mathlib_dbl_invalid                    0x08004fc7   Thumb Code    16  dunder.o(i.__mathlib_dbl_invalid)
    __mathlib_dbl_underflow                  0x08004fd9   Thumb Code    14  dunder.o(i.__mathlib_dbl_underflow)
    _is_digit                                0x08004fed   Thumb Code    14  __printf_wp.o(i._is_digit)
    asin                                     0x08004ffd   Thumb Code   574  asin.o(i.asin)
    atan                                     0x08005271   Thumb Code   472  atan.o(i.atan)
    atan2                                    0x0800548d   Thumb Code   334  atan2.o(i.atan2)
    commander                                0x08005605   Thumb Code    96  receivedata.o(i.commander)
    delay_ms                                 0x08005685   Thumb Code    16  systick.o(i.delay_ms)
    invSqrt                                  0x08005699   Thumb Code    68  imu.o(i.invSqrt)
    main                                     0x080056e1   Thumb Code    78  main.o(i.main)
    sqrt                                     0x080057c5   Thumb Code    66  sqrt.o(i.sqrt)
    _get_lc_numeric                          0x0800580d   Thumb Code    44  lc_numeric_c.o(locale$$code)
    _get_lc_ctype                            0x08005839   Thumb Code    44  lc_ctype_c.o(locale$$code)
    __aeabi_fadd                             0x08005865   Thumb Code     0  faddsub.o(x$fpl$fadd)
    _fadd                                    0x08005865   Thumb Code   134  faddsub.o(x$fpl$fadd)
    __aeabi_cfcmpeq                          0x080058f1   Thumb Code     0  feqf.o(x$fpl$feqf)
    _fcmpeq                                  0x080058f1   Thumb Code    78  feqf.o(x$fpl$feqf)
    __aeabi_fmul                             0x08005945   Thumb Code     0  fmul.o(x$fpl$fmul)
    _fmul                                    0x08005945   Thumb Code   172  fmul.o(x$fpl$fmul)
    __aeabi_frsub                            0x080059f5   Thumb Code     0  faddsub.o(x$fpl$frsb)
    _frsb                                    0x080059f5   Thumb Code    24  faddsub.o(x$fpl$frsb)
    __aeabi_fsub                             0x08005a0d   Thumb Code     0  faddsub.o(x$fpl$fsub)
    _fsub                                    0x08005a0d   Thumb Code   204  faddsub.o(x$fpl$fsub)
    _printf_fp_dec                           0x08005add   Thumb Code    16  printf1.o(x$fpl$printf1)
    __I$use$fp                               0x08005aec   Number         0  usenofp.o(x$fpl$usenofp)
    __mathlib_zero                           0x08005c58   Data           8  qnan.o(.constdata)
    Region$$Table$$Base                      0x08005cf4   Number         0  anon$$obj.o(Region$$Table)
    Region$$Table$$Limit                     0x08005d14   Number         0  anon$$obj.o(Region$$Table)
    __ctype                                  0x08005d3d   Data           0  lc_ctype_c.o(locale$$data)
    SystemCoreClock                          0x20000000   Data           4  system_stm32f0xx.o(.data)
    AHBPrescTable                            0x20000004   Data          16  system_stm32f0xx.o(.data)
    q0                                       0x20000064   Data           4  imu.o(.data)
    q1                                       0x20000068   Data           4  imu.o(.data)
    q2                                       0x2000006c   Data           4  imu.o(.data)
    q3                                       0x20000070   Data           4  imu.o(.data)
    exInt                                    0x20000074   Data           4  imu.o(.data)
    eyInt                                    0x20000078   Data           4  imu.o(.data)
    ezInt                                    0x2000007c   Data           4  imu.o(.data)
    Mag_CALIBRATED                           0x20000080   Data           1  hmc5883l.o(.data)
    HMC5883L_buffer                          0x20000081   Data           8  hmc5883l.o(.data)
    Time2                                    0x2000008c   Data           2  timer.o(.data)
    nTime                                    0x20000096   Data           2  stm32f0xx_it.o(.data)
    mpu6050_buffer                           0x20000098   Data          15  mpu6050.o(.bss)
    sensor                                   0x200000a8   Data         152  mpu6050.o(.bss)
    angle                                    0x20000140   Data          12  imu.o(.bss)
    Mag                                      0x2000014c   Data          60  hmc5883l.o(.bss)
    X_BUFF                                   0x20000188   Data          20  hmc5883l.o(.bss)
    Y_BUFF                                   0x2000019c   Data          20  hmc5883l.o(.bss)
    Z_BUFF                                   0x200001b0   Data          20  hmc5883l.o(.bss)
    Txbuff                                   0x200001c4   Data          32  timer.o(.bss)
    RxBuff                                   0x200001e4   Data          16  receivedata.o(.bss)
    STMFLASH_BUF                             0x200001f4   Data        1024  stmflash.o(.bss)
    acc_offest_buff                          0x200005f4   Data          32  stmflash.o(.bss)
    gyro_offest_buff                         0x20000614   Data          32  stmflash.o(.bss)
    mag_offest_buff                          0x20000634   Data          32  stmflash.o(.bss)
    __libspace_start                         0x20000654   Data          96  libspace.o(.bss)
    __temporary_stack_top$libspace           0x200006b4   Data           0  libspace.o(.bss)



==============================================================================

Memory Map of the image

  Image Entry point : 0x080000c1

  Load Region LR_IROM1 (Base: 0x08000000, Size: 0x00005ed8, Max: 0x00010000, ABSOLUTE)

    Execution Region ER_IROM1 (Base: 0x08000000, Size: 0x00005e40, Max: 0x00010000, ABSOLUTE)

    Base Addr    Size         Type   Attr      Idx    E Section Name        Object

    0x08000000   0x000000c0   Data   RO            3    RESET               startup_stm32f072.o
    0x080000c0   0x00000008   Code   RO         4047  * !!!main             c_p.l(__main.o)
    0x080000c8   0x0000003c   Code   RO         4378    !!!scatter          c_p.l(__scatter.o)
    0x08000104   0x0000001a   Code   RO         4380    !!handler_copy      c_p.l(__scatter_copy.o)
    0x0800011e   0x00000002   PAD
    0x08000120   0x0000001c   Code   RO         4382    !!handler_zi        c_p.l(__scatter_zi.o)
    0x0800013c   0x00000002   Code   RO         4030    .ARM.Collect$$_printf_percent$$00000000  c_p.l(_printf_percent.o)
    0x0800013e   0x0000000a   Code   RO         4029    .ARM.Collect$$_printf_percent$$00000003  c_p.l(_printf_f.o)
    0x08000148   0x0000000a   Code   RO         4028    .ARM.Collect$$_printf_percent$$00000009  c_p.l(_printf_d.o)
    0x08000152   0x00000004   Code   RO         4123    .ARM.Collect$$_printf_percent$$00000017  c_p.l(_printf_percent_end.o)
    0x08000156   0x00000002   Code   RO         4244    .ARM.Collect$$libinit$$00000000  c_p.l(libinit.o)
    0x08000158   0x00000000   Code   RO         4246    .ARM.Collect$$libinit$$00000002  c_p.l(libinit2.o)
    0x08000158   0x00000000   Code   RO         4248    .ARM.Collect$$libinit$$00000004  c_p.l(libinit2.o)
    0x08000158   0x00000000   Code   RO         4251    .ARM.Collect$$libinit$$0000000A  c_p.l(libinit2.o)
    0x08000158   0x00000000   Code   RO         4253    .ARM.Collect$$libinit$$0000000C  c_p.l(libinit2.o)
    0x08000158   0x00000000   Code   RO         4255    .ARM.Collect$$libinit$$0000000E  c_p.l(libinit2.o)
    0x08000158   0x00000006   Code   RO         4256    .ARM.Collect$$libinit$$0000000F  c_p.l(libinit2.o)
    0x0800015e   0x00000000   Code   RO         4258    .ARM.Collect$$libinit$$00000011  c_p.l(libinit2.o)
    0x0800015e   0x0000000c   Code   RO         4259    .ARM.Collect$$libinit$$00000012  c_p.l(libinit2.o)
    0x0800016a   0x00000000   Code   RO         4260    .ARM.Collect$$libinit$$00000013  c_p.l(libinit2.o)
    0x0800016a   0x00000000   Code   RO         4262    .ARM.Collect$$libinit$$00000015  c_p.l(libinit2.o)
    0x0800016a   0x0000000a   Code   RO         4263    .ARM.Collect$$libinit$$00000016  c_p.l(libinit2.o)
    0x08000174   0x00000000   Code   RO         4264    .ARM.Collect$$libinit$$00000017  c_p.l(libinit2.o)
    0x08000174   0x00000000   Code   RO         4266    .ARM.Collect$$libinit$$00000019  c_p.l(libinit2.o)
    0x08000174   0x00000000   Code   RO         4268    .ARM.Collect$$libinit$$0000001B  c_p.l(libinit2.o)
    0x08000174   0x00000000   Code   RO         4270    .ARM.Collect$$libinit$$0000001D  c_p.l(libinit2.o)
    0x08000174   0x00000000   Code   RO         4272    .ARM.Collect$$libinit$$0000001F  c_p.l(libinit2.o)
    0x08000174   0x00000000   Code   RO         4274    .ARM.Collect$$libinit$$00000021  c_p.l(libinit2.o)
    0x08000174   0x00000000   Code   RO         4276    .ARM.Collect$$libinit$$00000023  c_p.l(libinit2.o)
    0x08000174   0x00000000   Code   RO         4278    .ARM.Collect$$libinit$$00000025  c_p.l(libinit2.o)
    0x08000174   0x00000000   Code   RO         4282    .ARM.Collect$$libinit$$0000002C  c_p.l(libinit2.o)
    0x08000174   0x00000000   Code   RO         4284    .ARM.Collect$$libinit$$0000002E  c_p.l(libinit2.o)
    0x08000174   0x00000000   Code   RO         4286    .ARM.Collect$$libinit$$00000030  c_p.l(libinit2.o)
    0x08000174   0x00000000   Code   RO         4288    .ARM.Collect$$libinit$$00000032  c_p.l(libinit2.o)
    0x08000174   0x00000002   Code   RO         4289    .ARM.Collect$$libinit$$00000033  c_p.l(libinit2.o)
    0x08000176   0x00000002   Code   RO         4344    .ARM.Collect$$libshutdown$$00000000  c_p.l(libshutdown.o)
    0x08000178   0x00000000   Code   RO         4363    .ARM.Collect$$libshutdown$$00000003  c_p.l(libshutdown2.o)
    0x08000178   0x00000000   Code   RO         4366    .ARM.Collect$$libshutdown$$00000006  c_p.l(libshutdown2.o)
    0x08000178   0x00000000   Code   RO         4369    .ARM.Collect$$libshutdown$$00000009  c_p.l(libshutdown2.o)
    0x08000178   0x00000000   Code   RO         4371    .ARM.Collect$$libshutdown$$0000000B  c_p.l(libshutdown2.o)
    0x08000178   0x00000000   Code   RO         4374    .ARM.Collect$$libshutdown$$0000000E  c_p.l(libshutdown2.o)
    0x08000178   0x00000002   Code   RO         4375    .ARM.Collect$$libshutdown$$0000000F  c_p.l(libshutdown2.o)
    0x0800017a   0x00000000   Code   RO         4108    .ARM.Collect$$rtentry$$00000000  c_p.l(__rtentry.o)
    0x0800017a   0x00000000   Code   RO         4171    .ARM.Collect$$rtentry$$00000002  c_p.l(__rtentry2.o)
    0x0800017a   0x00000006   Code   RO         4183    .ARM.Collect$$rtentry$$00000004  c_p.l(__rtentry4.o)
    0x08000180   0x00000000   Code   RO         4173    .ARM.Collect$$rtentry$$00000009  c_p.l(__rtentry2.o)
    0x08000180   0x00000004   Code   RO         4174    .ARM.Collect$$rtentry$$0000000A  c_p.l(__rtentry2.o)
    0x08000184   0x00000000   Code   RO         4176    .ARM.Collect$$rtentry$$0000000C  c_p.l(__rtentry2.o)
    0x08000184   0x00000008   Code   RO         4177    .ARM.Collect$$rtentry$$0000000D  c_p.l(__rtentry2.o)
    0x0800018c   0x00000002   Code   RO         4295    .ARM.Collect$$rtexit$$00000000  c_p.l(rtexit.o)
    0x0800018e   0x00000000   Code   RO         4313    .ARM.Collect$$rtexit$$00000002  c_p.l(rtexit2.o)
    0x0800018e   0x00000004   Code   RO         4314    .ARM.Collect$$rtexit$$00000003  c_p.l(rtexit2.o)
    0x08000192   0x00000006   Code   RO         4315    .ARM.Collect$$rtexit$$00000004  c_p.l(rtexit2.o)
    0x08000198   0x00000038   Code   RO            4    .text               startup_stm32f072.o
    0x080001d0   0x00000028   Code   RO         4000    .text               c_p.l(noretval__2sprintf.o)
    0x080001f8   0x0000004e   Code   RO         4004    .text               c_p.l(_printf_pad.o)
    0x08000246   0x00000002   PAD
    0x08000248   0x0000006c   Code   RO         4006    .text               c_p.l(_printf_dec.o)
    0x080002b4   0x0000010e   Code   RO         4016    .text               c_p.l(__printf_wp.o)
    0x080003c2   0x00000002   PAD
    0x080003c4   0x00000040   Code   RO         4031    .text               c_p.l(__0sscanf.o)
    0x08000404   0x0000014a   Code   RO         4033    .text               c_p.l(_scanf_int.o)
    0x0800054e   0x00000002   PAD
    0x08000550   0x00000044   Code   RO         4035    .text               c_p.l(strlen.o)
    0x08000594   0x00000040   Code   RO         4037    .text               c_p.l(rt_memclr.o)
    0x080005d4   0x00000088   Code   RO         4039    .text               c_p.l(strcmp.o)
    0x0800065c   0x0000015a   Code   RO         4041    .text               c_p.l(aeabi_sdiv.o)
    0x080007b6   0x00000006   Code   RO         4045    .text               c_p.l(heapauxi.o)
    0x080007bc   0x0000007c   Code   RO         4049    .text               fz_ps.l(d2f.o)
    0x08000838   0x00000358   Code   RO         4051    .text               fz_ps.l(daddsub.o)
    0x08000b90   0x00000448   Code   RO         4053    .text               fz_ps.l(ddiv.o)
    0x08000fd8   0x0000006c   Code   RO         4056    .text               fz_ps.l(dfixi.o)
    0x08001044   0x00000048   Code   RO         4058    .text               fz_ps.l(dfixui.o)
    0x0800108c   0x00000058   Code   RO         4060    .text               fz_ps.l(dflti.o)
    0x080010e4   0x00000248   Code   RO         4062    .text               fz_ps.l(dmul.o)
    0x0800132c   0x00000054   Code   RO         4064    .text               fz_ps.l(f2d.o)
    0x08001380   0x0000004c   Code   RO         4074    .text               fz_ps.l(ffixi.o)
    0x080013cc   0x0000005e   Code   RO         4076    .text               fz_ps.l(fflti.o)
    0x0800142a   0x00000016   Code   RO         4113    .text               c_p.l(_rserrno.o)
    0x08001440   0x000000b0   Code   RO         4115    .text               c_p.l(_printf_intcommon.o)
    0x080014f0   0x00000414   Code   RO         4117    .text               c_p.l(_printf_fp_dec.o)
    0x08001904   0x00000030   Code   RO         4119    .text               c_p.l(_printf_char_common.o)
    0x08001934   0x0000000a   Code   RO         4121    .text               c_p.l(_sputc.o)
    0x0800193e   0x0000001e   Code   RO         4124    .text               c_p.l(_chval.o)
    0x0800195c   0x00000030   Code   RO         4126    .text               c_p.l(scanf_char.o)
    0x0800198c   0x00000044   Code   RO         4128    .text               c_p.l(_sgetc.o)
    0x080019d0   0x00000028   Code   RO         4130    .text               c_p.l(rtudiv10.o)
    0x080019f8   0x00000060   Code   RO         4134    .text               fz_ps.l(dscalbn.o)
    0x08001a58   0x00000100   Code   RO         4136    .text               fz_ps.l(dsqrt.o)
    0x08001b58   0x00000064   Code   RO         4138    .text               fz_ps.l(fcmpin.o)
    0x08001bbc   0x00000008   Code   RO         4190    .text               c_p.l(rt_locale_intlibspace.o)
    0x08001bc4   0x00000008   Code   RO         4195    .text               c_p.l(rt_errno_addr_intlibspace.o)
    0x08001bcc   0x0000007a   Code   RO         4197    .text               c_p.l(lludiv10.o)
    0x08001c46   0x00000012   Code   RO         4199    .text               c_p.l(isspace.o)
    0x08001c58   0x00000088   Code   RO         4201    .text               c_p.l(_printf_fp_infnan.o)
    0x08001ce0   0x00000380   Code   RO         4205    .text               c_p.l(_scanf.o)
    0x08002060   0x000000c8   Code   RO         4207    .text               c_p.l(bigflt0.o)
    0x08002128   0x000004a8   Code   RO         4210    .text               c_p.l(btod.o)
    0x080025d0   0x00000030   Code   RO         4217    .text               fz_ps.l(cmpret.o)
    0x08002600   0x00000010   Code   RO         4221    .text               fz_ps.l(fnan2.o)
    0x08002610   0x00000008   Code   RO         4225    .text               c_p.l(libspace.o)
    0x08002618   0x0000003e   Code   RO         4228    .text               c_p.l(sys_stackheap_outer.o)
    0x08002656   0x00000002   PAD
    0x08002658   0x00000010   Code   RO         4231    .text               c_p.l(rt_ctype_table.o)
    0x08002668   0x0000000c   Code   RO         4233    .text               c_p.l(exit.o)
    0x08002674   0x0000005e   Code   RO         4292    .text               fz_ps.l(retnan.o)
    0x080026d2   0x00000002   PAD
    0x080026d4   0x0000000c   Code   RO         4310    .text               c_p.l(sys_exit.o)
    0x080026e0   0x00000002   Code   RO         4331    .text               c_p.l(use_no_semi.o)
    0x080026e2   0x00000000   Code   RO         4333    .text               c_p.l(indicate_semi.o)
    0x080026e2   0x00000002   PAD
    0x080026e4   0x00000078   Code   RO         3845    i.Acc_Offest_Read   stmflash.o
    0x0800275c   0x00000044   Code   RO         3846    i.Acc_Offest_write  stmflash.o
    0x080027a0   0x0000004c   Code   RO          843    i.FLASH_ErasePage   stm32f0xx_flash.o
    0x080027ec   0x0000003c   Code   RO          846    i.FLASH_GetStatus   stm32f0xx_flash.o
    0x08002828   0x00000014   Code   RO          848    i.FLASH_Lock        stm32f0xx_flash.o
    0x0800283c   0x00000044   Code   RO          867    i.FLASH_ProgramHalfWord  stm32f0xx_flash.o
    0x08002880   0x00000024   Code   RO          870    i.FLASH_Unlock      stm32f0xx_flash.o
    0x080028a4   0x00000028   Code   RO          871    i.FLASH_WaitForLastOperation  stm32f0xx_flash.o
    0x080028cc   0x00000090   Code   RO         1042    i.GPIO_Init         stm32f0xx_gpio.o
    0x0800295c   0x00000044   Code   RO         1043    i.GPIO_PinAFConfig  stm32f0xx_gpio.o
    0x080029a0   0x0000009c   Code   RO         3672    i.Get_Attitude      imu.o
    0x08002a3c   0x00000078   Code   RO         3847    i.Gyro_Offest_Read  stmflash.o
    0x08002ab4   0x00000044   Code   RO         3848    i.Gyro_Offest_write  stmflash.o
    0x08002af8   0x0000004c   Code   RO         3719    i.HMC5883L_Save_Calib  hmc5883l.o
    0x08002b44   0x000000b8   Code   RO         3720    i.HMC5883L_Start_Calib  hmc5883l.o
    0x08002bfc   0x00000004   Code   RO         3948    i.HardFault_Handler  stm32f0xx_it.o
    0x08002c00   0x0000004c   Code   RO         3383    i.I2C_Configuration  i2c.o
    0x08002c4c   0x00000054   Code   RO         3386    i.I2C_ReceiveByte   i2c.o
    0x08002ca0   0x00000054   Code   RO         3387    i.I2C_SendByte      i2c.o
    0x08002cf4   0x0000005c   Code   RO         3388    i.I2C_Start         i2c.o
    0x08002d50   0x00000034   Code   RO         3389    i.I2C_Stop          i2c.o
    0x08002d84   0x0000004c   Code   RO         3390    i.I2C_WaitAck       i2c.o
    0x08002dd0   0x0000000e   Code   RO         3392    i.I2C_delay         i2c.o
    0x08002dde   0x0000003c   Code   RO         3393    i.IIC_ADD_read      i2c.o
    0x08002e1a   0x00000034   Code   RO         3394    i.IIC_ADD_write     i2c.o
    0x08002e4e   0x00000002   PAD
    0x08002e50   0x00000938   Code   RO         3673    i.IMUupdate         imu.o
    0x08003788   0x00000058   Code   RO         3721    i.Init_HMC5883L     hmc5883l.o
    0x080037e0   0x000000b4   Code   RO         3583    i.KalmanFilter_x    mpu6050.o
    0x08003894   0x000000b4   Code   RO         3584    i.KalmanFilter_y    mpu6050.o
    0x08003948   0x000000b4   Code   RO         3585    i.KalmanFilter_z    mpu6050.o
    0x080039fc   0x0000003c   Code   RO         3353    i.LEDXToggle        led.o
    0x08003a38   0x00000070   Code   RO         3354    i.LED_GPIO_Config   led.o
    0x08003aa8   0x0000002e   Code   RO         3586    i.LPF_1st           mpu6050.o
    0x08003ad6   0x00000002   PAD
    0x08003ad8   0x000000c4   Code   RO         3587    i.MPU_Acc_Offset    mpu6050.o
    0x08003b9c   0x000000d8   Code   RO         3588    i.MPU_Gyro_Offset   mpu6050.o
    0x08003c74   0x0000005e   Code   RO         3589    i.MPU_Init          mpu6050.o
    0x08003cd2   0x00000002   PAD
    0x08003cd4   0x000000b0   Code   RO         3590    i.MPU_Read          mpu6050.o
    0x08003d84   0x00000180   Code   RO         3591    i.MPU_Updata        mpu6050.o
    0x08003f04   0x00000078   Code   RO         3849    i.Mag_Offest_Read   stmflash.o
    0x08003f7c   0x00000044   Code   RO         3850    i.Mag_Offest_write  stmflash.o
    0x08003fc0   0x00000120   Code   RO         3722    i.Multiple_Read_HMC5883L  hmc5883l.o
    0x080040e0   0x00000002   Code   RO         3949    i.NMI_Handler       stm32f0xx_it.o
    0x080040e2   0x00000002   PAD
    0x080040e4   0x00000070   Code   RO         1455    i.NVIC_Init         stm32f0xx_misc.o
    0x08004154   0x00000078   Code   RO         3472    i.NVIC_SetPriority  systick.o
    0x080041cc   0x00000002   Code   RO         3950    i.PendSV_Handler    stm32f0xx_it.o
    0x080041ce   0x00000002   PAD
    0x080041d0   0x00000154   Code   RO         3592    i.Prepare_Data      mpu6050.o
    0x08004324   0x00000020   Code   RO         1562    i.RCC_AHBPeriphClockCmd  stm32f0xx_rcc.o
    0x08004344   0x00000020   Code   RO         1564    i.RCC_APB1PeriphClockCmd  stm32f0xx_rcc.o
    0x08004364   0x00000020   Code   RO         1566    i.RCC_APB2PeriphClockCmd  stm32f0xx_rcc.o
    0x08004384   0x000001f0   Code   RO         1576    i.RCC_GetClocksFreq  stm32f0xx_rcc.o
    0x08004574   0x00000094   Code   RO         3808    i.ReceiveData       receivedata.o
    0x08004608   0x00000022   Code   RO         3851    i.STMFLASH_Read     stmflash.o
    0x0800462a   0x00000006   Code   RO         3852    i.STMFLASH_ReadHalfWord  stmflash.o
    0x08004630   0x00000108   Code   RO         3853    i.STMFLASH_Write    stmflash.o
    0x08004738   0x00000022   Code   RO         3854    i.STMFLASH_Write_NoCheck  stmflash.o
    0x0800475a   0x00000002   Code   RO         3951    i.SVC_Handler       stm32f0xx_it.o
    0x0800475c   0x0000004c   Code   RO         3473    i.SYSTICK_Init      systick.o
    0x080047a8   0x000000d8   Code   RO           12    i.SetSysClock       system_stm32f0xx.o
    0x08004880   0x00000018   Code   RO         3952    i.SysTick_Handler   stm32f0xx_it.o
    0x08004898   0x0000007c   Code   RO           14    i.SystemInit        system_stm32f0xx.o
    0x08004914   0x00000054   Code   RO         3769    i.TIM2_Config       timer.o
    0x08004968   0x000000a0   Code   RO         3770    i.TIM2_IRQHandler   timer.o
    0x08004a08   0x00000006   Code   RO         2426    i.TIM_ClearITPendingBit  stm32f0xx_tim.o
    0x08004a0e   0x00000002   PAD
    0x08004a10   0x0000001c   Code   RO         2431    i.TIM_Cmd           stm32f0xx_tim.o
    0x08004a2c   0x00000026   Code   RO         2452    i.TIM_GetITStatus   stm32f0xx_tim.o
    0x08004a52   0x00000014   Code   RO         2456    i.TIM_ITConfig      stm32f0xx_tim.o
    0x08004a66   0x00000002   PAD
    0x08004a68   0x0000007c   Code   RO         2504    i.TIM_TimeBaseInit  stm32f0xx_tim.o
    0x08004ae4   0x0000001e   Code   RO         3507    i.UART_PutChar      usart.o
    0x08004b02   0x0000001a   Code   RO         3508    i.UART_PutStr       usart.o
    0x08004b1c   0x0000009c   Code   RO         3509    i.USART1_Config     usart.o
    0x08004bb8   0x00000040   Code   RO         3510    i.USART1_IRQHandler  usart.o
    0x08004bf8   0x000000a0   Code   RO         3511    i.USART2_Config     usart.o
    0x08004c98   0x00000044   Code   RO         3512    i.USART2_IRQHandler  usart.o
    0x08004cdc   0x00000004   Code   RO         2986    i.USART_ClearFlag   stm32f0xx_usart.o
    0x08004ce0   0x00000012   Code   RO         2987    i.USART_ClearITPendingBit  stm32f0xx_usart.o
    0x08004cf2   0x00000018   Code   RO         2990    i.USART_Cmd         stm32f0xx_usart.o
    0x08004d0a   0x00000014   Code   RO         2998    i.USART_GetFlagStatus  stm32f0xx_usart.o
    0x08004d1e   0x0000004e   Code   RO         2999    i.USART_GetITStatus  stm32f0xx_usart.o
    0x08004d6c   0x00000042   Code   RO         3001    i.USART_ITConfig    stm32f0xx_usart.o
    0x08004dae   0x00000002   PAD
    0x08004db0   0x000000e8   Code   RO         3002    i.USART_Init        stm32f0xx_usart.o
    0x08004e98   0x0000000a   Code   RO         3014    i.USART_ReceiveData  stm32f0xx_usart.o
    0x08004ea2   0x00000008   Code   RO         3019    i.USART_SendData    stm32f0xx_usart.o
    0x08004eaa   0x00000030   Code   RO         4212    i.__ARM_common_ll_muluu  c_p.l(btod.o)
    0x08004eda   0x00000002   PAD
    0x08004edc   0x0000002c   Code   RO         4165    i.__ARM_fpclassify  m_ps.l(fpclassify.o)
    0x08004f08   0x000000ac   Code   RO         4167    i.__kernel_poly     m_ps.l(poly.o)
    0x08004fb4   0x0000000a   Code   RO         4152    i.__mathlib_dbl_infnan  m_ps.l(dunder.o)
    0x08004fbe   0x00000008   Code   RO         4153    i.__mathlib_dbl_infnan2  m_ps.l(dunder.o)
    0x08004fc6   0x00000010   Code   RO         4154    i.__mathlib_dbl_invalid  m_ps.l(dunder.o)
    0x08004fd6   0x00000002   PAD
    0x08004fd8   0x00000014   Code   RO         4157    i.__mathlib_dbl_underflow  m_ps.l(dunder.o)
    0x08004fec   0x0000000e   Code   RO         4018    i._is_digit         c_p.l(__printf_wp.o)
    0x08004ffa   0x00000002   PAD
    0x08004ffc   0x00000274   Code   RO         4083    i.asin              m_ps.l(asin.o)
    0x08005270   0x0000021c   Code   RO         4142    i.atan              m_ps.l(atan.o)
    0x0800548c   0x00000178   Code   RO         4093    i.atan2             m_ps.l(atan2.o)
    0x08005604   0x00000080   Code   RO         3809    i.commander         receivedata.o
    0x08005684   0x00000014   Code   RO         3474    i.delay_ms          systick.o
    0x08005698   0x00000048   Code   RO         3674    i.invSqrt           imu.o
    0x080056e0   0x0000005c   Code   RO         3928    i.main              main.o
    0x0800573c   0x00000088   Code   RO         3723    i.read_HMC5883L     hmc5883l.o
    0x080057c4   0x00000048   Code   RO         4101    i.sqrt              m_ps.l(sqrt.o)
    0x0800580c   0x0000002c   Code   RO         4215    locale$$code        c_p.l(lc_numeric_c.o)
    0x08005838   0x0000002c   Code   RO         4300    locale$$code        c_p.l(lc_ctype_c.o)
    0x08005864   0x0000008c   Code   RO         4066    x$fpl$fadd          fz_ps.l(faddsub.o)
    0x080058f0   0x00000054   Code   RO         4072    x$fpl$feqf          fz_ps.l(feqf.o)
    0x08005944   0x000000b0   Code   RO         4078    x$fpl$fmul          fz_ps.l(fmul.o)
    0x080059f4   0x00000018   Code   RO         4067    x$fpl$frsb          fz_ps.l(faddsub.o)
    0x08005a0c   0x000000d0   Code   RO         4068    x$fpl$fsub          fz_ps.l(faddsub.o)
    0x08005adc   0x00000010   Code   RO         4080    x$fpl$printf1       fz_ps.l(printf1.o)
    0x08005aec   0x00000000   Code   RO         4140    x$fpl$usenofp       fz_ps.l(usenofp.o)
    0x08005aec   0x00000080   Data   RO         4054    .constdata          fz_ps.l(ddiv.o)
    0x08005b6c   0x00000004   PAD
    0x08005b70   0x00000050   Data   RO         4084    .constdata          m_ps.l(asin.o)
    0x08005bc0   0x00000098   Data   RO         4143    .constdata          m_ps.l(atan.o)
    0x08005c58   0x00000008   Data   RO         4169    .constdata          m_ps.l(qnan.o)
    0x08005c60   0x00000094   Data   RO         4208    .constdata          c_p.l(bigflt0.o)
    0x08005cf4   0x00000020   Data   RO         4376    Region$$Table       anon$$obj.o
    0x08005d14   0x0000001c   Data   RO         4214    locale$$data        c_p.l(lc_numeric_c.o)
    0x08005d30   0x00000110   Data   RO         4299    locale$$data        c_p.l(lc_ctype_c.o)


    Execution Region RW_IRAM1 (Base: 0x20000000, Size: 0x00000cb8, Max: 0x00004000, ABSOLUTE)

    Base Addr    Size         Type   Attr      Idx    E Section Name        Object

    0x20000000   0x00000014   Data   RW           15    .data               system_stm32f0xx.o
    0x20000014   0x00000010   Data   RW         1602    .data               stm32f0xx_rcc.o
    0x20000024   0x00000004   PAD
    0x20000028   0x0000003c   Data   RW         3594    .data               mpu6050.o
    0x20000064   0x0000001c   Data   RW         3676    .data               imu.o
    0x20000080   0x0000000a   Data   RW         3725    .data               hmc5883l.o
    0x2000008a   0x00000002   PAD
    0x2000008c   0x00000008   Data   RW         3773    .data               timer.o
    0x20000094   0x00000001   Data   RW         3811    .data               receivedata.o
    0x20000095   0x00000001   PAD
    0x20000096   0x00000002   Data   RW         3953    .data               stm32f0xx_it.o
    0x20000098   0x000000a8   Zero   RW         3593    .bss                mpu6050.o
    0x20000140   0x0000000c   Zero   RW         3675    .bss                imu.o
    0x2000014c   0x00000078   Zero   RW         3724    .bss                hmc5883l.o
    0x200001c4   0x00000020   Zero   RW         3772    .bss                timer.o
    0x200001e4   0x00000010   Zero   RW         3810    .bss                receivedata.o
    0x200001f4   0x00000460   Zero   RW         3856    .bss                stmflash.o
    0x20000654   0x00000060   Zero   RW         4226    .bss                c_p.l(libspace.o)
    0x200006b4   0x00000004   PAD
    0x200006b8   0x00000200   Zero   RW            2    HEAP                startup_stm32f072.o
    0x200008b8   0x00000400   Zero   RW            1    STACK               startup_stm32f072.o


==============================================================================

Image component sizes


      Code (inc. data)   RO Data    RW Data    ZI Data      Debug   Object Name

       772         50          0         10        120       4952   hmc5883l.o
       590         32          0          0          0       4619   i2c.o
      2588         82          0         28         12       3351   imu.o
       172         12          0          0          0       1015   led.o
        92         14          0          0          0        487   main.o
      1992        122          0         60        168       9519   mpu6050.o
       276         40          0          1         16       1815   receivedata.o
        56         26        192          0       1536        760   startup_stm32f072.o
       300         34          0          0          0       3693   stm32f0xx_flash.o
       212          0          0          0          0       1943   stm32f0xx_gpio.o
        34          4          0          2          0       2339   stm32f0xx_it.o
       112          6          0          0          0       1048   stm32f0xx_misc.o
       592         40          0         16          0       3898   stm32f0xx_rcc.o
       216         38          0          0          0       3874   stm32f0xx_tim.o
       460         18          0          0          0       7025   stm32f0xx_usart.o
       902        164          0          0       1120       6883   stmflash.o
       340         24          0         20          0     204305   system_stm32f0xx.o
       216         28          0          0          0       7250   systick.o
       244         44          0          8         32       1771   timer.o
       504         36          0          0          0       3805   usart.o

    ----------------------------------------------------------------------
     10686        814        224        152       3004     274352   Object Totals
         0          0         32          0          0          0   (incl. Generated)
        16          0          0          7          0          0   (incl. Padding)

    ----------------------------------------------------------------------

      Code (inc. data)   RO Data    RW Data    ZI Data      Debug   Library Member Name

        64         10          0          0          0         84   __0sscanf.o
         8          0          0          0          0         68   __main.o
       284          0          0          0          0        136   __printf_wp.o
         0          0          0          0          0          0   __rtentry.o
        12          0          0          0          0          0   __rtentry2.o
         6          0          0          0          0          0   __rtentry4.o
        60          8          0          0          0          0   __scatter.o
        26          0          0          0          0          0   __scatter_copy.o
        28          0          0          0          0          0   __scatter_zi.o
        30          0          0          0          0         60   _chval.o
        48          6          0          0          0         88   _printf_char_common.o
        10          0          0          0          0          0   _printf_d.o
       108         18          0          0          0         76   _printf_dec.o
        10          0          0          0          0          0   _printf_f.o
      1044         14          0          0          0        176   _printf_fp_dec.o
       136         16          0          0          0         76   _printf_fp_infnan.o
       176          0          0          0          0         84   _printf_intcommon.o
        78          0          0          0          0        100   _printf_pad.o
         2          0          0          0          0          0   _printf_percent.o
         4          0          0          0          0          0   _printf_percent_end.o
        22          0          0          0          0         92   _rserrno.o
       896         16          0          0          0         84   _scanf.o
       330          0          0          0          0         84   _scanf_int.o
        68          0          0          0          0         76   _sgetc.o
        10          0          0          0          0         60   _sputc.o
       346          0          0          0          0         92   aeabi_sdiv.o
       200          4        148          0          0         80   bigflt0.o
      1240         12          0          0          0        316   btod.o
        12          0          0          0          0         64   exit.o
         6          0          0          0          0        136   heapauxi.o
         0          0          0          0          0          0   indicate_semi.o
        18          0          0          0          0         68   isspace.o
        44         10        272          0          0         76   lc_ctype_c.o
        44         10         28          0          0         76   lc_numeric_c.o
         2          0          0          0          0          0   libinit.o
        30          0          0          0          0          0   libinit2.o
         2          0          0          0          0          0   libshutdown.o
         2          0          0          0          0          0   libshutdown2.o
         8          4          0          0         96         68   libspace.o
       122          0          0          0          0         72   lludiv10.o
        40          4          0          0          0         84   noretval__2sprintf.o
        16          4          0          0          0         76   rt_ctype_table.o
         8          4          0          0          0         68   rt_errno_addr_intlibspace.o
         8          4          0          0          0         68   rt_locale_intlibspace.o
        64          0          0          0          0        108   rt_memclr.o
         2          0          0          0          0          0   rtexit.o
        10          0          0          0          0          0   rtexit2.o
        40          0          0          0          0         60   rtudiv10.o
        48          8          0          0          0         84   scanf_char.o
       136          4          0          0          0         72   strcmp.o
        68          6          0          0          0         72   strlen.o
        12          4          0          0          0         60   sys_exit.o
        62          0          0          0          0         80   sys_stackheap_outer.o
         2          0          0          0          0         68   use_no_semi.o
        48          4          0          0          0         60   cmpret.o
       124          4          0          0          0         72   d2f.o
       856         20          0          0          0        208   daddsub.o
      1096         26        128          0          0        112   ddiv.o
       108         10          0          0          0         72   dfixi.o
        72          4          0          0          0         68   dfixui.o
        88          0          0          0          0         92   dflti.o
       584         26          0          0          0         84   dmul.o
        96         12          0          0          0         72   dscalbn.o
       256          8          0          0          0         76   dsqrt.o
        84          4          0          0          0         60   f2d.o
       372          8          0          0          0        240   faddsub.o
       100          4          0          0          0         68   fcmpin.o
        84          4          0          0          0         76   feqf.o
        76          0          0          0          0         68   ffixi.o
        94          0          0          0          0         92   fflti.o
       176          4          0          0          0         80   fmul.o
        16          6          0          0          0         68   fnan2.o
        16          4          0          0          0         76   printf1.o
        94          0          0          0          0         68   retnan.o
         0          0          0          0          0          0   usenofp.o
       628         54         80          0          0        104   asin.o
       540         68        152          0          0        112   atan.o
       376         42          0          0          0        144   atan2.o
        54          6          0          0          0        272   dunder.o
        44          4          0          0          0         60   fpclassify.o
       172          0          0          0          0         76   poly.o
         0          0          8          0          0          0   qnan.o
        72          6          0          0          0         76   sqrt.o

    ----------------------------------------------------------------------
     12398        494        820          0        100       5948   Library Totals
        20          0          4          0          4          0   (incl. Padding)

    ----------------------------------------------------------------------

      Code (inc. data)   RO Data    RW Data    ZI Data      Debug   Library Name

      6052        166        448          0         96       3292   c_p.l
      4440        148        128          0          0       1812   fz_ps.l
      1886        180        240          0          0        844   m_ps.l

    ----------------------------------------------------------------------
     12398        494        820          0        100       5948   Library Totals

    ----------------------------------------------------------------------

==============================================================================


      Code (inc. data)   RO Data    RW Data    ZI Data      Debug   

     23084       1308       1044        152       3104     273556   Grand Totals
     23084       1308       1044        152       3104     273556   ELF Image Totals
     23084       1308       1044        152          0          0   ROM Totals

==============================================================================

    Total RO  Size (Code + RO Data)                24128 (  23.56kB)
    Total RW  Size (RW Data + ZI Data)              3256 (   3.18kB)
    Total ROM Size (Code + RO Data + RW Data)      24280 (  23.71kB)

==============================================================================

