Component: ARM Compiler 5.05 update 1 (build 106) Tool: armlink [4d0efa]

==============================================================================

Section Cross References

    startup_stm32f072.o(STACK) refers (Special) to heapauxi.o(.text) for __use_two_region_memory
    startup_stm32f072.o(HEAP) refers (Special) to heapauxi.o(.text) for __use_two_region_memory
    startup_stm32f072.o(RESET) refers (Special) to heapauxi.o(.text) for __use_two_region_memory
    startup_stm32f072.o(RESET) refers to startup_stm32f072.o(STACK) for __initial_sp
    startup_stm32f072.o(RESET) refers to startup_stm32f072.o(.text) for Reset_Handler
    startup_stm32f072.o(RESET) refers to stm32f0xx_it.o(i.NMI_Handler) for NMI_Handler
    startup_stm32f072.o(RESET) refers to stm32f0xx_it.o(i.HardFault_Handler) for HardFault_Handler
    startup_stm32f072.o(RESET) refers to stm32f0xx_it.o(i.SVC_Handler) for SVC_Handler
    startup_stm32f072.o(RESET) refers to stm32f0xx_it.o(i.PendSV_Handler) for PendSV_Handler
    startup_stm32f072.o(RESET) refers to stm32f0xx_it.o(i.SysTick_Handler) for SysTick_Handler
    startup_stm32f072.o(RESET) refers to timer.o(i.TIM2_IRQHandler) for TIM2_IRQHandler
    startup_stm32f072.o(RESET) refers to usart.o(i.USART1_IRQHandler) for USART1_IRQHandler
    startup_stm32f072.o(.text) refers (Special) to heapauxi.o(.text) for __use_two_region_memory
    startup_stm32f072.o(.text) refers to system_stm32f0xx.o(i.SystemInit) for SystemInit
    startup_stm32f072.o(.text) refers to __main.o(!!!main) for __main
    startup_stm32f072.o(.text) refers to startup_stm32f072.o(HEAP) for Heap_Mem
    startup_stm32f072.o(.text) refers to startup_stm32f072.o(STACK) for Stack_Mem
    system_stm32f0xx.o(i.SystemCoreClockUpdate) refers to aeabi_sdiv.o(.text) for __aeabi_uidivmod
    system_stm32f0xx.o(i.SystemCoreClockUpdate) refers to system_stm32f0xx.o(.data) for SystemCoreClock
    system_stm32f0xx.o(i.SystemInit) refers to system_stm32f0xx.o(i.SetSysClock) for SetSysClock
    stm32f0xx_cec.o(i.CEC_DeInit) refers to stm32f0xx_rcc.o(i.RCC_APB1PeriphResetCmd) for RCC_APB1PeriphResetCmd
    stm32f0xx_crs.o(i.CRS_DeInit) refers to stm32f0xx_rcc.o(i.RCC_APB1PeriphResetCmd) for RCC_APB1PeriphResetCmd
    stm32f0xx_dac.o(i.DAC_DeInit) refers to stm32f0xx_rcc.o(i.RCC_APB1PeriphResetCmd) for RCC_APB1PeriphResetCmd
    stm32f0xx_flash.o(i.FLASH_EraseAllPages) refers to stm32f0xx_flash.o(i.FLASH_WaitForLastOperation) for FLASH_WaitForLastOperation
    stm32f0xx_flash.o(i.FLASH_ErasePage) refers to stm32f0xx_flash.o(i.FLASH_WaitForLastOperation) for FLASH_WaitForLastOperation
    stm32f0xx_flash.o(i.FLASH_OB_BOOT0Config) refers to stm32f0xx_flash.o(i.FLASH_WaitForLastOperation) for FLASH_WaitForLastOperation
    stm32f0xx_flash.o(i.FLASH_OB_BOOT0SWConfig) refers to stm32f0xx_flash.o(i.FLASH_WaitForLastOperation) for FLASH_WaitForLastOperation
    stm32f0xx_flash.o(i.FLASH_OB_BOOTConfig) refers to stm32f0xx_flash.o(i.FLASH_WaitForLastOperation) for FLASH_WaitForLastOperation
    stm32f0xx_flash.o(i.FLASH_OB_EnableWRP) refers to stm32f0xx_flash.o(i.FLASH_WaitForLastOperation) for FLASH_WaitForLastOperation
    stm32f0xx_flash.o(i.FLASH_OB_Erase) refers to stm32f0xx_flash.o(i.FLASH_OB_GetRDP) for FLASH_OB_GetRDP
    stm32f0xx_flash.o(i.FLASH_OB_Erase) refers to stm32f0xx_flash.o(i.FLASH_WaitForLastOperation) for FLASH_WaitForLastOperation
    stm32f0xx_flash.o(i.FLASH_OB_ProgramData) refers to stm32f0xx_flash.o(i.FLASH_WaitForLastOperation) for FLASH_WaitForLastOperation
    stm32f0xx_flash.o(i.FLASH_OB_RDPConfig) refers to stm32f0xx_flash.o(i.FLASH_WaitForLastOperation) for FLASH_WaitForLastOperation
    stm32f0xx_flash.o(i.FLASH_OB_SRAMParityConfig) refers to stm32f0xx_flash.o(i.FLASH_WaitForLastOperation) for FLASH_WaitForLastOperation
    stm32f0xx_flash.o(i.FLASH_OB_UserConfig) refers to stm32f0xx_flash.o(i.FLASH_WaitForLastOperation) for FLASH_WaitForLastOperation
    stm32f0xx_flash.o(i.FLASH_OB_VDDAConfig) refers to stm32f0xx_flash.o(i.FLASH_WaitForLastOperation) for FLASH_WaitForLastOperation
    stm32f0xx_flash.o(i.FLASH_OB_WriteUser) refers to stm32f0xx_flash.o(i.FLASH_WaitForLastOperation) for FLASH_WaitForLastOperation
    stm32f0xx_flash.o(i.FLASH_ProgramHalfWord) refers to stm32f0xx_flash.o(i.FLASH_WaitForLastOperation) for FLASH_WaitForLastOperation
    stm32f0xx_flash.o(i.FLASH_ProgramWord) refers to stm32f0xx_flash.o(i.FLASH_WaitForLastOperation) for FLASH_WaitForLastOperation
    stm32f0xx_flash.o(i.FLASH_WaitForLastOperation) refers to stm32f0xx_flash.o(i.FLASH_GetStatus) for FLASH_GetStatus
    stm32f0xx_gpio.o(i.GPIO_DeInit) refers to stm32f0xx_rcc.o(i.RCC_AHBPeriphResetCmd) for RCC_AHBPeriphResetCmd
    stm32f0xx_i2c.o(i.I2C_DeInit) refers to stm32f0xx_rcc.o(i.RCC_APB1PeriphResetCmd) for RCC_APB1PeriphResetCmd
    stm32f0xx_pwr.o(i.PWR_DeInit) refers to stm32f0xx_rcc.o(i.RCC_APB1PeriphResetCmd) for RCC_APB1PeriphResetCmd
[...]
    ..\..\Libraries\CMSIS\ST\STM32F0xx\Source\Templates\arm\startup_stm32f072.s 0x00000000   Number         0  startup_stm32f072.o ABSOLUTE
    ..\..\Libraries\CMSIS\ST\STM32F0xx\Source\Templates\system_stm32f0xx.c 0x00000000   Number         0  system_stm32f0xx.o ABSOLUTE
    ..\..\Libraries\STM32F0xx_StdPeriph_Driver\src\stm32f0xx_cec.c 0x00000000   Number         0  stm32f0xx_cec.o ABSOLUTE
    ..\..\Libraries\STM32F0xx_StdPeriph_Driver\src\stm32f0xx_comp.c 0x00000000   Number         0  stm32f0xx_comp.o ABSOLUTE
    ..\..\Libraries\STM32F0xx_StdPeriph_Driver\src\stm32f0xx_crc.c 0x00000000   Number         0  stm32f0xx_crc.o ABSOLUTE
    ..\..\Libraries\STM32F0xx_StdPeriph_Driver\src\stm32f0xx_crs.c 0x00000000   Number         0  stm32f0xx_crs.o ABSOLUTE
    ..\..\Libraries\STM32F0xx_StdPeriph_Driver\src\stm32f0xx_dac.c 0x00000000   Number         0  stm32f0xx_dac.o ABSOLUTE
    ..\..\Libraries\STM32F0xx_StdPeriph_Driver\src\stm32f0xx_dbgmcu.c 0x00000000   Number         0  stm32f0xx_dbgmcu.o ABSOLUTE
    ..\..\Libraries\STM32F0xx_StdPeriph_Driver\src\stm32f0xx_dma.c 0x00000000   Number         0  stm32f0xx_dma.o ABSOLUTE
    ..\..\Libraries\STM32F0xx_StdPeriph_Driver\src\stm32f0xx_exti.c 0x00000000   Number         0  stm32f0xx_exti.o ABSOLUTE
    ..\..\Libraries\STM32F0xx_StdPeriph_Driver\src\stm32f0xx_flash.c 0x00000000   Number         0  stm32f0xx_flash.o ABSOLUTE
    ..\..\Libraries\STM32F0xx_StdPeriph_Driver\src\stm32f0xx_gpio.c 0x00000000   Number         0  stm32f0xx_gpio.o ABSOLUTE
    ..\..\Libraries\STM32F0xx_StdPeriph_Driver\src\stm32f0xx_i2c.c 0x00000000   Number         0  stm32f0xx_i2c.o ABSOLUTE
    ..\..\Libraries\STM32F0xx_StdPeriph_Driver\src\stm32f0xx_iwdg.c 0x00000000   Number         0  stm32f0xx_iwdg.o ABSOLUTE
    ..\..\Libraries\STM32F0xx_StdPeriph_Driver\src\stm32f0xx_misc.c 0x00000000   Number         0  stm32f0xx_misc.o ABSOLUTE
    ..\..\Libraries\STM32F0xx_StdPeriph_Driver\src\stm32f0xx_pwr.c 0x00000000   Number         0  stm32f0xx_pwr.o ABSOLUTE
    ..\..\Libraries\STM32F0xx_StdPeriph_Driver\src\stm32f0xx_rcc.c 0x00000000   Number         0  stm32f0xx_rcc.o ABSOLUTE
    ..\..\Libraries\STM32F0xx_StdPeriph_Driver\src\stm32f0xx_rtc.c 0x00000000   Number         0  stm32f0xx_rtc.o ABSOLUTE
    ..\..\Libraries\STM32F0xx_StdPeriph_Driver\src\stm32f0xx_spi.c 0x00000000   Number         0  stm32f0xx_spi.o ABSOLUTE
    ..\..\Libraries\STM32F0xx_StdPeriph_Driver\src\stm32f0xx_syscfg.c 0x00000000   Number         0  stm32f0xx_syscfg.o ABSOLUTE
    ..\..\Libraries\STM32F0xx_StdPeriph_Driver\src\stm32f0xx_tim.c 0x00000000   Number         0  stm32f0xx_tim.o ABSOLUTE
    ..\..\Libraries\STM32F0xx_StdPeriph_Driver\src\stm32f0xx_usart.c 0x00000000   Number         0  stm32f0xx_usart.o ABSOLUTE
    ..\..\Libraries\STM32F0xx_StdPeriph_Driver\src\stm32f0xx_wwdg.c 0x00000000   Number         0  stm32f0xx_wwdg.o ABSOLUTE
    ..\\..\\BSP\\HMC5883L.c                  0x00000000   Number         0  hmc5883l.o ABSOLUTE
    ..\\..\\BSP\\IMU.c                       0x00000000   Number         0  imu.o ABSOLUTE
    ..\\..\\BSP\\i2c.c                       0x00000000   Number         0  i2c.o ABSOLUTE
    ..\\..\\BSP\\led.c                       0x00000000   Number         0  led.o ABSOLUTE
    ..\\..\\BSP\\mpu6050.c                   0x00000000   Number         0  mpu6050.o ABSOLUTE
    ..\\..\\BSP\\receivedata.c               0x00000000   Number         0  receivedata.o ABSOLUTE
    ..\\..\\BSP\\systick.c                   0x00000000   Number         0  systick.o ABSOLUTE
    ..\\..\\BSP\\timer.c                     0x00000000   Number         0  timer.o ABSOLUTE
    ..\\..\\BSP\\usart.c                     0x00000000   Number         0  usart.o ABSOLUTE
    ..\\..\\Libraries\\CMSIS\\ST\\STM32F0xx\\Source\\Templates\\system_stm32f0xx.c 0x00000000   Number         0  system_stm32f0xx.o ABSOLUTE
    ..\\..\\Libraries\\STM32F0xx_StdPeriph_Driver\\src\\stm32f0xx_cec.c 0x00000000   Number         0  stm32f0xx_cec.o ABSOLUTE
    ..\\..\\Libraries\\STM32F0xx_StdPeriph_Driver\\src\\stm32f0xx_comp.c 0x00000000   Number         0  stm32f0xx_comp.o ABSOLUTE
    ..\\..\\Libraries\\STM32F0xx_StdPeriph_Driver\\src\\stm32f0xx_crc.c 0x00000000   Number         0  stm32f0xx_crc.o ABSOLUTE
    ..\\..\\Libraries\\STM32F0xx_StdPeriph_Driver\\src\\stm32f0xx_crs.c 0x00000000   Number         0  stm32f0xx_crs.o ABSOLUTE
    ..\\..\\Libraries\\STM32F0xx_StdPeriph_Driver\\src\\stm32f0xx_dac.c 0x00000000   Number         0  stm32f0xx_dac.o ABSOLUTE
    ..\\..\\Libraries\\STM32F0xx_StdPeriph_Driver\\src\\stm32f0xx_dbgmcu.c 0x00000000   Number         0  stm32f0xx_dbgmcu.o ABSOLUTE
    ..\\..\\Libraries\\STM32F0xx_StdPeriph_Driver\\src\\stm32f0xx_dma.c 0x00000000   Number         0  stm32f0xx_dma.o ABSOLUTE
    ..\\..\\Libraries\\STM32F0xx_StdPeriph_Driver\\src\\stm32f0xx_exti.c 0x00000000   Number         0  stm32f0xx_exti.o ABSOLUTE
    ..\\..\\Libraries\\STM32F0xx_StdPeriph_Driver\\src\\stm32f0xx_flash.c 0x00000000   Number         0  stm32f0xx_flash.o ABSOLUTE
    ..\\..\\Libraries\\STM32F0xx_StdPeriph_Driver\\src\\stm32f0xx_gpio.c 0x00000000   Number         0  stm32f0xx_gpio.o ABSOLUTE
    ..\\..\\Libraries\\STM32F0xx_StdPeriph_Driver\\src\\stm32f0xx_i2c.c 0x00000000   Number         0  stm32f0xx_i2c.o ABSOLUTE
    ..\\..\\Libraries\\STM32F0xx_StdPeriph_Driver\\src\\stm32f0xx_iwdg.c 0x00000000   Number         0  stm32f0xx_iwdg.o ABSOLUTE
    ..\\..\\Libraries\\STM32F0xx_StdPeriph_Driver\\src\\stm32f0xx_misc.c 0x00000000   Number         0  stm32f0xx_misc.o ABSOLUTE
    ..\\..\\Libraries\\STM32F0xx_StdPeriph_Driver\\src\\stm32f0xx_pwr.c 0x00000000   Number         0  stm32f0xx_pwr.o ABSOLUTE
    ..\\..\\Libraries\\STM32F0xx_StdPeriph_Driver\\src\\stm32f0xx_rcc.c 0x00000000   Number         0  stm32f0xx_rcc.o ABSOLUTE
    ..\\..\\Libraries\\STM32F0xx_StdPeriph_Driver\\src\\stm32f0xx_rtc.c 0x00000000   Number         0  stm32f0xx_rtc.o ABSOLUTE
    ..\\..\\Libraries\\STM32F0xx_StdPeriph_Driver\\src\\stm32f0xx_spi.c 0x00000000   Number         0  stm32f0xx_spi.o ABSOLUTE
    ..\\..\\Libraries\\STM32F0xx_StdPeriph_Driver\\src\\stm32f0xx_syscfg.c 0x00000000   Number         0  stm32f0xx_syscfg.o ABSOLUTE
    ..\\..\\Libraries\\STM32F0xx_StdPeriph_Driver\\src\\stm32f0xx_tim.c 0x00000000   Number         0  stm32f0xx_tim.o ABSOLUTE
    ..\\..\\Libraries\\STM32F0xx_StdPeriph_Driver\\src\\stm32f0xx_usart.c 0x00000000   Number         0  stm32f0xx_usart.o ABSOLUTE
    ..\\..\\Libraries\\STM32F0xx_StdPeriph_Driver\\src\\stm32f0xx_wwdg.c 0x00000000   Number         0  stm32f0xx_wwdg.o ABSOLUTE
    ..\\stm32f0xx_it.c                       0x00000000   Number         0  stm32f0xx_it.o ABSOLUTE
    ..\stm32f0xx_it.c                        0x00000000   Number         0  stm32f0xx_it.o ABSOLUTE
    dc.s                                     0x00000000   Number         0  dc.o ABSOLUTE
    main.c                                   0x00000000   Number         0  main.o ABSOLUTE
    main.c                                   0x00000000   Number         0  main.o ABSOLUTE
    RESET                                    0x08000000   Section      192  startup_stm32f072.o(RESET)
    !!!main                                  0x080000c0   Section        8  __main.o(!!!main)
    !!!scatter                               0x080000c8   Section       60  __scatter.o(!!!scatter)
    !!handler_copy                           0x08000104   Section       26  __scatter_copy.o(!!handler_copy)
    !!handler_zi                             0x08000120   Section       28  __scatter_zi.o(!!handler_zi)
    .ARM.Collect$$_printf_percent$$00000000  0x0800013c   Section        2  _printf_percent.o(.ARM.Collect$$_printf_percent$$00000000)
    .ARM.Collect$$_printf_percent$$00000003  0x0800013e   Section       10  _printf_f.o(.ARM.Collect$$_printf_percent$$00000003)
    .ARM.Collect$$_printf_percent$$00000017  0x08000148   Section        4  _printf_percent_end.o(.ARM.Collect$$_printf_percent$$00000017)
    .ARM.Collect$$libinit$$00000000          0x0800014c   Section        2  libinit.o(.ARM.Collect$$libinit$$00000000)
    .ARM.Collect$$libinit$$00000002          0x0800014e   Section        0  libinit2.o(.ARM.Collect$$libinit$$00000002)
    .ARM.Collect$$libinit$$00000004          0x0800014e   Section        0  libinit2.o(.ARM.Collect$$libinit$$00000004)
    .ARM.Collect$$libinit$$0000000A          0x0800014e   Section        0  libinit2.o(.ARM.Collect$$libinit$$0000000A)
    .ARM.Collect$$libinit$$0000000C          0x0800014e   Section        0  libinit2.o(.ARM.Collect$$libinit$$0000000C)
    .ARM.Collect$$libinit$$0000000E          0x0800014e   Section        0  libinit2.o(.ARM.Collect$$libinit$$0000000E)
    .ARM.Collect$$libinit$$0000000F          0x0800014e   Section        6  libinit2.o(.ARM.Collect$$libinit$$0000000F)
    .ARM.Collect$$libinit$$00000011          0x08000154   Section        0  libinit2.o(.ARM.Collect$$libinit$$00000011)
    .ARM.Collect$$libinit$$00000013          0x08000154   Section        0  libinit2.o(.ARM.Collect$$libinit$$00000013)
    .ARM.Collect$$libinit$$00000015          0x08000154   Section        0  libinit2.o(.ARM.Collect$$libinit$$00000015)
    .ARM.Collect$$libinit$$00000016          0x08000154   Section       10  libinit2.o(.ARM.Collect$$libinit$$00000016)
    .ARM.Collect$$libinit$$00000017          0x0800015e   Section        0  libinit2.o(.ARM.Collect$$libinit$$00000017)
    .ARM.Collect$$libinit$$00000019          0x0800015e   Section        0  libinit2.o(.ARM.Collect$$libinit$$00000019)
    .ARM.Collect$$libinit$$0000001B          0x0800015e   Section        0  libinit2.o(.ARM.Collect$$libinit$$0000001B)
    .ARM.Collect$$libinit$$0000001D          0x0800015e   Section        0  libinit2.o(.ARM.Collect$$libinit$$0000001D)
    .ARM.Collect$$libinit$$0000001F          0x0800015e   Section        0  libinit2.o(.ARM.Collect$$libinit$$0000001F)
    .ARM.Collect$$libinit$$00000021          0x0800015e   Section        0  libinit2.o(.ARM.Collect$$libinit$$00000021)
    .ARM.Collect$$libinit$$00000023          0x0800015e   Section        0  libinit2.o(.ARM.Collect$$libinit$$00000023)
    .ARM.Collect$$libinit$$00000025          0x0800015e   Section        0  libinit2.o(.ARM.Collect$$libinit$$00000025)
    .ARM.Collect$$libinit$$0000002C          0x0800015e   Section        0  libinit2.o(.ARM.Collect$$libinit$$0000002C)
    .ARM.Collect$$libinit$$0000002E          0x0800015e   Section        0  libinit2.o(.ARM.Collect$$libinit$$0000002E)
    .ARM.Collect$$libinit$$00000030          0x0800015e   Section        0  libinit2.o(.ARM.Collect$$libinit$$00000030)
    .ARM.Collect$$libinit$$00000032          0x0800015e   Section        0  libinit2.o(.ARM.Collect$$libinit$$00000032)
    .ARM.Collect$$libinit$$00000033          0x0800015e   Section        2  libinit2.o(.ARM.Collect$$libinit$$00000033)
    .ARM.Collect$$libshutdown$$00000000      0x08000160   Section        2  libshutdown.o(.ARM.Collect$$libshutdown$$00000000)
    .ARM.Collect$$libshutdown$$00000003      0x08000162   Section        0  libshutdown2.o(.ARM.Collect$$libshutdown$$00000003)
    .ARM.Collect$$libshutdown$$00000006      0x08000162   Section        0  libshutdown2.o(.ARM.Collect$$libshutdown$$00000006)
    .ARM.Collect$$libshutdown$$00000009      0x08000162   Section        0  libshutdown2.o(.ARM.Collect$$libshutdown$$00000009)
    .ARM.Collect$$libshutdown$$0000000B      0x08000162   Section        0  libshutdown2.o(.ARM.Collect$$libshutdown$$0000000B)
    .ARM.Collect$$libshutdown$$0000000E      0x08000162   Section        0  libshutdown2.o(.ARM.Collect$$libshutdown$$0000000E)
    .ARM.Collect$$libshutdown$$0000000F      0x08000162   Section        2  libshutdown2.o(.ARM.Collect$$libshutdown$$0000000F)
    .ARM.Collect$$rtentry$$00000000          0x08000164   Section        0  __rtentry.o(.ARM.Collect$$rtentry$$00000000)
    .ARM.Collect$$rtentry$$00000002          0x08000164   Section        0  __rtentry2.o(.ARM.Collect$$rtentry$$00000002)
    .ARM.Collect$$rtentry$$00000004          0x08000164   Section        6  __rtentry4.o(.ARM.Collect$$rtentry$$00000004)
    .ARM.Collect$$rtentry$$00000009          0x0800016a   Section        0  __rtentry2.o(.ARM.Collect$$rtentry$$00000009)
    .ARM.Collect$$rtentry$$0000000A          0x0800016a   Section        4  __rtentry2.o(.ARM.Collect$$rtentry$$0000000A)
    .ARM.Collect$$rtentry$$0000000C          0x0800016e   Section        0  __rtentry2.o(.ARM.Collect$$rtentry$$0000000C)
    .ARM.Collect$$rtentry$$0000000D          0x0800016e   Section        8  __rtentry2.o(.ARM.Collect$$rtentry$$0000000D)
    .ARM.Collect$$rtexit$$00000000           0x08000176   Section        2  rtexit.o(.ARM.Collect$$rtexit$$00000000)
    .ARM.Collect$$rtexit$$00000002           0x08000178   Section        0  rtexit2.o(.ARM.Collect$$rtexit$$00000002)
    .ARM.Collect$$rtexit$$00000003           0x08000178   Section        4  rtexit2.o(.ARM.Collect$$rtexit$$00000003)
    .ARM.Collect$$rtexit$$00000004           0x0800017c   Section        6  rtexit2.o(.ARM.Collect$$rtexit$$00000004)
    .text                                    0x08000184   Section       56  startup_stm32f072.o(.text)
    .text                                    0x080001bc   Section        0  noretval__2sprintf.o(.text)
    .text                                    0x080001e4   Section        0  _printf_pad.o(.text)
    .text                                    0x08000232   Section        0  __printf_wp.o(.text)
    .text                                    0x08000340   Section        0  strlen.o(.text)
    .text                                    0x08000384   Section        0  rt_memclr.o(.text)
    .text                                    0x080003c4   Section        0  strcmp.o(.text)
    .text                                    0x0800044c   Section      346  aeabi_sdiv.o(.text)
    .text                                    0x080005a6   Section        0  heapauxi.o(.text)
    .text                                    0x080005ac   Section        0  d2f.o(.text)
    .text                                    0x08000628   Section        0  daddsub.o(.text)
    _dadd1                                   0x08000629   Thumb Code   290  daddsub.o(.text)
    _dsub1                                   0x0800074b   Thumb Code   470  daddsub.o(.text)
    .text                                    0x08000980   Section        0  ddiv.o(.text)
    .text                                    0x08000dc8   Section        0  dfixi.o(.text)
    .text                                    0x08000e34   Section        0  dfixui.o(.text)
    .text                                    0x08000e7c   Section        0  dflti.o(.text)
    .text                                    0x08000ed4   Section        0  dmul.o(.text)
    .text                                    0x0800111c   Section        0  f2d.o(.text)
    .text                                    0x08001170   Section        0  ffixi.o(.text)
    .text                                    0x080011bc   Section        0  fflti.o(.text)
    .text                                    0x0800121a   Section        0  _rserrno.o(.text)
    .text                                    0x08001230   Section        0  _printf_fp_dec.o(.text)
    _fp_digits                               0x08001233   Thumb Code   408  _printf_fp_dec.o(.text)
    .text                                    0x08001644   Section        0  _printf_char_common.o(.text)
    _printf_input_char                       0x08001645   Thumb Code    10  _printf_char_common.o(.text)
    .text                                    0x08001674   Section        0  _sputc.o(.text)
    .text                                    0x08001680   Section        0  dscalbn.o(.text)
    .text                                    0x080016e0   Section        0  dsqrt.o(.text)
    .text                                    0x080017e0   Section        0  fcmpin.o(.text)
    .text                                    0x08001844   Section        8  rt_locale_intlibspace.o(.text)
    .text                                    0x0800184c   Section        8  rt_errno_addr_intlibspace.o(.text)
    .text                                    0x08001854   Section        0  lludiv10.o(.text)
    .text                                    0x080018d0   Section        0  _printf_fp_infnan.o(.text)
    .text                                    0x08001958   Section        0  bigflt0.o(.text)
    .text                                    0x08001a20   Section        0  btod.o(.text)
    btod_internal_mul                        0x08001a61   Thumb Code   456  btod.o(.text)
    btod_internal_div                        0x08001c29   Thumb Code   494  btod.o(.text)
    .text                                    0x08001ec8   Section        0  rtudiv10.o(.text)
    .text                                    0x08001ef0   Section        0  cmpret.o(.text)
    .text                                    0x08001f20   Section        0  fnan2.o(.text)
    .text                                    0x08001f30   Section        8  libspace.o(.text)
    .text                                    0x08001f38   Section       62  sys_stackheap_outer.o(.text)
    .text                                    0x08001f76   Section        0  exit.o(.text)
    .text                                    0x08001f82   Section        0  retnan.o(.text)
    .text                                    0x08001fe0   Section        0  sys_exit.o(.text)
    .text                                    0x08001fec   Section        2  use_no_semi.o(.text)
    .text                                    0x08001fee   Section        0  indicate_semi.o(.text)
    i.GPIO_Init                              0x08001fee   Section        0  stm32f0xx_gpio.o(i.GPIO_Init)
    i.GPIO_PinAFConfig                       0x0800207e   Section        0  stm32f0xx_gpio.o(i.GPIO_PinAFConfig)
    i.Get_Attitude                           0x080020c4   Section        0  imu.o(i.Get_Attitude)
    i.HMC5883L_Save_Calib                    0x08002160   Section        0  hmc5883l.o(i.HMC5883L_Save_Calib)
    i.HMC5883L_Start_Calib                   0x080021a4   Section        0  hmc5883l.o(i.HMC5883L_Start_Calib)
    i.HardFault_Handler                      0x0800226c   Section        0  stm32f0xx_it.o(i.HardFault_Handler)
    i.I2C_Configuration                      0x08002270   Section        0  i2c.o(i.I2C_Configuration)
    i.I2C_ReceiveByte                        0x080022bc   Section        0  i2c.o(i.I2C_ReceiveByte)
    I2C_ReceiveByte                          0x080022bd   Thumb Code    78  i2c.o(i.I2C_ReceiveByte)
    i.I2C_SendByte                           0x08002310   Section        0  i2c.o(i.I2C_SendByte)
    I2C_SendByte                             0x08002311   Thumb Code    80  i2c.o(i.I2C_SendByte)
    i.I2C_Start                              0x08002364   Section        0  i2c.o(i.I2C_Start)
    I2C_Start                                0x08002365   Thumb Code    86  i2c.o(i.I2C_Start)
    i.I2C_Stop                               0x080023c0   Section        0  i2c.o(i.I2C_Stop)
    I2C_Stop                                 0x080023c1   Thumb Code    48  i2c.o(i.I2C_Stop)
    i.I2C_WaitAck                            0x080023f4   Section        0  i2c.o(i.I2C_WaitAck)
    I2C_WaitAck                              0x080023f5   Thumb Code    70  i2c.o(i.I2C_WaitAck)
    i.I2C_delay                              0x08002440   Section        0  i2c.o(i.I2C_delay)
    I2C_delay                                0x08002441   Thumb Code    14  i2c.o(i.I2C_delay)
    i.IIC_ADD_read                           0x0800244e   Section        0  i2c.o(i.IIC_ADD_read)
    i.IIC_ADD_write                          0x0800248a   Section        0  i2c.o(i.IIC_ADD_write)
    i.IMUupdate                              0x080024c0   Section        0  imu.o(i.IMUupdate)
    i.Init_HMC5883L                          0x08002df8   Section        0  hmc5883l.o(i.Init_HMC5883L)
    i.KalmanFilter_x                         0x08002eb4   Section        0  mpu6050.o(i.KalmanFilter_x)
    KalmanFilter_x                           0x08002eb5   Thumb Code   168  mpu6050.o(i.KalmanFilter_x)
    i.KalmanFilter_y                         0x08002f68   Section        0  mpu6050.o(i.KalmanFilter_y)
    KalmanFilter_y                           0x08002f69   Thumb Code   168  mpu6050.o(i.KalmanFilter_y)
    i.KalmanFilter_z                         0x0800301c   Section        0  mpu6050.o(i.KalmanFilter_z)
    KalmanFilter_z                           0x0800301d   Thumb Code   168  mpu6050.o(i.KalmanFilter_z)
    i.LEDXToggle                             0x080030d0   Section        0  led.o(i.LEDXToggle)
    i.LED_GPIO_Config                        0x0800310c   Section        0  led.o(i.LED_GPIO_Config)
    i.LPF_1st                                0x0800317c   Section        0  mpu6050.o(i.LPF_1st)
    i.MPU_Acc_Offset                         0x080031ac   Section        0  mpu6050.o(i.MPU_Acc_Offset)
    i.MPU_Gyro_Offset                        0x08003270   Section        0  mpu6050.o(i.MPU_Gyro_Offset)
    i.MPU_Init                               0x08003348   Section        0  mpu6050.o(i.MPU_Init)
    i.MPU_Read                               0x080033a8   Section        0  mpu6050.o(i.MPU_Read)
    i.MPU_Updata                             0x08003458   Section        0  mpu6050.o(i.MPU_Updata)
    i.Multiple_Read_HMC5883L                 0x080035d0   Section        0  hmc5883l.o(i.Multiple_Read_HMC5883L)
    i.NMI_Handler                            0x080036f0   Section        0  stm32f0xx_it.o(i.NMI_Handler)
    i.NVIC_Init                              0x080036f4   Section        0  stm32f0xx_misc.o(i.NVIC_Init)
    i.NVIC_SetPriority                       0x08003764   Section        0  systick.o(i.NVIC_SetPriority)
    NVIC_SetPriority                         0x08003765   Thumb Code   110  systick.o(i.NVIC_SetPriority)
    i.PendSV_Handler                         0x080037dc   Section        0  stm32f0xx_it.o(i.PendSV_Handler)
    i.Prepare_Data                           0x080037e0   Section        0  mpu6050.o(i.Prepare_Data)
    i.RCC_AHBPeriphClockCmd                  0x08003934   Section        0  stm32f0xx_rcc.o(i.RCC_AHBPeriphClockCmd)
    i.RCC_APB1PeriphClockCmd                 0x08003954   Section        0  stm32f0xx_rcc.o(i.RCC_APB1PeriphClockCmd)
    i.RCC_APB2PeriphClockCmd                 0x08003974   Section        0  stm32f0xx_rcc.o(i.RCC_APB2PeriphClockCmd)
    i.RCC_GetClocksFreq                      0x08003994   Section        0  stm32f0xx_rcc.o(i.RCC_GetClocksFreq)
    i.ReceiveData                            0x08003b84   Section        0  receivedata.o(i.ReceiveData)
    i.SVC_Handler                            0x08003c18   Section        0  stm32f0xx_it.o(i.SVC_Handler)
    i.SYSTICK_Init                           0x08003c1c   Section        0  systick.o(i.SYSTICK_Init)
    i.SetSysClock                            0x08003c68   Section        0  system_stm32f0xx.o(i.SetSysClock)
    SetSysClock                              0x08003c69   Thumb Code   206  system_stm32f0xx.o(i.SetSysClock)
    i.SysTick_Handler                        0x08003d40   Section        0  stm32f0xx_it.o(i.SysTick_Handler)
    i.SystemInit                             0x08003d58   Section        0  system_stm32f0xx.o(i.SystemInit)
    i.TIM2_Config                            0x08003dd4   Section        0  timer.o(i.TIM2_Config)
    i.TIM2_IRQHandler                        0x08003e28   Section        0  timer.o(i.TIM2_IRQHandler)
    i.TIM_ClearITPendingBit                  0x08003ec8   Section        0  stm32f0xx_tim.o(i.TIM_ClearITPendingBit)
    i.TIM_Cmd                                0x08003ed0   Section        0  stm32f0xx_tim.o(i.TIM_Cmd)
    i.TIM_GetITStatus                        0x08003eec   Section        0  stm32f0xx_tim.o(i.TIM_GetITStatus)
    i.TIM_ITConfig                           0x08003f12   Section        0  stm32f0xx_tim.o(i.TIM_ITConfig)
    i.TIM_TimeBaseInit                       0x08003f28   Section        0  stm32f0xx_tim.o(i.TIM_TimeBaseInit)
    i.UART_PutChar                           0x08003fa4   Section        0  usart.o(i.UART_PutChar)
    i.UART_PutStr                            0x08003fc8   Section        0  usart.o(i.UART_PutStr)
    i.USART1_Config                          0x08003fe4   Section        0  usart.o(i.USART1_Config)
    i.USART1_IRQHandler                      0x0800407c   Section        0  usart.o(i.USART1_IRQHandler)
    i.USART_ClearITPendingBit                0x080040c0   Section        0  stm32f0xx_usart.o(i.USART_ClearITPendingBit)
    i.USART_Cmd                              0x080040d2   Section        0  stm32f0xx_usart.o(i.USART_Cmd)
    i.USART_GetFlagStatus                    0x080040ea   Section        0  stm32f0xx_usart.o(i.USART_GetFlagStatus)
    i.USART_GetITStatus                      0x080040fe   Section        0  stm32f0xx_usart.o(i.USART_GetITStatus)
    i.USART_ITConfig                         0x0800414c   Section        0  stm32f0xx_usart.o(i.USART_ITConfig)
    i.USART_Init                             0x08004190   Section        0  stm32f0xx_usart.o(i.USART_Init)
    i.USART_ReceiveData                      0x08004278   Section        0  stm32f0xx_usart.o(i.USART_ReceiveData)
    i.USART_SendData                         0x08004282   Section        0  stm32f0xx_usart.o(i.USART_SendData)
    i.__ARM_common_ll_muluu                  0x0800428a   Section        0  btod.o(i.__ARM_common_ll_muluu)
    i.__ARM_fpclassify                       0x080042bc   Section        0  fpclassify.o(i.__ARM_fpclassify)
    i.__kernel_poly                          0x080042e8   Section        0  poly.o(i.__kernel_poly)
    i.__mathlib_dbl_infnan                   0x08004394   Section        0  dunder.o(i.__mathlib_dbl_infnan)
    i.__mathlib_dbl_infnan2                  0x0800439e   Section        0  dunder.o(i.__mathlib_dbl_infnan2)
    i.__mathlib_dbl_invalid                  0x080043a6   Section        0  dunder.o(i.__mathlib_dbl_invalid)
    i.__mathlib_dbl_underflow                0x080043b8   Section        0  dunder.o(i.__mathlib_dbl_underflow)
    i._is_digit                              0x080043cc   Section        0  __printf_wp.o(i._is_digit)
    i.asin                                   0x080043dc   Section        0  asin.o(i.asin)
    i.atan                                   0x08004650   Section        0  atan.o(i.atan)
    i.atan2                                  0x0800486c   Section        0  atan2.o(i.atan2)
    i.commander                              0x080049e4   Section        0  receivedata.o(i.commander)
    i.delay_ms                               0x08004a64   Section        0  systick.o(i.delay_ms)
    i.invSqrt                                0x08004a78   Section        0  imu.o(i.invSqrt)
    i.main                                   0x08004ac0   Section        0  main.o(i.main)
    i.read_HMC5883L                          0x08004b0c   Section        0  hmc5883l.o(i.read_HMC5883L)
    read_HMC5883L                            0x08004b0d   Thumb Code   128  hmc5883l.o(i.read_HMC5883L)
    i.sqrt                                   0x08004b94   Section        0  sqrt.o(i.sqrt)
    locale$$code                             0x08004bdc   Section       44  lc_numeric_c.o(locale$$code)
    x$fpl$fadd                               0x08004c08   Section      140  faddsub.o(x$fpl$fadd)
    _fadd1                                   0x08004c15   Thumb Code     0  faddsub.o(x$fpl$fadd)
    x$fpl$feqf                               0x08004c94   Section       84  feqf.o(x$fpl$feqf)
    x$fpl$fmul                               0x08004ce8   Section      176  fmul.o(x$fpl$fmul)
    x$fpl$frsb                               0x08004d98   Section       24  faddsub.o(x$fpl$frsb)
    x$fpl$fsub                               0x08004db0   Section      208  faddsub.o(x$fpl$fsub)
    _fsub1                                   0x08004dbd   Thumb Code     0  faddsub.o(x$fpl$fsub)
    x$fpl$printf1                            0x08004e80   Section       16  printf1.o(x$fpl$printf1)
    .constdata                               0x08004e90   Section      128  ddiv.o(.constdata)
    x$fpl$usenofp                            0x08004e90   Section        0  usenofp.o(x$fpl$usenofp)
    ddiv_reciptbl                            0x08004e90   Data         128  ddiv.o(.constdata)
    .constdata                               0x08004f10   Section       80  asin.o(.constdata)
    pS                                       0x08004f10   Data          48  asin.o(.constdata)
    qS                                       0x08004f40   Data          32  asin.o(.constdata)
    .constdata                               0x08004f60   Section      152  atan.o(.constdata)
    atanhi                                   0x08004f60   Data          32  atan.o(.constdata)
    atanlo                                   0x08004f80   Data          32  atan.o(.constdata)
    aTodd                                    0x08004fa0   Data          40  atan.o(.constdata)
    aTeven                                   0x08004fc8   Data          48  atan.o(.constdata)
    .constdata                               0x08004ff8   Section        8  qnan.o(.constdata)
    .constdata                               0x08005000   Section      148  bigflt0.o(.constdata)
    tenpwrs_x                                0x08005000   Data          60  bigflt0.o(.constdata)
    tenpwrs_i                                0x0800503c   Data          64  bigflt0.o(.constdata)
    locale$$data                             0x080050b4   Section       28  lc_numeric_c.o(locale$$data)
    __lcnum_c_name                           0x080050b8   Data           2  lc_numeric_c.o(locale$$data)
    __lcnum_c_start                          0x080050c0   Data           0  lc_numeric_c.o(locale$$data)
    __lcnum_c_point                          0x080050cc   Data           0  lc_numeric_c.o(locale$$data)
    __lcnum_c_thousands                      0x080050ce   Data           0  lc_numeric_c.o(locale$$data)
    __lcnum_c_grouping                       0x080050cf   Data           0  lc_numeric_c.o(locale$$data)
    __lcnum_c_end                            0x080050d0   Data           0  lc_numeric_c.o(locale$$data)
    .data                                    0x20000000   Section       20  system_stm32f0xx.o(.data)
    .data                                    0x20000014   Section       16  stm32f0xx_rcc.o(.data)
    APBAHBPrescTable                         0x20000014   Data          16  stm32f0xx_rcc.o(.data)
    .data                                    0x20000028   Section       60  mpu6050.o(.data)
    x_last                                   0x20000028   Data           8  mpu6050.o(.data)
    p_last                                   0x20000030   Data           8  mpu6050.o(.data)
    x_last                                   0x20000038   Data           8  mpu6050.o(.data)
    p_last                                   0x20000040   Data           8  mpu6050.o(.data)
    x_last                                   0x20000048   Data           8  mpu6050.o(.data)
    p_last                                   0x20000050   Data           8  mpu6050.o(.data)
    x                                        0x20000058   Data           4  mpu6050.o(.data)
    y                                        0x2000005c   Data           4  mpu6050.o(.data)
    z                                        0x20000060   Data           4  mpu6050.o(.data)
    .data                                    0x20000064   Section       28  imu.o(.data)
    .data                                    0x20000080   Section       10  hmc5883l.o(.data)
    filter_cnt                               0x20000089   Data           1  hmc5883l.o(.data)
    .data                                    0x2000008c   Section        8  timer.o(.data)
    times_count                              0x20000090   Data           4  timer.o(.data)
    .data                                    0x20000094   Section        1  receivedata.o(.data)
    input_cnt                                0x20000094   Data           1  receivedata.o(.data)
    .data                                    0x20000096   Section        2  stm32f0xx_it.o(.data)
    .bss                                     0x20000098   Section      168  mpu6050.o(.bss)
    .bss                                     0x20000140   Section       12  imu.o(.bss)
    .bss                                     0x2000014c   Section      120  hmc5883l.o(.bss)
    .bss                                     0x200001c4   Section       48  timer.o(.bss)
    .bss                                     0x200001f4   Section       16  receivedata.o(.bss)
    .bss                                     0x20000204   Section       96  libspace.o(.bss)
    HEAP                                     0x20000268   Section      512  startup_stm32f072.o(HEAP)
    Heap_Mem                                 0x20000268   Data         512  startup_stm32f072.o(HEAP)
    STACK                                    0x20000468   Section     1024  startup_stm32f072.o(STACK)
    Stack_Mem                                0x20000468   Data        1024  startup_stm32f072.o(STACK)
    __initial_sp                             0x20000868   Data           0  startup_stm32f072.o(STACK)

    Global Symbols

    Symbol Name                              Value     Ov Type        Size  Object(Section)

    BuildAttributes$$THM_ISAv3M$S$PE$A:L22$X:L11$S22$IEEE1$IW$USESV6$~STKCKD$USESV7$~SHL$OTIME$ROPI$IEEEX$EBA8$UX$STANDARDLIB$REQ8$PRES8$EABIv2 0x00000000   Number         0  anon$$obj.o ABSOLUTE
    __ARM_use_no_argv                        0x00000000   Number         0  main.o ABSOLUTE
    _printf_flags                            0x00000000   Number         0  printf_stubs.o ABSOLUTE
    _printf_return_value                     0x00000000   Number         0  printf_stubs.o ABSOLUTE
    _printf_sizespec                         0x00000000   Number         0  printf_stubs.o ABSOLUTE
    _printf_widthprec                        0x00000000   Number         0  printf_stubs.o ABSOLUTE
    __ARM_exceptions_init                     - Undefined Weak Reference
    __alloca_initialize                       - Undefined Weak Reference
    __arm_preinit_                            - Undefined Weak Reference
    __cpp_initialize__aeabi_                  - Undefined Weak Reference
    __cxa_finalize                            - Undefined Weak Reference
    __sigvec_lookup                           - Undefined Weak Reference
    _atexit_init                              - Undefined Weak Reference
    _call_atexit_fns                          - Undefined Weak Reference
    _clock_init                               - Undefined Weak Reference
    _fp_trap_init                             - Undefined Weak Reference
    _fp_trap_shutdown                         - Undefined Weak Reference
    _get_lc_collate                           - Undefined Weak Reference
    _get_lc_ctype                             - Undefined Weak Reference
    _get_lc_monetary                          - Undefined Weak Reference
    _get_lc_time                              - Undefined Weak Reference
    _getenv_init                              - Undefined Weak Reference
    _handle_redirection                       - Undefined Weak Reference
    _init_alloc                               - Undefined Weak Reference
    _init_user_alloc                          - Undefined Weak Reference
    _initio                                   - Undefined Weak Reference
    _rand_init                                - Undefined Weak Reference
    _signal_finish                            - Undefined Weak Reference
    _signal_init                              - Undefined Weak Reference
    _terminate_alloc                          - Undefined Weak Reference
    _terminate_user_alloc                     - Undefined Weak Reference
    _terminateio                              - Undefined Weak Reference
    __Vectors_Size                           0x000000c0   Number         0  startup_stm32f072.o ABSOLUTE
    __Vectors                                0x08000000   Data           4  startup_stm32f072.o(RESET)
    __Vectors_End                            0x080000c0   Data           0  startup_stm32f072.o(RESET)
    __main                                   0x080000c1   Thumb Code     8  __main.o(!!!main)
    __scatterload                            0x080000c9   Thumb Code     0  __scatter.o(!!!scatter)
    __scatterload_rt2                        0x080000c9   Thumb Code    52  __scatter.o(!!!scatter)
    __scatterload_rt2_thumb_only             0x080000c9   Thumb Code     0  __scatter.o(!!!scatter)
    __scatterload_null                       0x080000d9   Thumb Code     0  __scatter.o(!!!scatter)
    __scatterload_copy                       0x08000105   Thumb Code    26  __scatter_copy.o(!!handler_copy)
    __scatterload_zeroinit                   0x08000121   Thumb Code    28  __scatter_zi.o(!!handler_zi)
    _printf_percent                          0x0800013d   Thumb Code     0  _printf_percent.o(.ARM.Collect$$_printf_percent$$00000000)
    _printf_f                                0x0800013f   Thumb Code     0  _printf_f.o(.ARM.Collect$$_printf_percent$$00000003)
    _printf_percent_end                      0x08000149   Thumb Code     0  _printf_percent_end.o(.ARM.Collect$$_printf_percent$$00000017)
    __rt_lib_init                            0x0800014d   Thumb Code     0  libinit.o(.ARM.Collect$$libinit$$00000000)
    __rt_lib_init_fp_1                       0x0800014f   Thumb Code     0  libinit2.o(.ARM.Collect$$libinit$$00000002)
    __rt_lib_init_heap_1                     0x0800014f   Thumb Code     0  libinit2.o(.ARM.Collect$$libinit$$0000000A)
    __rt_lib_init_lc_common                  0x0800014f   Thumb Code     0  libinit2.o(.ARM.Collect$$libinit$$0000000F)
    __rt_lib_init_preinit_1                  0x0800014f   Thumb Code     0  libinit2.o(.ARM.Collect$$libinit$$00000004)
    __rt_lib_init_rand_1                     0x0800014f   Thumb Code     0  libinit2.o(.ARM.Collect$$libinit$$0000000E)
    __rt_lib_init_user_alloc_1               0x0800014f   Thumb Code     0  libinit2.o(.ARM.Collect$$libinit$$0000000C)
    __rt_lib_init_lc_collate_1               0x08000155   Thumb Code     0  libinit2.o(.ARM.Collect$$libinit$$00000011)
    __rt_lib_init_lc_ctype_1                 0x08000155   Thumb Code     0  libinit2.o(.ARM.Collect$$libinit$$00000013)
    __rt_lib_init_lc_monetary_1              0x08000155   Thumb Code     0  libinit2.o(.ARM.Collect$$libinit$$00000015)
    __rt_lib_init_lc_numeric_2               0x08000155   Thumb Code     0  libinit2.o(.ARM.Collect$$libinit$$00000016)
    __rt_lib_init_alloca_1                   0x0800015f   Thumb Code     0  libinit2.o(.ARM.Collect$$libinit$$0000002E)
    __rt_lib_init_argv_1                     0x0800015f   Thumb Code     0  libinit2.o(.ARM.Collect$$libinit$$0000002C)
    __rt_lib_init_atexit_1                   0x0800015f   Thumb Code     0  libinit2.o(.ARM.Collect$$libinit$$0000001B)
    __rt_lib_init_clock_1                    0x0800015f   Thumb Code     0  libinit2.o(.ARM.Collect$$libinit$$00000021)
    __rt_lib_init_cpp_1                      0x0800015f   Thumb Code     0  libinit2.o(.ARM.Collect$$libinit$$00000032)
    __rt_lib_init_exceptions_1               0x0800015f   Thumb Code     0  libinit2.o(.ARM.Collect$$libinit$$00000030)
    __rt_lib_init_fp_trap_1                  0x0800015f   Thumb Code     0  libinit2.o(.ARM.Collect$$libinit$$0000001F)
    __rt_lib_init_getenv_1                   0x0800015f   Thumb Code     0  libinit2.o(.ARM.Collect$$libinit$$00000023)
    __rt_lib_init_lc_numeric_1               0x0800015f   Thumb Code     0  libinit2.o(.ARM.Collect$$libinit$$00000017)
    __rt_lib_init_lc_time_1                  0x0800015f   Thumb Code     0  libinit2.o(.ARM.Collect$$libinit$$00000019)
    __rt_lib_init_return                     0x0800015f   Thumb Code     0  libinit2.o(.ARM.Collect$$libinit$$00000033)
    __rt_lib_init_signal_1                   0x0800015f   Thumb Code     0  libinit2.o(.ARM.Collect$$libinit$$0000001D)
    __rt_lib_init_stdio_1                    0x0800015f   Thumb Code     0  libinit2.o(.ARM.Collect$$libinit$$00000025)
    __rt_lib_shutdown                        0x08000161   Thumb Code     0  libshutdown.o(.ARM.Collect$$libshutdown$$00000000)
    __rt_lib_shutdown_fp_trap_1              0x08000163   Thumb Code     0  libshutdown2.o(.ARM.Collect$$libshutdown$$00000006)
    __rt_lib_shutdown_heap_1                 0x08000163   Thumb Code     0  libshutdown2.o(.ARM.Collect$$libshutdown$$0000000E)
    __rt_lib_shutdown_return                 0x08000163   Thumb Code     0  libshutdown2.o(.ARM.Collect$$libshutdown$$0000000F)
    __rt_lib_shutdown_signal_1               0x08000163   Thumb Code     0  libshutdown2.o(.ARM.Collect$$libshutdown$$00000009)
    __rt_lib_shutdown_stdio_1                0x08000163   Thumb Code     0  libshutdown2.o(.ARM.Collect$$libshutdown$$00000003)
    __rt_lib_shutdown_user_alloc_1           0x08000163   Thumb Code     0  libshutdown2.o(.ARM.Collect$$libshutdown$$0000000B)
    __rt_entry                               0x08000165   Thumb Code     0  __rtentry.o(.ARM.Collect$$rtentry$$00000000)
    __rt_entry_presh_1                       0x08000165   Thumb Code     0  __rtentry2.o(.ARM.Collect$$rtentry$$00000002)
    __rt_entry_sh                            0x08000165   Thumb Code     0  __rtentry4.o(.ARM.Collect$$rtentry$$00000004)
    __rt_entry_li                            0x0800016b   Thumb Code     0  __rtentry2.o(.ARM.Collect$$rtentry$$0000000A)
    __rt_entry_postsh_1                      0x0800016b   Thumb Code     0  __rtentry2.o(.ARM.Collect$$rtentry$$00000009)
    __rt_entry_main                          0x0800016f   Thumb Code     0  __rtentry2.o(.ARM.Collect$$rtentry$$0000000D)
    __rt_entry_postli_1                      0x0800016f   Thumb Code     0  __rtentry2.o(.ARM.Collect$$rtentry$$0000000C)
    __rt_exit                                0x08000177   Thumb Code     0  rtexit.o(.ARM.Collect$$rtexit$$00000000)
    __rt_exit_ls                             0x08000179   Thumb Code     0  rtexit2.o(.ARM.Collect$$rtexit$$00000003)
    __rt_exit_prels_1                        0x08000179   Thumb Code     0  rtexit2.o(.ARM.Collect$$rtexit$$00000002)
    __rt_exit_exit                           0x0800017d   Thumb Code     0  rtexit2.o(.ARM.Collect$$rtexit$$00000004)
    Reset_Handler                            0x08000185   Thumb Code     8  startup_stm32f072.o(.text)
    ADC1_COMP_IRQHandler                     0x08000197   Thumb Code     0  startup_stm32f072.o(.text)
    CEC_CAN_IRQHandler                       0x08000197   Thumb Code     0  startup_stm32f072.o(.text)
    DMA1_Channel1_IRQHandler                 0x08000197   Thumb Code     0  startup_stm32f072.o(.text)
    DMA1_Channel2_3_IRQHandler               0x08000197   Thumb Code     0  startup_stm32f072.o(.text)
    DMA1_Channel4_5_6_7_IRQHandler           0x08000197   Thumb Code     0  startup_stm32f072.o(.text)
    EXTI0_1_IRQHandler                       0x08000197   Thumb Code     0  startup_stm32f072.o(.text)
    EXTI2_3_IRQHandler                       0x08000197   Thumb Code     0  startup_stm32f072.o(.text)
    EXTI4_15_IRQHandler                      0x08000197   Thumb Code     0  startup_stm32f072.o(.text)
    FLASH_IRQHandler                         0x08000197   Thumb Code     0  startup_stm32f072.o(.text)
    I2C1_IRQHandler                          0x08000197   Thumb Code     0  startup_stm32f072.o(.text)
    I2C2_IRQHandler                          0x08000197   Thumb Code     0  startup_stm32f072.o(.text)
    PVD_VDDIO2_IRQHandler                    0x08000197   Thumb Code     0  startup_stm32f072.o(.text)
    RCC_CRS_IRQHandler                       0x08000197   Thumb Code     0  startup_stm32f072.o(.text)
    RTC_IRQHandler                           0x08000197   Thumb Code     0  startup_stm32f072.o(.text)
    SPI1_IRQHandler                          0x08000197   Thumb Code     0  startup_stm32f072.o(.text)
    SPI2_IRQHandler                          0x08000197   Thumb Code     0  startup_stm32f072.o(.text)
    TIM14_IRQHandler                         0x08000197   Thumb Code     0  startup_stm32f072.o(.text)
    TIM15_IRQHandler                         0x08000197   Thumb Code     0  startup_stm32f072.o(.text)
    TIM16_IRQHandler                         0x08000197   Thumb Code     0  startup_stm32f072.o(.text)
    TIM17_IRQHandler                         0x08000197   Thumb Code     0  startup_stm32f072.o(.text)
    TIM1_BRK_UP_TRG_COM_IRQHandler           0x08000197   Thumb Code     0  startup_stm32f072.o(.text)
    TIM1_CC_IRQHandler                       0x08000197   Thumb Code     0  startup_stm32f072.o(.text)
    TIM3_IRQHandler                          0x08000197   Thumb Code     0  startup_stm32f072.o(.text)
    TIM6_DAC_IRQHandler                      0x08000197   Thumb Code     0  startup_stm32f072.o(.text)
    TIM7_IRQHandler                          0x08000197   Thumb Code     0  startup_stm32f072.o(.text)
    TSC_IRQHandler                           0x08000197   Thumb Code     0  startup_stm32f072.o(.text)
    USART2_IRQHandler                        0x08000197   Thumb Code     0  startup_stm32f072.o(.text)
    USART3_4_IRQHandler                      0x08000197   Thumb Code     0  startup_stm32f072.o(.text)
    USB_IRQHandler                           0x08000197   Thumb Code     0  startup_stm32f072.o(.text)
    WWDG_IRQHandler                          0x08000197   Thumb Code     0  startup_stm32f072.o(.text)
    __user_initial_stackheap                 0x08000199   Thumb Code     0  startup_stm32f072.o(.text)
    __2sprintf                               0x080001bd   Thumb Code    36  noretval__2sprintf.o(.text)
    _printf_pre_padding                      0x080001e5   Thumb Code    44  _printf_pad.o(.text)
    _printf_post_padding                     0x08000211   Thumb Code    34  _printf_pad.o(.text)
    __printf                                 0x08000233   Thumb Code   270  __printf_wp.o(.text)
    strlen                                   0x08000341   Thumb Code    62  strlen.o(.text)
    _memset_w                                0x08000385   Thumb Code    26  rt_memclr.o(.text)
    _memset                                  0x0800039f   Thumb Code    30  rt_memclr.o(.text)
    __aeabi_memclr                           0x080003bd   Thumb Code     4  rt_memclr.o(.text)
    __rt_memclr                              0x080003bd   Thumb Code     0  rt_memclr.o(.text)
    __aeabi_memclr4                          0x080003c1   Thumb Code     0  rt_memclr.o(.text)
    __aeabi_memclr8                          0x080003c1   Thumb Code     0  rt_memclr.o(.text)
    __rt_memclr_w                            0x080003c1   Thumb Code     4  rt_memclr.o(.text)
    strcmp                                   0x080003c5   Thumb Code   132  strcmp.o(.text)
    __aeabi_uidiv                            0x0800044d   Thumb Code     0  aeabi_sdiv.o(.text)
    __aeabi_uidivmod                         0x0800044d   Thumb Code    20  aeabi_sdiv.o(.text)
    __aeabi_idiv                             0x08000461   Thumb Code     0  aeabi_sdiv.o(.text)
    __aeabi_idivmod                          0x08000461   Thumb Code   326  aeabi_sdiv.o(.text)
    __use_two_region_memory                  0x080005a7   Thumb Code     2  heapauxi.o(.text)
    __rt_heap_escrow$2region                 0x080005a9   Thumb Code     2  heapauxi.o(.text)
    __rt_heap_expand$2region                 0x080005ab   Thumb Code     2  heapauxi.o(.text)
    __aeabi_d2f                              0x080005ad   Thumb Code     0  d2f.o(.text)
    _d2f                                     0x080005ad   Thumb Code   120  d2f.o(.text)
    __aeabi_dadd                             0x08000921   Thumb Code     0  daddsub.o(.text)
    _dadd                                    0x08000921   Thumb Code    26  daddsub.o(.text)
    __aeabi_dsub                             0x0800093b   Thumb Code     0  daddsub.o(.text)
    _dsub                                    0x0800093b   Thumb Code    22  daddsub.o(.text)
    __aeabi_drsub                            0x08000951   Thumb Code     0  daddsub.o(.text)
    _drsb                                    0x08000951   Thumb Code    28  daddsub.o(.text)
    __aeabi_ddiv                             0x08000981   Thumb Code     0  ddiv.o(.text)
    _ddiv                                    0x08000981   Thumb Code  1072  ddiv.o(.text)
    _drdiv                                   0x08000db1   Thumb Code    20  ddiv.o(.text)
    __aeabi_d2iz                             0x08000dc9   Thumb Code     0  dfixi.o(.text)
    _dfix                                    0x08000dc9   Thumb Code    98  dfixi.o(.text)
    __aeabi_d2uiz                            0x08000e35   Thumb Code     0  dfixui.o(.text)
    _dfixu                                   0x08000e35   Thumb Code    68  dfixui.o(.text)
    __aeabi_i2d_normalise                    0x08000e7d   Thumb Code    66  dflti.o(.text)
    __aeabi_i2d                              0x08000ebf   Thumb Code    16  dflti.o(.text)
    _dflt                                    0x08000ebf   Thumb Code     0  dflti.o(.text)
    __aeabi_ui2d                             0x08000ecf   Thumb Code     6  dflti.o(.text)
    _dfltu                                   0x08000ecf   Thumb Code     0  dflti.o(.text)
    __aeabi_dmul                             0x08000ed5   Thumb Code     0  dmul.o(.text)
    _dmul                                    0x08000ed5   Thumb Code   558  dmul.o(.text)
    __aeabi_f2d                              0x0800111d   Thumb Code     0  f2d.o(.text)
    _f2d                                     0x0800111d   Thumb Code    80  f2d.o(.text)
    __aeabi_f2iz                             0x08001171   Thumb Code     0  ffixi.o(.text)
    _ffix                                    0x08001171   Thumb Code    76  ffixi.o(.text)
    __aeabi_i2f_normalise                    0x080011bd   Thumb Code    72  fflti.o(.text)
    __aeabi_i2f                              0x08001205   Thumb Code    16  fflti.o(.text)
    _fflt                                    0x08001205   Thumb Code     0  fflti.o(.text)
    __aeabi_ui2f                             0x08001215   Thumb Code     6  fflti.o(.text)
    _ffltu                                   0x08001215   Thumb Code     0  fflti.o(.text)
    __read_errno                             0x0800121b   Thumb Code    10  _rserrno.o(.text)
    __set_errno                              0x08001225   Thumb Code    12  _rserrno.o(.text)
    __lib_sel_fp_printf                      0x08001231   Thumb Code     2  _printf_fp_dec.o(.text)
    _printf_fp_dec_real                      0x080013cb   Thumb Code   620  _printf_fp_dec.o(.text)
    _printf_char_common                      0x0800164f   Thumb Code    32  _printf_char_common.o(.text)
    _sputc                                   0x08001675   Thumb Code    10  _sputc.o(.text)
    __ARM_scalbn                             0x08001681   Thumb Code    84  dscalbn.o(.text)
    _dsqrt                                   0x080016e1   Thumb Code   248  dsqrt.o(.text)
    __fpl_fcmp_InfNaN                        0x080017e1   Thumb Code    96  fcmpin.o(.text)
    __rt_locale                              0x08001845   Thumb Code     8  rt_locale_intlibspace.o(.text)
    __aeabi_errno_addr                       0x0800184d   Thumb Code     8  rt_errno_addr_intlibspace.o(.text)
    __errno$intlibspace                      0x0800184d   Thumb Code     0  rt_errno_addr_intlibspace.o(.text)
    __rt_errno_addr$intlibspace              0x0800184d   Thumb Code     0  rt_errno_addr_intlibspace.o(.text)
    _ll_udiv10                               0x08001855   Thumb Code   122  lludiv10.o(.text)
    _printf_fp_infnan                        0x080018d1   Thumb Code   120  _printf_fp_infnan.o(.text)
    _btod_etento                             0x08001959   Thumb Code   196  bigflt0.o(.text)
    _btod_d2e                                0x08001a21   Thumb Code    64  btod.o(.text)
    _btod_emul                               0x08001e17   Thumb Code    24  btod.o(.text)
    _btod_emuld                              0x08001e2f   Thumb Code    60  btod.o(.text)
    _btod_ediv                               0x08001e6b   Thumb Code    22  btod.o(.text)
    _btod_edivd                              0x08001e81   Thumb Code    60  btod.o(.text)
    __rt_udiv10                              0x08001ec9   Thumb Code    40  rtudiv10.o(.text)
    __fpl_cmpreturn                          0x08001ef1   Thumb Code    44  cmpret.o(.text)
    __fpl_fcheck_NaN2                        0x08001f21   Thumb Code    10  fnan2.o(.text)
    __user_libspace                          0x08001f31   Thumb Code     8  libspace.o(.text)
    __user_perproc_libspace                  0x08001f31   Thumb Code     0  libspace.o(.text)
    __user_perthread_libspace                0x08001f31   Thumb Code     0  libspace.o(.text)
    __user_setup_stackheap                   0x08001f39   Thumb Code    62  sys_stackheap_outer.o(.text)
    exit                                     0x08001f77   Thumb Code    12  exit.o(.text)
    __fpl_return_NaN                         0x08001f83   Thumb Code    94  retnan.o(.text)
    _sys_exit                                0x08001fe1   Thumb Code     8  sys_exit.o(.text)
    __I$use$semihosting                      0x08001fed   Thumb Code     0  use_no_semi.o(.text)
    __use_no_semihosting_swi                 0x08001fed   Thumb Code     2  use_no_semi.o(.text)
    GPIO_Init                                0x08001fef   Thumb Code   144  stm32f0xx_gpio.o(i.GPIO_Init)
    __semihosting_library_function           0x08001fef   Thumb Code     0  indicate_semi.o(.text)
    GPIO_PinAFConfig                         0x0800207f   Thumb Code    68  stm32f0xx_gpio.o(i.GPIO_PinAFConfig)
    Get_Attitude                             0x080020c5   Thumb Code   146  imu.o(i.Get_Attitude)
    HMC5883L_Save_Calib                      0x08002161   Thumb Code    64  hmc5883l.o(i.HMC5883L_Save_Calib)
    HMC5883L_Start_Calib                     0x080021a5   Thumb Code   190  hmc5883l.o(i.HMC5883L_Start_Calib)
    HardFault_Handler                        0x0800226d   Thumb Code     4  stm32f0xx_it.o(i.HardFault_Handler)
    I2C_Configuration                        0x08002271   Thumb Code    70  i2c.o(i.I2C_Configuration)
    IIC_ADD_read                             0x0800244f   Thumb Code    60  i2c.o(i.IIC_ADD_read)
    IIC_ADD_write                            0x0800248b   Thumb Code    52  i2c.o(i.IIC_ADD_write)
    IMUupdate                                0x080024c1   Thumb Code  2352  imu.o(i.IMUupdate)
    Init_HMC5883L                            0x08002df9   Thumb Code   178  hmc5883l.o(i.Init_HMC5883L)
    LEDXToggle                               0x080030d1   Thumb Code    54  led.o(i.LEDXToggle)
    LED_GPIO_Config                          0x0800310d   Thumb Code   106  led.o(i.LED_GPIO_Config)
    LPF_1st                                  0x0800317d   Thumb Code    46  mpu6050.o(i.LPF_1st)
    MPU_Acc_Offset                           0x080031ad   Thumb Code   186  mpu6050.o(i.MPU_Acc_Offset)
    MPU_Gyro_Offset                          0x08003271   Thumb Code   206  mpu6050.o(i.MPU_Gyro_Offset)
    MPU_Init                                 0x08003349   Thumb Code    94  mpu6050.o(i.MPU_Init)
    MPU_Read                                 0x080033a9   Thumb Code   172  mpu6050.o(i.MPU_Read)
    MPU_Updata                               0x08003459   Thumb Code   350  mpu6050.o(i.MPU_Updata)
    Multiple_Read_HMC5883L                   0x080035d1   Thumb Code   268  hmc5883l.o(i.Multiple_Read_HMC5883L)
    NMI_Handler                              0x080036f1   Thumb Code     2  stm32f0xx_it.o(i.NMI_Handler)
    NVIC_Init                                0x080036f5   Thumb Code   106  stm32f0xx_misc.o(i.NVIC_Init)
    PendSV_Handler                           0x080037dd   Thumb Code     2  stm32f0xx_it.o(i.PendSV_Handler)
    Prepare_Data                             0x080037e1   Thumb Code   304  mpu6050.o(i.Prepare_Data)
    RCC_AHBPeriphClockCmd                    0x08003935   Thumb Code    28  stm32f0xx_rcc.o(i.RCC_AHBPeriphClockCmd)
    RCC_APB1PeriphClockCmd                   0x08003955   Thumb Code    28  stm32f0xx_rcc.o(i.RCC_APB1PeriphClockCmd)
    RCC_APB2PeriphClockCmd                   0x08003975   Thumb Code    28  stm32f0xx_rcc.o(i.RCC_APB2PeriphClockCmd)
    RCC_GetClocksFreq                        0x08003995   Thumb Code   468  stm32f0xx_rcc.o(i.RCC_GetClocksFreq)
    ReceiveData                              0x08003b85   Thumb Code   140  receivedata.o(i.ReceiveData)
    SVC_Handler                              0x08003c19   Thumb Code     2  stm32f0xx_it.o(i.SVC_Handler)
    SYSTICK_Init                             0x08003c1d   Thumb Code    62  systick.o(i.SYSTICK_Init)
    SysTick_Handler                          0x08003d41   Thumb Code    20  stm32f0xx_it.o(i.SysTick_Handler)
    SystemInit                               0x08003d59   Thumb Code   110  system_stm32f0xx.o(i.SystemInit)
    TIM2_Config                              0x08003dd5   Thumb Code    80  timer.o(i.TIM2_Config)
    TIM2_IRQHandler                          0x08003e29   Thumb Code   120  timer.o(i.TIM2_IRQHandler)
    TIM_ClearITPendingBit                    0x08003ec9   Thumb Code     6  stm32f0xx_tim.o(i.TIM_ClearITPendingBit)
    TIM_Cmd                                  0x08003ed1   Thumb Code    24  stm32f0xx_tim.o(i.TIM_Cmd)
    TIM_GetITStatus                          0x08003eed   Thumb Code    38  stm32f0xx_tim.o(i.TIM_GetITStatus)
    TIM_ITConfig                             0x08003f13   Thumb Code    20  stm32f0xx_tim.o(i.TIM_ITConfig)
    TIM_TimeBaseInit                         0x08003f29   Thumb Code    90  stm32f0xx_tim.o(i.TIM_TimeBaseInit)
    UART_PutChar                             0x08003fa5   Thumb Code    30  usart.o(i.UART_PutChar)
    UART_PutStr                              0x08003fc9   Thumb Code    26  usart.o(i.UART_PutStr)
    USART1_Config                            0x08003fe5   Thumb Code   144  usart.o(i.USART1_Config)
    USART1_IRQHandler                        0x0800407d   Thumb Code    60  usart.o(i.USART1_IRQHandler)
    USART_ClearITPendingBit                  0x080040c1   Thumb Code    18  stm32f0xx_usart.o(i.USART_ClearITPendingBit)
    USART_Cmd                                0x080040d3   Thumb Code    24  stm32f0xx_usart.o(i.USART_Cmd)
    USART_GetFlagStatus                      0x080040eb   Thumb Code    20  stm32f0xx_usart.o(i.USART_GetFlagStatus)
    USART_GetITStatus                        0x080040ff   Thumb Code    78  stm32f0xx_usart.o(i.USART_GetITStatus)
    USART_ITConfig                           0x0800414d   Thumb Code    66  stm32f0xx_usart.o(i.USART_ITConfig)
    USART_Init                               0x08004191   Thumb Code   214  stm32f0xx_usart.o(i.USART_Init)
    USART_ReceiveData                        0x08004279   Thumb Code    10  stm32f0xx_usart.o(i.USART_ReceiveData)
    USART_SendData                           0x08004283   Thumb Code     8  stm32f0xx_usart.o(i.USART_SendData)
    __ARM_common_ll_muluu                    0x0800428b   Thumb Code    48  btod.o(i.__ARM_common_ll_muluu)
    __ARM_fpclassify                         0x080042bd   Thumb Code    40  fpclassify.o(i.__ARM_fpclassify)
    __kernel_poly                            0x080042e9   Thumb Code   172  poly.o(i.__kernel_poly)
    __mathlib_dbl_infnan                     0x08004395   Thumb Code    10  dunder.o(i.__mathlib_dbl_infnan)
    __mathlib_dbl_infnan2                    0x0800439f   Thumb Code     8  dunder.o(i.__mathlib_dbl_infnan2)
    __mathlib_dbl_invalid                    0x080043a7   Thumb Code    16  dunder.o(i.__mathlib_dbl_invalid)
    __mathlib_dbl_underflow                  0x080043b9   Thumb Code    14  dunder.o(i.__mathlib_dbl_underflow)
    _is_digit                                0x080043cd   Thumb Code    14  __printf_wp.o(i._is_digit)
    asin                                     0x080043dd   Thumb Code   574  asin.o(i.asin)
    atan                                     0x08004651   Thumb Code   472  atan.o(i.atan)
    atan2                                    0x0800486d   Thumb Code   334  atan2.o(i.atan2)
    commander                                0x080049e5   Thumb Code    96  receivedata.o(i.commander)
    delay_ms                                 0x08004a65   Thumb Code    16  systick.o(i.delay_ms)
    invSqrt                                  0x08004a79   Thumb Code    68  imu.o(i.invSqrt)
    main                                     0x08004ac1   Thumb Code    62  main.o(i.main)
    sqrt                                     0x08004b95   Thumb Code    66  sqrt.o(i.sqrt)
    _get_lc_numeric                          0x08004bdd   Thumb Code    44  lc_numeric_c.o(locale$$code)
    __aeabi_fadd                             0x08004c09   Thumb Code     0  faddsub.o(x$fpl$fadd)
    _fadd                                    0x08004c09   Thumb Code   134  faddsub.o(x$fpl$fadd)
    __aeabi_cfcmpeq                          0x08004c95   Thumb Code     0  feqf.o(x$fpl$feqf)
    _fcmpeq                                  0x08004c95   Thumb Code    78  feqf.o(x$fpl$feqf)
    __aeabi_fmul                             0x08004ce9   Thumb Code     0  fmul.o(x$fpl$fmul)
    _fmul                                    0x08004ce9   Thumb Code   172  fmul.o(x$fpl$fmul)
    __aeabi_frsub                            0x08004d99   Thumb Code     0  faddsub.o(x$fpl$frsb)
    _frsb                                    0x08004d99   Thumb Code    24  faddsub.o(x$fpl$frsb)
    __aeabi_fsub                             0x08004db1   Thumb Code     0  faddsub.o(x$fpl$fsub)
    _fsub                                    0x08004db1   Thumb Code   204  faddsub.o(x$fpl$fsub)
    _printf_fp_dec                           0x08004e81   Thumb Code    16  printf1.o(x$fpl$printf1)
    __I$use$fp                               0x08004e90   Number         0  usenofp.o(x$fpl$usenofp)
    __mathlib_zero                           0x08004ff8   Data           8  qnan.o(.constdata)
    Region$$Table$$Base                      0x08005094   Number         0  anon$$obj.o(Region$$Table)
    Region$$Table$$Limit                     0x080050b4   Number         0  anon$$obj.o(Region$$Table)
    SystemCoreClock                          0x20000000   Data           4  system_stm32f0xx.o(.data)
    AHBPrescTable                            0x20000004   Data          16  system_stm32f0xx.o(.data)
    q0                                       0x20000064   Data           4  imu.o(.data)
    q1                                       0x20000068   Data           4  imu.o(.data)
    q2                                       0x2000006c   Data           4  imu.o(.data)
    q3                                       0x20000070   Data           4  imu.o(.data)
    exInt                                    0x20000074   Data           4  imu.o(.data)
    eyInt                                    0x20000078   Data           4  imu.o(.data)
    ezInt                                    0x2000007c   Data           4  imu.o(.data)
    Mag_CALIBRATED                           0x20000080   Data           1  hmc5883l.o(.data)
    HMC5883L_buffer                          0x20000081   Data           8  hmc5883l.o(.data)
    Time2                                    0x2000008c   Data           2  timer.o(.data)
    nTime                                    0x20000096   Data           2  stm32f0xx_it.o(.data)
    mpu6050_buffer                           0x20000098   Data          15  mpu6050.o(.bss)
    sensor                                   0x200000a8   Data         152  mpu6050.o(.bss)
    angle                                    0x20000140   Data          12  imu.o(.bss)
    Mag                                      0x2000014c   Data          60  hmc5883l.o(.bss)
    X_BUFF                                   0x20000188   Data          20  hmc5883l.o(.bss)
    Y_BUFF                                   0x2000019c   Data          20  hmc5883l.o(.bss)
    Z_BUFF                                   0x200001b0   Data          20  hmc5883l.o(.bss)
    Txbuff                                   0x200001c4   Data          48  timer.o(.bss)
    RxBuff                                   0x200001f4   Data          16  receivedata.o(.bss)
    __libspace_start                         0x20000204   Data          96  libspace.o(.bss)
    __temporary_stack_top$libspace           0x20000264   Data           0  libspace.o(.bss)



==============================================================================

Memory Map of the image

  Image Entry point : 0x080000c1

  Load Region LR_IROM1 (Base: 0x08000000, Size: 0x00005168, Max: 0x00010000, ABSOLUTE)

    Execution Region ER_IROM1 (Base: 0x08000000, Size: 0x000050d0, Max: 0x00010000, ABSOLUTE)

    Base Addr    Size         Type   Attr      Idx    E Section Name        Object

    0x08000000   0x000000c0   Data   RO            3    RESET               startup_stm32f072.o
    0x080000c0   0x00000008   Code   RO         3942  * !!!main             c_p.l(__main.o)
    0x080000c8   0x0000003c   Code   RO         4256    !!!scatter          c_p.l(__scatter.o)
    0x08000104   0x0000001a   Code   RO         4258    !!handler_copy      c_p.l(__scatter_copy.o)
    0x0800011e   0x00000002   PAD
    0x08000120   0x0000001c   Code   RO         4260    !!handler_zi        c_p.l(__scatter_zi.o)
    0x0800013c   0x00000002   Code   RO         3929    .ARM.Collect$$_printf_percent$$00000000  c_p.l(_printf_percent.o)
    0x0800013e   0x0000000a   Code   RO         3928    .ARM.Collect$$_printf_percent$$00000003  c_p.l(_printf_f.o)
    0x08000148   0x00000004   Code   RO         4016    .ARM.Collect$$_printf_percent$$00000017  c_p.l(_printf_percent_end.o)
    0x0800014c   0x00000002   Code   RO         4125    .ARM.Collect$$libinit$$00000000  c_p.l(libinit.o)
    0x0800014e   0x00000000   Code   RO         4127    .ARM.Collect$$libinit$$00000002  c_p.l(libinit2.o)
    0x0800014e   0x00000000   Code   RO         4129    .ARM.Collect$$libinit$$00000004  c_p.l(libinit2.o)
    0x0800014e   0x00000000   Code   RO         4132    .ARM.Collect$$libinit$$0000000A  c_p.l(libinit2.o)
    0x0800014e   0x00000000   Code   RO         4134    .ARM.Collect$$libinit$$0000000C  c_p.l(libinit2.o)
    0x0800014e   0x00000000   Code   RO         4136    .ARM.Collect$$libinit$$0000000E  c_p.l(libinit2.o)
    0x0800014e   0x00000006   Code   RO         4137    .ARM.Collect$$libinit$$0000000F  c_p.l(libinit2.o)
    0x08000154   0x00000000   Code   RO         4139    .ARM.Collect$$libinit$$00000011  c_p.l(libinit2.o)
    0x08000154   0x00000000   Code   RO         4141    .ARM.Collect$$libinit$$00000013  c_p.l(libinit2.o)
    0x08000154   0x00000000   Code   RO         4143    .ARM.Collect$$libinit$$00000015  c_p.l(libinit2.o)
    0x08000154   0x0000000a   Code   RO         4144    .ARM.Collect$$libinit$$00000016  c_p.l(libinit2.o)
    0x0800015e   0x00000000   Code   RO         4145    .ARM.Collect$$libinit$$00000017  c_p.l(libinit2.o)
    0x0800015e   0x00000000   Code   RO         4147    .ARM.Collect$$libinit$$00000019  c_p.l(libinit2.o)
    0x0800015e   0x00000000   Code   RO         4149    .ARM.Collect$$libinit$$0000001B  c_p.l(libinit2.o)
    0x0800015e   0x00000000   Code   RO         4151    .ARM.Collect$$libinit$$0000001D  c_p.l(libinit2.o)
    0x0800015e   0x00000000   Code   RO         4153    .ARM.Collect$$libinit$$0000001F  c_p.l(libinit2.o)
    0x0800015e   0x00000000   Code   RO         4155    .ARM.Collect$$libinit$$00000021  c_p.l(libinit2.o)
    0x0800015e   0x00000000   Code   RO         4157    .ARM.Collect$$libinit$$00000023  c_p.l(libinit2.o)
    0x0800015e   0x00000000   Code   RO         4159    .ARM.Collect$$libinit$$00000025  c_p.l(libinit2.o)
    0x0800015e   0x00000000   Code   RO         4163    .ARM.Collect$$libinit$$0000002C  c_p.l(libinit2.o)
    0x0800015e   0x00000000   Code   RO         4165    .ARM.Collect$$libinit$$0000002E  c_p.l(libinit2.o)
    0x0800015e   0x00000000   Code   RO         4167    .ARM.Collect$$libinit$$00000030  c_p.l(libinit2.o)
    0x0800015e   0x00000000   Code   RO         4169    .ARM.Collect$$libinit$$00000032  c_p.l(libinit2.o)
    0x0800015e   0x00000002   Code   RO         4170    .ARM.Collect$$libinit$$00000033  c_p.l(libinit2.o)
    0x08000160   0x00000002   Code   RO         4222    .ARM.Collect$$libshutdown$$00000000  c_p.l(libshutdown.o)
    0x08000162   0x00000000   Code   RO         4241    .ARM.Collect$$libshutdown$$00000003  c_p.l(libshutdown2.o)
    0x08000162   0x00000000   Code   RO         4244    .ARM.Collect$$libshutdown$$00000006  c_p.l(libshutdown2.o)
    0x08000162   0x00000000   Code   RO         4247    .ARM.Collect$$libshutdown$$00000009  c_p.l(libshutdown2.o)
    0x08000162   0x00000000   Code   RO         4249    .ARM.Collect$$libshutdown$$0000000B  c_p.l(libshutdown2.o)
    0x08000162   0x00000000   Code   RO         4252    .ARM.Collect$$libshutdown$$0000000E  c_p.l(libshutdown2.o)
    0x08000162   0x00000002   Code   RO         4253    .ARM.Collect$$libshutdown$$0000000F  c_p.l(libshutdown2.o)
    0x08000164   0x00000000   Code   RO         4003    .ARM.Collect$$rtentry$$00000000  c_p.l(__rtentry.o)
    0x08000164   0x00000000   Code   RO         4056    .ARM.Collect$$rtentry$$00000002  c_p.l(__rtentry2.o)
    0x08000164   0x00000006   Code   RO         4068    .ARM.Collect$$rtentry$$00000004  c_p.l(__rtentry4.o)
    0x0800016a   0x00000000   Code   RO         4058    .ARM.Collect$$rtentry$$00000009  c_p.l(__rtentry2.o)
    0x0800016a   0x00000004   Code   RO         4059    .ARM.Collect$$rtentry$$0000000A  c_p.l(__rtentry2.o)
    0x0800016e   0x00000000   Code   RO         4061    .ARM.Collect$$rtentry$$0000000C  c_p.l(__rtentry2.o)
    0x0800016e   0x00000008   Code   RO         4062    .ARM.Collect$$rtentry$$0000000D  c_p.l(__rtentry2.o)
    0x08000176   0x00000002   Code   RO         4176    .ARM.Collect$$rtexit$$00000000  c_p.l(rtexit.o)
    0x08000178   0x00000000   Code   RO         4191    .ARM.Collect$$rtexit$$00000002  c_p.l(rtexit2.o)
    0x08000178   0x00000004   Code   RO         4192    .ARM.Collect$$rtexit$$00000003  c_p.l(rtexit2.o)
    0x0800017c   0x00000006   Code   RO         4193    .ARM.Collect$$rtexit$$00000004  c_p.l(rtexit2.o)
    0x08000182   0x00000002   PAD
    0x08000184   0x00000038   Code   RO            4    .text               startup_stm32f072.o
    0x080001bc   0x00000028   Code   RO         3902    .text               c_p.l(noretval__2sprintf.o)
    0x080001e4   0x0000004e   Code   RO         3906    .text               c_p.l(_printf_pad.o)
    0x08000232   0x0000010e   Code   RO         3916    .text               c_p.l(__printf_wp.o)
    0x08000340   0x00000044   Code   RO         3930    .text               c_p.l(strlen.o)
    0x08000384   0x00000040   Code   RO         3932    .text               c_p.l(rt_memclr.o)
    0x080003c4   0x00000088   Code   RO         3934    .text               c_p.l(strcmp.o)
    0x0800044c   0x0000015a   Code   RO         3936    .text               c_p.l(aeabi_sdiv.o)
    0x080005a6   0x00000006   Code   RO         3940    .text               c_p.l(heapauxi.o)
    0x080005ac   0x0000007c   Code   RO         3944    .text               fz_ps.l(d2f.o)
    0x08000628   0x00000358   Code   RO         3946    .text               fz_ps.l(daddsub.o)
    0x08000980   0x00000448   Code   RO         3948    .text               fz_ps.l(ddiv.o)
    0x08000dc8   0x0000006c   Code   RO         3951    .text               fz_ps.l(dfixi.o)
    0x08000e34   0x00000048   Code   RO         3953    .text               fz_ps.l(dfixui.o)
    0x08000e7c   0x00000058   Code   RO         3955    .text               fz_ps.l(dflti.o)
    0x08000ed4   0x00000248   Code   RO         3957    .text               fz_ps.l(dmul.o)
    0x0800111c   0x00000054   Code   RO         3959    .text               fz_ps.l(f2d.o)
    0x08001170   0x0000004c   Code   RO         3969    .text               fz_ps.l(ffixi.o)
    0x080011bc   0x0000005e   Code   RO         3971    .text               fz_ps.l(fflti.o)
    0x0800121a   0x00000016   Code   RO         4008    .text               c_p.l(_rserrno.o)
    0x08001230   0x00000414   Code   RO         4010    .text               c_p.l(_printf_fp_dec.o)
    0x08001644   0x00000030   Code   RO         4012    .text               c_p.l(_printf_char_common.o)
    0x08001674   0x0000000a   Code   RO         4014    .text               c_p.l(_sputc.o)
    0x0800167e   0x00000002   PAD
    0x08001680   0x00000060   Code   RO         4019    .text               fz_ps.l(dscalbn.o)
    0x080016e0   0x00000100   Code   RO         4021    .text               fz_ps.l(dsqrt.o)
    0x080017e0   0x00000064   Code   RO         4023    .text               fz_ps.l(fcmpin.o)
    0x08001844   0x00000008   Code   RO         4075    .text               c_p.l(rt_locale_intlibspace.o)
    0x0800184c   0x00000008   Code   RO         4080    .text               c_p.l(rt_errno_addr_intlibspace.o)
    0x08001854   0x0000007a   Code   RO         4082    .text               c_p.l(lludiv10.o)
    0x080018ce   0x00000002   PAD
    0x080018d0   0x00000088   Code   RO         4084    .text               c_p.l(_printf_fp_infnan.o)
    0x08001958   0x000000c8   Code   RO         4088    .text               c_p.l(bigflt0.o)
    0x08001a20   0x000004a8   Code   RO         4091    .text               c_p.l(btod.o)
    0x08001ec8   0x00000028   Code   RO         4098    .text               c_p.l(rtudiv10.o)
    0x08001ef0   0x00000030   Code   RO         4100    .text               fz_ps.l(cmpret.o)
    0x08001f20   0x00000010   Code   RO         4104    .text               fz_ps.l(fnan2.o)
    0x08001f30   0x00000008   Code   RO         4108    .text               c_p.l(libspace.o)
    0x08001f38   0x0000003e   Code   RO         4111    .text               c_p.l(sys_stackheap_outer.o)
    0x08001f76   0x0000000c   Code   RO         4114    .text               c_p.l(exit.o)
    0x08001f82   0x0000005e   Code   RO         4173    .text               fz_ps.l(retnan.o)
    0x08001fe0   0x0000000c   Code   RO         4188    .text               c_p.l(sys_exit.o)
    0x08001fec   0x00000002   Code   RO         4209    .text               c_p.l(use_no_semi.o)
    0x08001fee   0x00000000   Code   RO         4211    .text               c_p.l(indicate_semi.o)
    0x08001fee   0x00000090   Code   RO         1042    i.GPIO_Init         stm32f0xx_gpio.o
    0x0800207e   0x00000044   Code   RO         1043    i.GPIO_PinAFConfig  stm32f0xx_gpio.o
    0x080020c2   0x00000002   PAD
    0x080020c4   0x0000009c   Code   RO         3657    i.Get_Attitude      imu.o
    0x08002160   0x00000044   Code   RO         3704    i.HMC5883L_Save_Calib  hmc5883l.o
    0x080021a4   0x000000c8   Code   RO         3705    i.HMC5883L_Start_Calib  hmc5883l.o
    0x0800226c   0x00000004   Code   RO         3850    i.HardFault_Handler  stm32f0xx_it.o
    0x08002270   0x0000004c   Code   RO         3383    i.I2C_Configuration  i2c.o
    0x080022bc   0x00000054   Code   RO         3386    i.I2C_ReceiveByte   i2c.o
    0x08002310   0x00000054   Code   RO         3387    i.I2C_SendByte      i2c.o
    0x08002364   0x0000005c   Code   RO         3388    i.I2C_Start         i2c.o
    0x080023c0   0x00000034   Code   RO         3389    i.I2C_Stop          i2c.o
    0x080023f4   0x0000004c   Code   RO         3390    i.I2C_WaitAck       i2c.o
    0x08002440   0x0000000e   Code   RO         3392    i.I2C_delay         i2c.o
    0x0800244e   0x0000003c   Code   RO         3393    i.IIC_ADD_read      i2c.o
    0x0800248a   0x00000034   Code   RO         3394    i.IIC_ADD_write     i2c.o
    0x080024be   0x00000002   PAD
    0x080024c0   0x00000938   Code   RO         3658    i.IMUupdate         imu.o
    0x08002df8   0x000000bc   Code   RO         3706    i.Init_HMC5883L     hmc5883l.o
    0x08002eb4   0x000000b4   Code   RO         3571    i.KalmanFilter_x    mpu6050.o
    0x08002f68   0x000000b4   Code   RO         3572    i.KalmanFilter_y    mpu6050.o
    0x0800301c   0x000000b4   Code   RO         3573    i.KalmanFilter_z    mpu6050.o
    0x080030d0   0x0000003c   Code   RO         3353    i.LEDXToggle        led.o
    0x0800310c   0x00000070   Code   RO         3354    i.LED_GPIO_Config   led.o
    0x0800317c   0x0000002e   Code   RO         3574    i.LPF_1st           mpu6050.o
    0x080031aa   0x00000002   PAD
    0x080031ac   0x000000c4   Code   RO         3575    i.MPU_Acc_Offset    mpu6050.o
    0x08003270   0x000000d8   Code   RO         3576    i.MPU_Gyro_Offset   mpu6050.o
    0x08003348   0x0000005e   Code   RO         3577    i.MPU_Init          mpu6050.o
    0x080033a6   0x00000002   PAD
    0x080033a8   0x000000b0   Code   RO         3578    i.MPU_Read          mpu6050.o
    0x08003458   0x00000178   Code   RO         3579    i.MPU_Updata        mpu6050.o
    0x080035d0   0x00000120   Code   RO         3707    i.Multiple_Read_HMC5883L  hmc5883l.o
    0x080036f0   0x00000002   Code   RO         3851    i.NMI_Handler       stm32f0xx_it.o
    0x080036f2   0x00000002   PAD
    0x080036f4   0x00000070   Code   RO         1455    i.NVIC_Init         stm32f0xx_misc.o
    0x08003764   0x00000078   Code   RO         3472    i.NVIC_SetPriority  systick.o
    0x080037dc   0x00000002   Code   RO         3852    i.PendSV_Handler    stm32f0xx_it.o
    0x080037de   0x00000002   PAD
    0x080037e0   0x00000154   Code   RO         3580    i.Prepare_Data      mpu6050.o
    0x08003934   0x00000020   Code   RO         1562    i.RCC_AHBPeriphClockCmd  stm32f0xx_rcc.o
    0x08003954   0x00000020   Code   RO         1564    i.RCC_APB1PeriphClockCmd  stm32f0xx_rcc.o
    0x08003974   0x00000020   Code   RO         1566    i.RCC_APB2PeriphClockCmd  stm32f0xx_rcc.o
    0x08003994   0x000001f0   Code   RO         1576    i.RCC_GetClocksFreq  stm32f0xx_rcc.o
    0x08003b84   0x00000094   Code   RO         3793    i.ReceiveData       receivedata.o
    0x08003c18   0x00000002   Code   RO         3853    i.SVC_Handler       stm32f0xx_it.o
    0x08003c1a   0x00000002   PAD
    0x08003c1c   0x0000004c   Code   RO         3473    i.SYSTICK_Init      systick.o
    0x08003c68   0x000000d8   Code   RO           12    i.SetSysClock       system_stm32f0xx.o
    0x08003d40   0x00000018   Code   RO         3854    i.SysTick_Handler   stm32f0xx_it.o
    0x08003d58   0x0000007c   Code   RO           14    i.SystemInit        system_stm32f0xx.o
    0x08003dd4   0x00000054   Code   RO         3754    i.TIM2_Config       timer.o
    0x08003e28   0x000000a0   Code   RO         3755    i.TIM2_IRQHandler   timer.o
    0x08003ec8   0x00000006   Code   RO         2426    i.TIM_ClearITPendingBit  stm32f0xx_tim.o
    0x08003ece   0x00000002   PAD
    0x08003ed0   0x0000001c   Code   RO         2431    i.TIM_Cmd           stm32f0xx_tim.o
    0x08003eec   0x00000026   Code   RO         2452    i.TIM_GetITStatus   stm32f0xx_tim.o
    0x08003f12   0x00000014   Code   RO         2456    i.TIM_ITConfig      stm32f0xx_tim.o
    0x08003f26   0x00000002   PAD
    0x08003f28   0x0000007c   Code   RO         2504    i.TIM_TimeBaseInit  stm32f0xx_tim.o
    0x08003fa4   0x00000024   Code   RO         3507    i.UART_PutChar      usart.o
    0x08003fc8   0x0000001a   Code   RO         3508    i.UART_PutStr       usart.o
    0x08003fe2   0x00000002   PAD
    0x08003fe4   0x00000098   Code   RO         3509    i.USART1_Config     usart.o
    0x0800407c   0x00000044   Code   RO         3510    i.USART1_IRQHandler  usart.o
    0x080040c0   0x00000012   Code   RO         2987    i.USART_ClearITPendingBit  stm32f0xx_usart.o
    0x080040d2   0x00000018   Code   RO         2990    i.USART_Cmd         stm32f0xx_usart.o
    0x080040ea   0x00000014   Code   RO         2998    i.USART_GetFlagStatus  stm32f0xx_usart.o
    0x080040fe   0x0000004e   Code   RO         2999    i.USART_GetITStatus  stm32f0xx_usart.o
    0x0800414c   0x00000042   Code   RO         3001    i.USART_ITConfig    stm32f0xx_usart.o
    0x0800418e   0x00000002   PAD
    0x08004190   0x000000e8   Code   RO         3002    i.USART_Init        stm32f0xx_usart.o
    0x08004278   0x0000000a   Code   RO         3014    i.USART_ReceiveData  stm32f0xx_usart.o
    0x08004282   0x00000008   Code   RO         3019    i.USART_SendData    stm32f0xx_usart.o
    0x0800428a   0x00000030   Code   RO         4093    i.__ARM_common_ll_muluu  c_p.l(btod.o)
    0x080042ba   0x00000002   PAD
    0x080042bc   0x0000002c   Code   RO         4050    i.__ARM_fpclassify  m_ps.l(fpclassify.o)
    0x080042e8   0x000000ac   Code   RO         4052    i.__kernel_poly     m_ps.l(poly.o)
    0x08004394   0x0000000a   Code   RO         4037    i.__mathlib_dbl_infnan  m_ps.l(dunder.o)
    0x0800439e   0x00000008   Code   RO         4038    i.__mathlib_dbl_infnan2  m_ps.l(dunder.o)
    0x080043a6   0x00000010   Code   RO         4039    i.__mathlib_dbl_invalid  m_ps.l(dunder.o)
    0x080043b6   0x00000002   PAD
    0x080043b8   0x00000014   Code   RO         4042    i.__mathlib_dbl_underflow  m_ps.l(dunder.o)
    0x080043cc   0x0000000e   Code   RO         3918    i._is_digit         c_p.l(__printf_wp.o)
    0x080043da   0x00000002   PAD
    0x080043dc   0x00000274   Code   RO         3978    i.asin              m_ps.l(asin.o)
    0x08004650   0x0000021c   Code   RO         4027    i.atan              m_ps.l(atan.o)
    0x0800486c   0x00000178   Code   RO         3988    i.atan2             m_ps.l(atan2.o)
    0x080049e4   0x00000080   Code   RO         3794    i.commander         receivedata.o
    0x08004a64   0x00000014   Code   RO         3474    i.delay_ms          systick.o
    0x08004a78   0x00000048   Code   RO         3659    i.invSqrt           imu.o
    0x08004ac0   0x0000004c   Code   RO         3830    i.main              main.o
    0x08004b0c   0x00000088   Code   RO         3708    i.read_HMC5883L     hmc5883l.o
    0x08004b94   0x00000048   Code   RO         3996    i.sqrt              m_ps.l(sqrt.o)
    0x08004bdc   0x0000002c   Code   RO         4096    locale$$code        c_p.l(lc_numeric_c.o)
    0x08004c08   0x0000008c   Code   RO         3961    x$fpl$fadd          fz_ps.l(faddsub.o)
    0x08004c94   0x00000054   Code   RO         3967    x$fpl$feqf          fz_ps.l(feqf.o)
    0x08004ce8   0x000000b0   Code   RO         3973    x$fpl$fmul          fz_ps.l(fmul.o)
    0x08004d98   0x00000018   Code   RO         3962    x$fpl$frsb          fz_ps.l(faddsub.o)
    0x08004db0   0x000000d0   Code   RO         3963    x$fpl$fsub          fz_ps.l(faddsub.o)
    0x08004e80   0x00000010   Code   RO         3975    x$fpl$printf1       fz_ps.l(printf1.o)
    0x08004e90   0x00000000   Code   RO         4025    x$fpl$usenofp       fz_ps.l(usenofp.o)
    0x08004e90   0x00000080   Data   RO         3949    .constdata          fz_ps.l(ddiv.o)
    0x08004f10   0x00000050   Data   RO         3979    .constdata          m_ps.l(asin.o)
    0x08004f60   0x00000098   Data   RO         4028    .constdata          m_ps.l(atan.o)
    0x08004ff8   0x00000008   Data   RO         4054    .constdata          m_ps.l(qnan.o)
    0x08005000   0x00000094   Data   RO         4089    .constdata          c_p.l(bigflt0.o)
    0x08005094   0x00000020   Data   RO         4254    Region$$Table       anon$$obj.o
    0x080050b4   0x0000001c   Data   RO         4095    locale$$data        c_p.l(lc_numeric_c.o)


    Execution Region RW_IRAM1 (Base: 0x20000000, Size: 0x00000868, Max: 0x00004000, ABSOLUTE)

    Base Addr    Size         Type   Attr      Idx    E Section Name        Object

    0x20000000   0x00000014   Data   RW           15    .data               system_stm32f0xx.o
    0x20000014   0x00000010   Data   RW         1602    .data               stm32f0xx_rcc.o
    0x20000024   0x00000004   PAD
    0x20000028   0x0000003c   Data   RW         3582    .data               mpu6050.o
    0x20000064   0x0000001c   Data   RW         3661    .data               imu.o
    0x20000080   0x0000000a   Data   RW         3710    .data               hmc5883l.o
    0x2000008a   0x00000002   PAD
    0x2000008c   0x00000008   Data   RW         3758    .data               timer.o
    0x20000094   0x00000001   Data   RW         3796    .data               receivedata.o
    0x20000095   0x00000001   PAD
    0x20000096   0x00000002   Data   RW         3855    .data               stm32f0xx_it.o
    0x20000098   0x000000a8   Zero   RW         3581    .bss                mpu6050.o
    0x20000140   0x0000000c   Zero   RW         3660    .bss                imu.o
    0x2000014c   0x00000078   Zero   RW         3709    .bss                hmc5883l.o
    0x200001c4   0x00000030   Zero   RW         3757    .bss                timer.o
    0x200001f4   0x00000010   Zero   RW         3795    .bss                receivedata.o
    0x20000204   0x00000060   Zero   RW         4109    .bss                c_p.l(libspace.o)
    0x20000264   0x00000004   PAD
    0x20000268   0x00000200   Zero   RW            2    HEAP                startup_stm32f072.o
    0x20000468   0x00000400   Zero   RW            1    STACK               startup_stm32f072.o


==============================================================================

Image component sizes


      Code (inc. data)   RO Data    RW Data    ZI Data      Debug   Object Name

       880         52          0         10        120       4948   hmc5883l.o
       590         32          0          0          0       4619   i2c.o
      2588         82          0         28         12       3351   imu.o
       172         12          0          0          0       1015   led.o
        76         14          0          0          0        467   main.o
      1984        122          0         60        168       9491   mpu6050.o
       276         40          0          1         16       1815   receivedata.o
        56         26        192          0       1536        760   startup_stm32f072.o
       212          0          0          0          0       1943   stm32f0xx_gpio.o
        34          4          0          2          0       2339   stm32f0xx_it.o
       112          6          0          0          0       1048   stm32f0xx_misc.o
       592         40          0         16          0       3898   stm32f0xx_rcc.o
       216         38          0          0          0       3874   stm32f0xx_tim.o
       456         18          0          0          0       6427   stm32f0xx_usart.o
       340         24          0         20          0     198837   system_stm32f0xx.o
       216         28          0          0          0       7250   systick.o
       244         44          0          8         48       1747   timer.o
       282         22          0          0          0       2625   usart.o

    ----------------------------------------------------------------------
      9348        604        224        152       1900     256454   Object Totals
         0          0         32          0          0          0   (incl. Generated)
        22          0          0          7          0          0   (incl. Padding)

    ----------------------------------------------------------------------

      Code (inc. data)   RO Data    RW Data    ZI Data      Debug   Library Member Name

         8          0          0          0          0         68   __main.o
       284          0          0          0          0        136   __printf_wp.o
         0          0          0          0          0          0   __rtentry.o
        12          0          0          0          0          0   __rtentry2.o
         6          0          0          0          0          0   __rtentry4.o
        60          8          0          0          0          0   __scatter.o
        26          0          0          0          0          0   __scatter_copy.o
        28          0          0          0          0          0   __scatter_zi.o
        48          6          0          0          0         88   _printf_char_common.o
        10          0          0          0          0          0   _printf_f.o
      1044         14          0          0          0        176   _printf_fp_dec.o
       136         16          0          0          0         76   _printf_fp_infnan.o
        78          0          0          0          0        100   _printf_pad.o
         2          0          0          0          0          0   _printf_percent.o
         4          0          0          0          0          0   _printf_percent_end.o
        22          0          0          0          0         92   _rserrno.o
        10          0          0          0          0         60   _sputc.o
       346          0          0          0          0         92   aeabi_sdiv.o
       200          4        148          0          0         80   bigflt0.o
      1240         12          0          0          0        316   btod.o
        12          0          0          0          0         64   exit.o
         6          0          0          0          0        136   heapauxi.o
         0          0          0          0          0          0   indicate_semi.o
        44         10         28          0          0         76   lc_numeric_c.o
         2          0          0          0          0          0   libinit.o
        18          0          0          0          0          0   libinit2.o
         2          0          0          0          0          0   libshutdown.o
         2          0          0          0          0          0   libshutdown2.o
         8          4          0          0         96         68   libspace.o
       122          0          0          0          0         72   lludiv10.o
        40          4          0          0          0         84   noretval__2sprintf.o
         8          4          0          0          0         68   rt_errno_addr_intlibspace.o
         8          4          0          0          0         68   rt_locale_intlibspace.o
        64          0          0          0          0        108   rt_memclr.o
         2          0          0          0          0          0   rtexit.o
        10          0          0          0          0          0   rtexit2.o
        40          0          0          0          0         60   rtudiv10.o
       136          4          0          0          0         72   strcmp.o
        68          6          0          0          0         72   strlen.o
        12          4          0          0          0         60   sys_exit.o
        62          0          0          0          0         80   sys_stackheap_outer.o
         2          0          0          0          0         68   use_no_semi.o
        48          4          0          0          0         60   cmpret.o
       124          4          0          0          0         72   d2f.o
       856         20          0          0          0        208   daddsub.o
      1096         26        128          0          0        112   ddiv.o
       108         10          0          0          0         72   dfixi.o
        72          4          0          0          0         68   dfixui.o
        88          0          0          0          0         92   dflti.o
       584         26          0          0          0         84   dmul.o
        96         12          0          0          0         72   dscalbn.o
       256          8          0          0          0         76   dsqrt.o
        84          4          0          0          0         60   f2d.o
       372          8          0          0          0        240   faddsub.o
       100          4          0          0          0         68   fcmpin.o
        84          4          0          0          0         76   feqf.o
        76          0          0          0          0         68   ffixi.o
        94          0          0          0          0         92   fflti.o
       176          4          0          0          0         80   fmul.o
        16          6          0          0          0         68   fnan2.o
        16          4          0          0          0         76   printf1.o
        94          0          0          0          0         68   retnan.o
         0          0          0          0          0          0   usenofp.o
       628         54         80          0          0        104   asin.o
       540         68        152          0          0        112   atan.o
       376         42          0          0          0        144   atan2.o
        54          6          0          0          0        272   dunder.o
        44          4          0          0          0         60   fpclassify.o
       172          0          0          0          0         76   poly.o
         0          0          8          0          0          0   qnan.o
        72          6          0          0          0         76   sqrt.o

    ----------------------------------------------------------------------
     10572        428        544          0        100       5096   Library Totals
        14          0          0          0          4          0   (incl. Padding)

    ----------------------------------------------------------------------

      Code (inc. data)   RO Data    RW Data    ZI Data      Debug   Library Name

      4232        100        176          0         96       2440   c_p.l
      4440        148        128          0          0       1812   fz_ps.l
      1886        180        240          0          0        844   m_ps.l

    ----------------------------------------------------------------------
     10572        428        544          0        100       5096   Library Totals

    ----------------------------------------------------------------------

==============================================================================


      Code (inc. data)   RO Data    RW Data    ZI Data      Debug   

     19920       1032        768        152       2000     256142   Grand Totals
     19920       1032        768        152       2000     256142   ELF Image Totals
     19920       1032        768        152          0          0   ROM Totals

==============================================================================

    Total RO  Size (Code + RO Data)                20688 (  20.20kB)
    Total RW  Size (RW Data + ZI Data)              2152 (   2.10kB)
    Total ROM Size (Code + RO Data + RW Data)      20840 (  20.35kB)

==============================================================================

